ARM Linker, 5.03 [Build 76] [MDK-ARM Lite]

==============================================================================

Section Cross References

    main.o(.text) refers to system_stm32f4xx.o(.text) for SystemInit
    main.o(.text) refers to delay.o(.text) for delay_init
    main.o(.text) refers to led.o(.text) for LED_Init
    main.o(.text) refers to remote.o(.text) for Remote_Config
    main.o(.text) refers to can2.o(.text) for CAN2_Configuration
    main.o(.text) refers to usart3.o(.text) for USART3_Configuration
    main.o(.text) refers to wheel_speed.o(.text) for Wheel_Speed_control
    main.o(.text) refers to clock.o(.text) for TIM4_Int_Init
    main.o(.text) refers to mpu6050_driver.o(.text) for MPU6050_Initialize
    main.o(.text) refers to mpu6050_interrupt.o(.text) for MPU6050_IntConfiguration
    main.o(.text) refers to main.o(.data) for system_micrsecond
    remote.o(.text) refers to stm32f4xx_rcc.o(.text) for RCC_AHB1PeriphClockCmd
    remote.o(.text) refers to stm32f4xx_gpio.o(.text) for GPIO_PinAFConfig
    remote.o(.text) refers to stm32f4xx_usart.o(.text) for USART_DeInit
    remote.o(.text) refers to misc.o(.text) for NVIC_PriorityGroupConfig
    remote.o(.text) refers to stm32f4xx_dma.o(.text) for DMA_DeInit
    remote.o(.text) refers to remote.o(.bss) for sbus_rx_buffer
    remote.o(.text) refers to remote.o(.data) for Remote_flag
    can2.o(.text) refers to stm32f4xx_rcc.o(.text) for RCC_AHB1PeriphClockCmd
    can2.o(.text) refers to stm32f4xx_gpio.o(.text) for GPIO_PinAFConfig
    can2.o(.text) refers to misc.o(.text) for NVIC_Init
    can2.o(.text) refers to stm32f4xx_can.o(.text) for CAN_DeInit
    can2.o(.text) refers to wheel_speed.o(.bss) for Four_Wheel_Info
    can2.o(.text) refers to can2.o(.data) for odm
    stm32f4xx_tim.o(.text) refers to stm32f4xx_rcc.o(.text) for RCC_APB2PeriphResetCmd
    stm32f4xx_adc.o(.text) refers to stm32f4xx_rcc.o(.text) for RCC_APB2PeriphResetCmd
    stm32f4xx_rcc.o(.text) refers to stm32f4xx_rcc.o(.data) for APBAHBPrescTable
    stm32f4xx_can.o(.text) refers to stm32f4xx_rcc.o(.text) for RCC_APB1PeriphResetCmd
    stm32f4xx_gpio.o(.text) refers to stm32f4xx_rcc.o(.text) for RCC_AHB1PeriphResetCmd
    stm32f4xx_usart.o(.text) refers to stm32f4xx_rcc.o(.text) for RCC_APB2PeriphResetCmd
    stm32f4xx_syscfg.o(.text) refers to stm32f4xx_rcc.o(.text) for RCC_APB2PeriphResetCmd
    system_stm32f4xx.o(.text) refers to system_stm32f4xx.o(.data) for SystemCoreClock
    startup_stm32f4xx.o(RESET) refers to startup_stm32f4xx.o(STACK) for __initial_sp
    startup_stm32f4xx.o(RESET) refers to startup_stm32f4xx.o(.text) for Reset_Handler
    startup_stm32f4xx.o(RESET) refers to stm32f4xx_it.o(.text) for NMI_Handler
    startup_stm32f4xx.o(RESET) refers to mpu6050_interrupt.o(.text) for EXTI4_IRQHandler
    startup_stm32f4xx.o(RESET) refers to usart3.o(.text) for DMA1_Stream1_IRQHandler
    startup_stm32f4xx.o(RESET) refers to clock.o(.text) for TIM4_IRQHandler
    startup_stm32f4xx.o(RESET) refers to can2.o(.text) for CAN2_RX0_IRQHandler
    startup_stm32f4xx.o(RESET) refers to remote.o(.text) for DMA2_Stream5_IRQHandler
    startup_stm32f4xx.o(.text) refers to system_stm32f4xx.o(.text) for SystemInit
    startup_stm32f4xx.o(.text) refers to entry.o(.ARM.Collect$$$$00000000) for __main
    led.o(.text) refers to stm32f4xx_rcc.o(.text) for RCC_AHB1PeriphClockCmd
    led.o(.text) refers to stm32f4xx_gpio.o(.text) for GPIO_Init
    usart3.o(.text) refers to stm32f4xx_rcc.o(.text) for RCC_AHB1PeriphClockCmd
    usart3.o(.text) refers to stm32f4xx_gpio.o(.text) for GPIO_PinAFConfig
    usart3.o(.text) refers to stm32f4xx_usart.o(.text) for USART_DeInit
    usart3.o(.text) refers to misc.o(.text) for NVIC_PriorityGroupConfig
    usart3.o(.text) refers to stm32f4xx_dma.o(.text) for DMA_DeInit
    usart3.o(.text) refers to f2d.o(.text) for __aeabi_f2d
    usart3.o(.text) refers to ddiv.o(.text) for __aeabi_ddiv
    usart3.o(.text) refers to dmul.o(.text) for __aeabi_dmul
    usart3.o(.text) refers to d2f.o(.text) for __aeabi_d2f
    usart3.o(.text) refers to usart3.o(.bss) for rx_buffer
    usart3.o(.text) refers to usart3.o(.data) for rev_flag
    usart3.o(.text) refers to can2.o(.data) for odm
    usart3.o(.text) refers to imu.o(.data) for yaw_angle
    delay.o(.text) refers to misc.o(.text) for SysTick_CLKSourceConfig
    delay.o(.text) refers to delay.o(.data) for fac_us
    clock.o(.text) refers to stm32f4xx_rcc.o(.text) for RCC_APB1PeriphClockCmd
    clock.o(.text) refers to stm32f4xx_tim.o(.text) for TIM_TimeBaseInit
    clock.o(.text) refers to misc.o(.text) for NVIC_PriorityGroupConfig
    clock.o(.text) refers to f2d.o(.text) for __aeabi_f2d
    clock.o(.text) refers to dmul.o(.text) for __aeabi_dmul
    clock.o(.text) refers to d2f.o(.text) for __aeabi_d2f
    clock.o(.text) refers to usart3.o(.text) for send_odm_msg
    clock.o(.text) refers to chassis_control.o(.text) for Usart_Chassis_Control
[...]
    depilogue.o(.text) refers to llshl.o(.text) for __aeabi_llsl
    depilogue.o(.text) refers to llushr.o(.text) for __aeabi_llsr
    dsqrt.o(.text) refers to llushr.o(.text) for __aeabi_llsr
    dsqrt.o(.text) refers to depilogue.o(.text) for _double_round
    init.o(.text) refers to entry5.o(.ARM.Collect$$$$00000004) for __main_after_scatterload


==============================================================================

Removing Unused input sections from the image.

    Removing main.o(.rev16_text), (4 bytes).
    Removing main.o(.revsh_text), (4 bytes).
    Removing stm32f4xx_it.o(.rev16_text), (4 bytes).
    Removing stm32f4xx_it.o(.revsh_text), (4 bytes).
    Removing remote.o(.rev16_text), (4 bytes).
    Removing remote.o(.revsh_text), (4 bytes).
    Removing can2.o(.rev16_text), (4 bytes).
    Removing can2.o(.revsh_text), (4 bytes).
    Removing can2.o(.bss), (40 bytes).
    Removing misc.o(.rev16_text), (4 bytes).
    Removing misc.o(.revsh_text), (4 bytes).
    Removing stm32f4xx_tim.o(.rev16_text), (4 bytes).
    Removing stm32f4xx_tim.o(.revsh_text), (4 bytes).
    Removing stm32f4xx_adc.o(.rev16_text), (4 bytes).
    Removing stm32f4xx_adc.o(.revsh_text), (4 bytes).
    Removing stm32f4xx_adc.o(.text), (1136 bytes).
    Removing stm32f4xx_rcc.o(.rev16_text), (4 bytes).
    Removing stm32f4xx_rcc.o(.revsh_text), (4 bytes).
    Removing stm32f4xx_can.o(.rev16_text), (4 bytes).
    Removing stm32f4xx_can.o(.revsh_text), (4 bytes).
    Removing stm32f4xx_exti.o(.rev16_text), (4 bytes).
    Removing stm32f4xx_exti.o(.revsh_text), (4 bytes).
    Removing stm32f4xx_gpio.o(.rev16_text), (4 bytes).
    Removing stm32f4xx_gpio.o(.revsh_text), (4 bytes).
    Removing stm32f4xx_dma.o(.rev16_text), (4 bytes).
    Removing stm32f4xx_dma.o(.revsh_text), (4 bytes).
    Removing stm32f4xx_usart.o(.rev16_text), (4 bytes).
    Removing stm32f4xx_usart.o(.revsh_text), (4 bytes).
    Removing stm32f4xx_syscfg.o(.rev16_text), (4 bytes).
    Removing stm32f4xx_syscfg.o(.revsh_text), (4 bytes).
    Removing system_stm32f4xx.o(.rev16_text), (4 bytes).
    Removing system_stm32f4xx.o(.revsh_text), (4 bytes).
    Removing startup_stm32f4xx.o(HEAP), (512 bytes).
    Removing led.o(.rev16_text), (4 bytes).
    Removing led.o(.revsh_text), (4 bytes).
    Removing usart3.o(.rev16_text), (4 bytes).
    Removing usart3.o(.revsh_text), (4 bytes).
    Removing sys.o(.rev16_text), (4 bytes).
    Removing sys.o(.revsh_text), (4 bytes).
    Removing sys.o(.emb_text), (16 bytes).
    Removing delay.o(.rev16_text), (4 bytes).
    Removing delay.o(.revsh_text), (4 bytes).
    Removing clock.o(.rev16_text), (4 bytes).
    Removing clock.o(.revsh_text), (4 bytes).
    Removing imu.o(.rev16_text), (4 bytes).
    Removing imu.o(.revsh_text), (4 bytes).
    Removing mpu6050_driver.o(.rev16_text), (4 bytes).
    Removing mpu6050_driver.o(.revsh_text), (4 bytes).
    Removing mpu6050_i2c.o(.rev16_text), (4 bytes).
    Removing mpu6050_i2c.o(.revsh_text), (4 bytes).
    Removing mpu6050_interrupt.o(.rev16_text), (4 bytes).
    Removing mpu6050_interrupt.o(.revsh_text), (4 bytes).
    Removing chassis_control.o(.rev16_text), (4 bytes).
    Removing chassis_control.o(.revsh_text), (4 bytes).
    Removing wheel_speed.o(.rev16_text), (4 bytes).
    Removing wheel_speed.o(.revsh_text), (4 bytes).
    Removing dneg.o(.text), (6 bytes).

57 unused section(s) (total 1918 bytes) removed from the image.

==============================================================================

Image Symbol Table

    Local Symbols

    Symbol Name                              Value     Ov Type        Size  Object(Section)

    ../clib/../cmprslib/zerorunl2.c          0x00000000   Number         0  __dczerorl2.o ABSOLUTE
    ../clib/microlib/errno.c                 0x00000000   Number         0  errno.o ABSOLUTE
    ../clib/microlib/init/entry.s            0x00000000   Number         0  entry9b.o ABSOLUTE
    ../clib/microlib/init/entry.s            0x00000000   Number         0  entry10a.o ABSOLUTE
    ../clib/microlib/init/entry.s            0x00000000   Number         0  entry10b.o ABSOLUTE
    ../clib/microlib/init/entry.s            0x00000000   Number         0  entry11b.o ABSOLUTE
    ../clib/microlib/init/entry.s            0x00000000   Number         0  entry2.o ABSOLUTE
    ../clib/microlib/init/entry.s            0x00000000   Number         0  entry5.o ABSOLUTE
    ../clib/microlib/init/entry.s            0x00000000   Number         0  entry7a.o ABSOLUTE
    ../clib/microlib/init/entry.s            0x00000000   Number         0  entry7b.o ABSOLUTE
    ../clib/microlib/init/entry.s            0x00000000   Number         0  entry8a.o ABSOLUTE
    ../clib/microlib/init/entry.s            0x00000000   Number         0  entry8b.o ABSOLUTE
    ../clib/microlib/init/entry.s            0x00000000   Number         0  entry11a.o ABSOLUTE
    ../clib/microlib/init/entry.s            0x00000000   Number         0  entry9a.o ABSOLUTE
    ../clib/microlib/init/entry.s            0x00000000   Number         0  entry.o ABSOLUTE
    ../clib/microlib/longlong.c              0x00000000   Number         0  llshl.o ABSOLUTE
    ../clib/microlib/longlong.c              0x00000000   Number         0  llushr.o ABSOLUTE
    ../clib/microlib/longlong.c              0x00000000   Number         0  llsshr.o ABSOLUTE
    ../clib/microlib/stubs.s                 0x00000000   Number         0  iusefp.o ABSOLUTE
    ../fplib/microlib/d2f.c                  0x00000000   Number         0  d2f.o ABSOLUTE
    ../fplib/microlib/f2d.c                  0x00000000   Number         0  f2d.o ABSOLUTE
    ../fplib/microlib/fpadd.c                0x00000000   Number         0  dadd.o ABSOLUTE
    ../fplib/microlib/fpdiv.c                0x00000000   Number         0  ddiv.o ABSOLUTE
    ../fplib/microlib/fpepilogue.c           0x00000000   Number         0  fepilogue.o ABSOLUTE
    ../fplib/microlib/fpepilogue.c           0x00000000   Number         0  depilogue.o ABSOLUTE
    ../fplib/microlib/fpfix.c                0x00000000   Number         0  dfixi.o ABSOLUTE
    ../fplib/microlib/fpflt.c                0x00000000   Number         0  dflti.o ABSOLUTE
    ../fplib/microlib/fpmul.c                0x00000000   Number         0  dmul.o ABSOLUTE
    ../fplib/microlib/fpneg.c                0x00000000   Number         0  dneg.o ABSOLUTE
    ../fplib/microlib/fpsqrt.c               0x00000000   Number         0  dsqrt.o ABSOLUTE
    ../mathlib/asin.c                        0x00000000   Number         0  asin_x.o ABSOLUTE
    ../mathlib/asin.c                        0x00000000   Number         0  asin.o ABSOLUTE
    ../mathlib/atan.c                        0x00000000   Number         0  atan.o ABSOLUTE
    ../mathlib/atan.c                        0x00000000   Number         0  atan_x.o ABSOLUTE
    ../mathlib/atan2.c                       0x00000000   Number         0  atan2.o ABSOLUTE
    ../mathlib/atan2.c                       0x00000000   Number         0  atan2_x.o ABSOLUTE
    ../mathlib/dunder.c                      0x00000000   Number         0  dunder.o ABSOLUTE
    ../mathlib/fabs.c                        0x00000000   Number         0  fabs.o ABSOLUTE
    ../mathlib/fpclassify.c                  0x00000000   Number         0  fpclassify.o ABSOLUTE
    ../mathlib/poly.c                        0x00000000   Number         0  poly.o ABSOLUTE
    ../mathlib/qnan.c                        0x00000000   Number         0  qnan.o ABSOLUTE
    ../mathlib/sqrt.c                        0x00000000   Number         0  sqrt.o ABSOLUTE
    ../mathlib/sqrt.c                        0x00000000   Number         0  sqrt_x.o ABSOLUTE
    ..\Libraries\misc.c                      0x00000000   Number         0  misc.o ABSOLUTE
    ..\Libraries\startup_stm32f4xx.s         0x00000000   Number         0  startup_stm32f4xx.o ABSOLUTE
    ..\Libraries\stm32f4xx_adc.c             0x00000000   Number         0  stm32f4xx_adc.o ABSOLUTE
    ..\Libraries\stm32f4xx_can.c             0x00000000   Number         0  stm32f4xx_can.o ABSOLUTE
    ..\Libraries\stm32f4xx_dma.c             0x00000000   Number         0  stm32f4xx_dma.o ABSOLUTE
    ..\Libraries\stm32f4xx_exti.c            0x00000000   Number         0  stm32f4xx_exti.o ABSOLUTE
    ..\Libraries\stm32f4xx_gpio.c            0x00000000   Number         0  stm32f4xx_gpio.o ABSOLUTE
    ..\Libraries\stm32f4xx_rcc.c             0x00000000   Number         0  stm32f4xx_rcc.o ABSOLUTE
    ..\Libraries\stm32f4xx_syscfg.c          0x00000000   Number         0  stm32f4xx_syscfg.o ABSOLUTE
    ..\Libraries\stm32f4xx_tim.c             0x00000000   Number         0  stm32f4xx_tim.o ABSOLUTE
    ..\Libraries\stm32f4xx_usart.c           0x00000000   Number         0  stm32f4xx_usart.o ABSOLUTE
    ..\Libraries\system_stm32f4xx.c          0x00000000   Number         0  system_stm32f4xx.o ABSOLUTE
    ..\User\CAN2.c                           0x00000000   Number         0  can2.o ABSOLUTE
    ..\User\Chassis_Control.c                0x00000000   Number         0  chassis_control.o ABSOLUTE
    ..\User\Remote.c                         0x00000000   Number         0  remote.o ABSOLUTE
    ..\User\USART3.c                         0x00000000   Number         0  usart3.o ABSOLUTE
    ..\User\Wheel_Speed.c                    0x00000000   Number         0  wheel_speed.o ABSOLUTE
    ..\User\clock.c                          0x00000000   Number         0  clock.o ABSOLUTE
    ..\User\delay.c                          0x00000000   Number         0  delay.o ABSOLUTE
    ..\User\imu.c                            0x00000000   Number         0  imu.o ABSOLUTE
    ..\User\led.c                            0x00000000   Number         0  led.o ABSOLUTE
    ..\User\main.c                           0x00000000   Number         0  main.o ABSOLUTE
    ..\User\mpu6050_driver.c                 0x00000000   Number         0  mpu6050_driver.o ABSOLUTE
    ..\User\mpu6050_i2c.c                    0x00000000   Number         0  mpu6050_i2c.o ABSOLUTE
    ..\User\mpu6050_interrupt.c              0x00000000   Number         0  mpu6050_interrupt.o ABSOLUTE
    ..\User\stm32f4xx_it.c                   0x00000000   Number         0  stm32f4xx_it.o ABSOLUTE
    ..\User\sys.c                            0x00000000   Number         0  sys.o ABSOLUTE
    ..\\Libraries\\misc.c                    0x00000000   Number         0  misc.o ABSOLUTE
    ..\\Libraries\\stm32f4xx_adc.c           0x00000000   Number         0  stm32f4xx_adc.o ABSOLUTE
    ..\\Libraries\\stm32f4xx_can.c           0x00000000   Number         0  stm32f4xx_can.o ABSOLUTE
    ..\\Libraries\\stm32f4xx_dma.c           0x00000000   Number         0  stm32f4xx_dma.o ABSOLUTE
    ..\\Libraries\\stm32f4xx_exti.c          0x00000000   Number         0  stm32f4xx_exti.o ABSOLUTE
    ..\\Libraries\\stm32f4xx_gpio.c          0x00000000   Number         0  stm32f4xx_gpio.o ABSOLUTE
    ..\\Libraries\\stm32f4xx_rcc.c           0x00000000   Number         0  stm32f4xx_rcc.o ABSOLUTE
    ..\\Libraries\\stm32f4xx_syscfg.c        0x00000000   Number         0  stm32f4xx_syscfg.o ABSOLUTE
    ..\\Libraries\\stm32f4xx_tim.c           0x00000000   Number         0  stm32f4xx_tim.o ABSOLUTE
    ..\\Libraries\\stm32f4xx_usart.c         0x00000000   Number         0  stm32f4xx_usart.o ABSOLUTE
    ..\\Libraries\\system_stm32f4xx.c        0x00000000   Number         0  system_stm32f4xx.o ABSOLUTE
    ..\\User\\CAN2.c                         0x00000000   Number         0  can2.o ABSOLUTE
    ..\\User\\Chassis_Control.c              0x00000000   Number         0  chassis_control.o ABSOLUTE
    ..\\User\\Remote.c                       0x00000000   Number         0  remote.o ABSOLUTE
    ..\\User\\USART3.c                       0x00000000   Number         0  usart3.o ABSOLUTE
    ..\\User\\Wheel_Speed.c                  0x00000000   Number         0  wheel_speed.o ABSOLUTE
    ..\\User\\clock.c                        0x00000000   Number         0  clock.o ABSOLUTE
    ..\\User\\delay.c                        0x00000000   Number         0  delay.o ABSOLUTE
    ..\\User\\imu.c                          0x00000000   Number         0  imu.o ABSOLUTE
    ..\\User\\led.c                          0x00000000   Number         0  led.o ABSOLUTE
    ..\\User\\main.c                         0x00000000   Number         0  main.o ABSOLUTE
    ..\\User\\mpu6050_driver.c               0x00000000   Number         0  mpu6050_driver.o ABSOLUTE
    ..\\User\\mpu6050_i2c.c                  0x00000000   Number         0  mpu6050_i2c.o ABSOLUTE
    ..\\User\\mpu6050_interrupt.c            0x00000000   Number         0  mpu6050_interrupt.o ABSOLUTE
    ..\\User\\stm32f4xx_it.c                 0x00000000   Number         0  stm32f4xx_it.o ABSOLUTE
    ..\\User\\sys.c                          0x00000000   Number         0  sys.o ABSOLUTE
    cdcmple.s                                0x00000000   Number         0  cdcmple.o ABSOLUTE
    cdrcmple.s                               0x00000000   Number         0  cdrcmple.o ABSOLUTE
    dc.s                                     0x00000000   Number         0  dc.o ABSOLUTE
    handlers.s                               0x00000000   Number         0  handlers.o ABSOLUTE
    init.s                                   0x00000000   Number         0  init.o ABSOLUTE
    RESET                                    0x08000000   Section      392  startup_stm32f4xx.o(RESET)
    .ARM.Collect$$$$00000000                 0x08000188   Section        0  entry.o(.ARM.Collect$$$$00000000)
    .ARM.Collect$$$$00000001                 0x08000188   Section        4  entry2.o(.ARM.Collect$$$$00000001)
    .ARM.Collect$$$$00000004                 0x0800018c   Section        4  entry5.o(.ARM.Collect$$$$00000004)
    .ARM.Collect$$$$00000008                 0x08000190   Section        0  entry7b.o(.ARM.Collect$$$$00000008)
    .ARM.Collect$$$$0000000A                 0x08000190   Section        0  entry8b.o(.ARM.Collect$$$$0000000A)
    .ARM.Collect$$$$0000000B                 0x08000190   Section        8  entry9a.o(.ARM.Collect$$$$0000000B)
    .ARM.Collect$$$$0000000D                 0x08000198   Section        0  entry10a.o(.ARM.Collect$$$$0000000D)
    .ARM.Collect$$$$0000000F                 0x08000198   Section        0  entry11a.o(.ARM.Collect$$$$0000000F)
    .ARM.Collect$$$$00002712                 0x08000198   Section        4  entry2.o(.ARM.Collect$$$$00002712)
    __lit__00000000                          0x08000198   Data           4  entry2.o(.ARM.Collect$$$$00002712)
    .text                                    0x0800019c   Section        0  main.o(.text)
    .text                                    0x080001f0   Section        0  stm32f4xx_it.o(.text)
    .text                                    0x0800020c   Section        0  remote.o(.text)
    .text                                    0x08000430   Section        0  can2.o(.text)
    .text                                    0x080005e8   Section        0  misc.o(.text)
    .text                                    0x080006cc   Section        0  stm32f4xx_tim.o(.text)
    TI4_Config                               0x08000e6b   Thumb Code    80  stm32f4xx_tim.o(.text)
    TI3_Config                               0x08000ecd   Thumb Code    72  stm32f4xx_tim.o(.text)
    TI2_Config                               0x08000f2f   Thumb Code    90  stm32f4xx_tim.o(.text)
    TI1_Config                               0x08000f9b   Thumb Code    58  stm32f4xx_tim.o(.text)
    .text                                    0x08001370   Section        0  stm32f4xx_rcc.o(.text)
    .text                                    0x080018f8   Section        0  stm32f4xx_can.o(.text)
    CheckITStatus                            0x080020f9   Thumb Code    16  stm32f4xx_can.o(.text)
    .text                                    0x080022e0   Section        0  stm32f4xx_exti.o(.text)
    .text                                    0x080023fc   Section        0  stm32f4xx_gpio.o(.text)
    .text                                    0x08002658   Section        0  stm32f4xx_dma.o(.text)
    .text                                    0x080029fc   Section        0  stm32f4xx_usart.o(.text)
    .text                                    0x08002e18   Section        0  stm32f4xx_syscfg.o(.text)
    .text                                    0x08002ea4   Section        0  system_stm32f4xx.o(.text)
    SetSysClock                              0x08002ea5   Thumb Code   218  system_stm32f4xx.o(.text)
    .text                                    0x080030b0   Section       36  startup_stm32f4xx.o(.text)
    $v0                                      0x080030b0   Number         0  startup_stm32f4xx.o(.text)
    .text                                    0x080030d4   Section        0  led.o(.text)
    .text                                    0x08003170   Section        0  usart3.o(.text)
    .text                                    0x08003640   Section        0  delay.o(.text)
    .text                                    0x08003740   Section        0  clock.o(.text)
    .text                                    0x080039a4   Section        0  imu.o(.text)
    .text                                    0x08004928   Section        0  mpu6050_driver.o(.text)
    .text                                    0x080050c0   Section        0  mpu6050_i2c.o(.text)
    .text                                    0x08005408   Section        0  mpu6050_interrupt.o(.text)
    .text                                    0x080054ac   Section        0  chassis_control.o(.text)
    .text                                    0x08005a2c   Section        0  wheel_speed.o(.text)
    .text                                    0x08005c24   Section        0  dadd.o(.text)
    .text                                    0x08005d72   Section        0  dmul.o(.text)
    .text                                    0x08005e56   Section        0  ddiv.o(.text)
    .text                                    0x08005f34   Section        0  dflti.o(.text)
    .text                                    0x08005f56   Section        0  dfixi.o(.text)
    .text                                    0x08005f94   Section        0  f2d.o(.text)
    .text                                    0x08005fbc   Section       40  cdcmple.o(.text)
    .text                                    0x08005fe4   Section       40  cdrcmple.o(.text)
    .text                                    0x0800600c   Section        0  d2f.o(.text)
    .text                                    0x08006044   Section        0  llshl.o(.text)
    .text                                    0x08006062   Section        0  llushr.o(.text)
    .text                                    0x08006082   Section        0  llsshr.o(.text)
    .text                                    0x080060a6   Section        0  fepilogue.o(.text)
    .text                                    0x080060a6   Section        0  iusefp.o(.text)
    .text                                    0x08006112   Section        0  depilogue.o(.text)
    .text                                    0x080061d0   Section        0  dsqrt.o(.text)
    .text                                    0x08006274   Section       36  init.o(.text)
    .text                                    0x08006298   Section        0  __dczerorl2.o(.text)
    i.__ARM_fpclassify                       0x080062f4   Section        0  fpclassify.o(i.__ARM_fpclassify)
    i.__hardfp_asin                          0x08006328   Section        0  asin.o(i.__hardfp_asin)
    i.__hardfp_atan                          0x08006698   Section        0  atan.o(i.__hardfp_atan)
    i.__hardfp_atan2                         0x08006980   Section        0  atan2.o(i.__hardfp_atan2)
    i.__hardfp_fabs                          0x08006b60   Section        0  fabs.o(i.__hardfp_fabs)
    i.__hardfp_sqrt                          0x08006b74   Section        0  sqrt.o(i.__hardfp_sqrt)
    i.__kernel_poly                          0x08006bee   Section        0  poly.o(i.__kernel_poly)
    i.__mathlib_dbl_underflow                0x08006ce8   Section        0  dunder.o(i.__mathlib_dbl_underflow)
    i.__scatterload_copy                     0x08006d08   Section       14  handlers.o(i.__scatterload_copy)
    i.__scatterload_null                     0x08006d16   Section        2  handlers.o(i.__scatterload_null)
    i.__scatterload_zeroinit                 0x08006d18   Section       14  handlers.o(i.__scatterload_zeroinit)
    i.__set_errno                            0x08006d28   Section        0  errno.o(i.__set_errno)
    i.atan                                   0x08006d34   Section        0  atan.o(i.atan)
    i.fabs                                   0x08006d44   Section        0  fabs.o(i.fabs)
    i.sqrt                                   0x08006d64   Section        0  sqrt.o(i.sqrt)
    .constdata                               0x08006dd8   Section       80  asin.o(.constdata)
    pS                                       0x08006dd8   Data          48  asin.o(.constdata)
    qS                                       0x08006e08   Data          32  asin.o(.constdata)
    .constdata                               0x08006e28   Section      152  atan.o(.constdata)
    atanhi                                   0x08006e28   Data          32  atan.o(.constdata)
    atanlo                                   0x08006e48   Data          32  atan.o(.constdata)
    aTodd                                    0x08006e68   Data          40  atan.o(.constdata)
    aTeven                                   0x08006e90   Data          48  atan.o(.constdata)
    .constdata                               0x08006ec0   Section        8  qnan.o(.constdata)
    .data                                    0x20000000   Section        4  main.o(.data)
    .data                                    0x20000004   Section        4  remote.o(.data)
    .data                                    0x20000008   Section        8  can2.o(.data)
    .data                                    0x20000010   Section       16  stm32f4xx_rcc.o(.data)
    APBAHBPrescTable                         0x20000010   Data          16  stm32f4xx_rcc.o(.data)
    .data                                    0x20000020   Section       20  system_stm32f4xx.o(.data)
    .data                                    0x20000034   Section       52  usart3.o(.data)
    .data                                    0x20000068   Section        4  delay.o(.data)
    fac_us                                   0x20000068   Data           1  delay.o(.data)
    fac_ms                                   0x2000006a   Data           2  delay.o(.data)
    .data                                    0x2000006c   Section       28  clock.o(.data)
    i                                        0x20000078   Data           4  clock.o(.data)
    count                                    0x2000007c   Data           4  clock.o(.data)
    led_counter                              0x20000080   Data           4  clock.o(.data)
    .data                                    0x20000088   Section      116  imu.o(.data)
    yaw_count                                0x20000098   Data           4  imu.o(.data)
    gx                                       0x200000a8   Data           4  imu.o(.data)
    gy                                       0x200000ac   Data           4  imu.o(.data)
    gz                                       0x200000b0   Data           4  imu.o(.data)
    ax                                       0x200000b4   Data           4  imu.o(.data)
    ay                                       0x200000b8   Data           4  imu.o(.data)
    az                                       0x200000bc   Data           4  imu.o(.data)
    mx                                       0x200000c0   Data           4  imu.o(.data)
    my                                       0x200000c4   Data           4  imu.o(.data)
    mz                                       0x200000c8   Data           4  imu.o(.data)
    .data                                    0x200000fc   Section       36  mpu6050_driver.o(.data)
    .data                                    0x20000120   Section        1  mpu6050_interrupt.o(.data)
    .data                                    0x20000124   Section        8  chassis_control.o(.data)
    count                                    0x20000124   Data           4  chassis_control.o(.data)
    .data                                    0x2000012c   Section       25  wheel_speed.o(.data)
    num                                      0x20000144   Data           1  wheel_speed.o(.data)
    .data                                    0x20000148   Section        4  errno.o(.data)
    _errno                                   0x20000148   Data           4  errno.o(.data)
    .bss                                     0x2000014c   Section       38  remote.o(.bss)
    .bss                                     0x20000174   Section      610  usart3.o(.bss)
    .bss                                     0x200003d8   Section       64  imu.o(.bss)
    q                                        0x20000408   Data          16  imu.o(.bss)
    .bss                                     0x20000418   Section      344  mpu6050_driver.o(.bss)
    .bss                                     0x20000570   Section       40  chassis_control.o(.bss)
    .bss                                     0x20000598   Section      316  wheel_speed.o(.bss)
    STACK                                    0x200006d8   Section     1024  startup_stm32f4xx.o(STACK)

    Global Symbols

    Symbol Name                              Value     Ov Type        Size  Object(Section)

    BuildAttributes$$THM_ISAv4$E$P$D$K$B$S$7EM$VFPi3$EXTD16$VFPS$VFMA$PE$A:L22UL41UL21$X:L11$S22US41US21$IEEE1$IW$USESV6$~STKCKD$USESV7$~SHL$OTIME$ROPI$IEEEX$EBA8$MICROLIB$REQ8$PRES8$EABIv2 0x00000000   Number         0  anon$$obj.o ABSOLUTE
    __ARM_use_no_argv                        0x00000000   Number         0  main.o ABSOLUTE
    __cpp_initialize__aeabi_                  - Undefined Weak Reference
    __cxa_finalize                            - Undefined Weak Reference
    _clock_init                               - Undefined Weak Reference
    _microlib_exit                            - Undefined Weak Reference
    __Vectors_Size                           0x00000188   Number         0  startup_stm32f4xx.o ABSOLUTE
    __Vectors                                0x08000000   Data           4  startup_stm32f4xx.o(RESET)
    __Vectors_End                            0x08000188   Data           0  startup_stm32f4xx.o(RESET)
    __main                                   0x08000189   Thumb Code     0  entry.o(.ARM.Collect$$$$00000000)
    _main_stk                                0x08000189   Thumb Code     0  entry2.o(.ARM.Collect$$$$00000001)
    _main_scatterload                        0x0800018d   Thumb Code     0  entry5.o(.ARM.Collect$$$$00000004)
    __main_after_scatterload                 0x08000191   Thumb Code     0  entry5.o(.ARM.Collect$$$$00000004)
    _main_clock                              0x08000191   Thumb Code     0  entry7b.o(.ARM.Collect$$$$00000008)
    _main_cpp_init                           0x08000191   Thumb Code     0  entry8b.o(.ARM.Collect$$$$0000000A)
    _main_init                               0x08000191   Thumb Code     0  entry9a.o(.ARM.Collect$$$$0000000B)
    __rt_final_cpp                           0x08000199   Thumb Code     0  entry10a.o(.ARM.Collect$$$$0000000D)
    __rt_final_exit                          0x08000199   Thumb Code     0  entry11a.o(.ARM.Collect$$$$0000000F)
    main                                     0x0800019d   Thumb Code    80  main.o(.text)
    NMI_Handler                              0x080001f1   Thumb Code     2  stm32f4xx_it.o(.text)
    HardFault_Handler                        0x080001f3   Thumb Code     4  stm32f4xx_it.o(.text)
    MemManage_Handler                        0x080001f7   Thumb Code     4  stm32f4xx_it.o(.text)
    BusFault_Handler                         0x080001fb   Thumb Code     4  stm32f4xx_it.o(.text)
    UsageFault_Handler                       0x080001ff   Thumb Code     4  stm32f4xx_it.o(.text)
    SVC_Handler                              0x08000203   Thumb Code     2  stm32f4xx_it.o(.text)
    DebugMon_Handler                         0x08000205   Thumb Code     2  stm32f4xx_it.o(.text)
    PendSV_Handler                           0x08000207   Thumb Code     2  stm32f4xx_it.o(.text)
    SysTick_Handler                          0x08000209   Thumb Code     2  stm32f4xx_it.o(.text)
    Remote_Config                            0x0800020d   Thumb Code   268  remote.o(.text)
    DMA2_Stream5_IRQHandler                  0x08000319   Thumb Code   238  remote.o(.text)
    CAN2_Configuration                       0x08000431   Thumb Code   236  can2.o(.text)
    CAN2_RX0_IRQHandler                      0x0800051d   Thumb Code   186  can2.o(.text)
    NVIC_PriorityGroupConfig                 0x080005e9   Thumb Code    10  misc.o(.text)
    NVIC_Init                                0x080005f3   Thumb Code   108  misc.o(.text)
    NVIC_SetVectorTable                      0x0800065f   Thumb Code    14  misc.o(.text)
    NVIC_SystemLPConfig                      0x0800066d   Thumb Code    34  misc.o(.text)
    SysTick_CLKSourceConfig                  0x0800068f   Thumb Code    40  misc.o(.text)
    TIM_DeInit                               0x080006cd   Thumb Code   346  stm32f4xx_tim.o(.text)
    TIM_TimeBaseInit                         0x08000827   Thumb Code   104  stm32f4xx_tim.o(.text)
    TIM_TimeBaseStructInit                   0x0800088f   Thumb Code    18  stm32f4xx_tim.o(.text)
    TIM_PrescalerConfig                      0x080008a1   Thumb Code     6  stm32f4xx_tim.o(.text)
    TIM_CounterModeConfig                    0x080008a7   Thumb Code    18  stm32f4xx_tim.o(.text)
    TIM_SetCounter                           0x080008b9   Thumb Code     4  stm32f4xx_tim.o(.text)
    TIM_SetAutoreload                        0x080008bd   Thumb Code     4  stm32f4xx_tim.o(.text)
    TIM_GetCounter                           0x080008c1   Thumb Code     6  stm32f4xx_tim.o(.text)
    TIM_GetPrescaler                         0x080008c7   Thumb Code     6  stm32f4xx_tim.o(.text)
    TIM_UpdateDisableConfig                  0x080008cd   Thumb Code    24  stm32f4xx_tim.o(.text)
    TIM_UpdateRequestConfig                  0x080008e5   Thumb Code    24  stm32f4xx_tim.o(.text)
    TIM_ARRPreloadConfig                     0x080008fd   Thumb Code    24  stm32f4xx_tim.o(.text)
    TIM_SelectOnePulseMode                   0x08000915   Thumb Code    18  stm32f4xx_tim.o(.text)
    TIM_SetClockDivision                     0x08000927   Thumb Code    18  stm32f4xx_tim.o(.text)
    TIM_Cmd                                  0x08000939   Thumb Code    24  stm32f4xx_tim.o(.text)
    TIM_OC1Init                              0x08000951   Thumb Code   114  stm32f4xx_tim.o(.text)
    TIM_OC2Init                              0x080009c3   Thumb Code   154  stm32f4xx_tim.o(.text)
    TIM_OC3Init                              0x08000a5d   Thumb Code   204  stm32f4xx_tim.o(.text)
    TIM_OC4Init                              0x08000b29   Thumb Code   112  stm32f4xx_tim.o(.text)
    TIM_OCStructInit                         0x08000b99   Thumb Code    20  stm32f4xx_tim.o(.text)
    TIM_SelectOCxM                           0x08000bad   Thumb Code    86  stm32f4xx_tim.o(.text)
    TIM_SetCompare1                          0x08000c03   Thumb Code     4  stm32f4xx_tim.o(.text)
    TIM_SetCompare2                          0x08000c07   Thumb Code     4  stm32f4xx_tim.o(.text)
    TIM_SetCompare3                          0x08000c0b   Thumb Code     4  stm32f4xx_tim.o(.text)
    TIM_SetCompare4                          0x08000c0f   Thumb Code     4  stm32f4xx_tim.o(.text)
    TIM_ForcedOC1Config                      0x08000c13   Thumb Code    18  stm32f4xx_tim.o(.text)
    TIM_ForcedOC2Config                      0x08000c25   Thumb Code    26  stm32f4xx_tim.o(.text)
    TIM_ForcedOC3Config                      0x08000c3f   Thumb Code    18  stm32f4xx_tim.o(.text)
    TIM_ForcedOC4Config                      0x08000c51   Thumb Code    26  stm32f4xx_tim.o(.text)
    TIM_OC1PreloadConfig                     0x08000c6b   Thumb Code    18  stm32f4xx_tim.o(.text)
    TIM_OC2PreloadConfig                     0x08000c7d   Thumb Code    26  stm32f4xx_tim.o(.text)
    TIM_OC3PreloadConfig                     0x08000c97   Thumb Code    18  stm32f4xx_tim.o(.text)
    TIM_OC4PreloadConfig                     0x08000ca9   Thumb Code    26  stm32f4xx_tim.o(.text)
    TIM_OC1FastConfig                        0x08000cc3   Thumb Code    18  stm32f4xx_tim.o(.text)
    TIM_OC2FastConfig                        0x08000cd5   Thumb Code    26  stm32f4xx_tim.o(.text)
    TIM_OC3FastConfig                        0x08000cef   Thumb Code    18  stm32f4xx_tim.o(.text)
    TIM_OC4FastConfig                        0x08000d01   Thumb Code    26  stm32f4xx_tim.o(.text)
    TIM_ClearOC1Ref                          0x08000d1b   Thumb Code    18  stm32f4xx_tim.o(.text)
    TIM_ClearOC2Ref                          0x08000d2d   Thumb Code    24  stm32f4xx_tim.o(.text)
    TIM_ClearOC3Ref                          0x08000d45   Thumb Code    18  stm32f4xx_tim.o(.text)
    TIM_ClearOC4Ref                          0x08000d57   Thumb Code    24  stm32f4xx_tim.o(.text)
    TIM_OC1PolarityConfig                    0x08000d6f   Thumb Code    18  stm32f4xx_tim.o(.text)
    TIM_OC1NPolarityConfig                   0x08000d81   Thumb Code    18  stm32f4xx_tim.o(.text)
    TIM_OC2PolarityConfig                    0x08000d93   Thumb Code    26  stm32f4xx_tim.o(.text)
    TIM_OC2NPolarityConfig                   0x08000dad   Thumb Code    26  stm32f4xx_tim.o(.text)
    TIM_OC3PolarityConfig                    0x08000dc7   Thumb Code    26  stm32f4xx_tim.o(.text)
    TIM_OC3NPolarityConfig                   0x08000de1   Thumb Code    26  stm32f4xx_tim.o(.text)
    TIM_OC4PolarityConfig                    0x08000dfb   Thumb Code    26  stm32f4xx_tim.o(.text)
    TIM_CCxCmd                               0x08000e15   Thumb Code    30  stm32f4xx_tim.o(.text)
    TIM_CCxNCmd                              0x08000e33   Thumb Code    30  stm32f4xx_tim.o(.text)
    TIM_SetIC4Prescaler                      0x08000e51   Thumb Code    26  stm32f4xx_tim.o(.text)
    TIM_SetIC3Prescaler                      0x08000ebb   Thumb Code    18  stm32f4xx_tim.o(.text)
    TIM_SetIC2Prescaler                      0x08000f15   Thumb Code    26  stm32f4xx_tim.o(.text)
    TIM_SetIC1Prescaler                      0x08000f89   Thumb Code    18  stm32f4xx_tim.o(.text)
    TIM_ICInit                               0x08000fd5   Thumb Code   110  stm32f4xx_tim.o(.text)
    TIM_ICStructInit                         0x08001043   Thumb Code    18  stm32f4xx_tim.o(.text)
    TIM_PWMIConfig                           0x08001055   Thumb Code   124  stm32f4xx_tim.o(.text)
    TIM_GetCapture1                          0x080010d1   Thumb Code     6  stm32f4xx_tim.o(.text)
    TIM_GetCapture2                          0x080010d7   Thumb Code     6  stm32f4xx_tim.o(.text)
    TIM_GetCapture3                          0x080010dd   Thumb Code     6  stm32f4xx_tim.o(.text)
    TIM_GetCapture4                          0x080010e3   Thumb Code     6  stm32f4xx_tim.o(.text)
    TIM_BDTRConfig                           0x080010e9   Thumb Code    32  stm32f4xx_tim.o(.text)
    TIM_BDTRStructInit                       0x08001109   Thumb Code    18  stm32f4xx_tim.o(.text)
    TIM_CtrlPWMOutputs                       0x0800111b   Thumb Code    30  stm32f4xx_tim.o(.text)
    TIM_SelectCOM                            0x08001139   Thumb Code    24  stm32f4xx_tim.o(.text)
    TIM_CCPreloadControl                     0x08001151   Thumb Code    24  stm32f4xx_tim.o(.text)
    TIM_ITConfig                             0x08001169   Thumb Code    18  stm32f4xx_tim.o(.text)
    TIM_GenerateEvent                        0x0800117b   Thumb Code     4  stm32f4xx_tim.o(.text)
    TIM_GetFlagStatus                        0x0800117f   Thumb Code    18  stm32f4xx_tim.o(.text)
    TIM_ClearFlag                            0x08001191   Thumb Code     6  stm32f4xx_tim.o(.text)
    TIM_GetITStatus                          0x08001197   Thumb Code    34  stm32f4xx_tim.o(.text)
    TIM_ClearITPendingBit                    0x080011b9   Thumb Code     6  stm32f4xx_tim.o(.text)
    TIM_DMAConfig                            0x080011bf   Thumb Code    10  stm32f4xx_tim.o(.text)
    TIM_DMACmd                               0x080011c9   Thumb Code    18  stm32f4xx_tim.o(.text)
    TIM_SelectCCDMA                          0x080011db   Thumb Code    24  stm32f4xx_tim.o(.text)
    TIM_InternalClockConfig                  0x080011f3   Thumb Code    12  stm32f4xx_tim.o(.text)
    TIM_SelectInputTrigger                   0x080011ff   Thumb Code    18  stm32f4xx_tim.o(.text)
    TIM_ITRxExternalClockConfig              0x08001211   Thumb Code    24  stm32f4xx_tim.o(.text)
    TIM_TIxExternalClockConfig               0x08001229   Thumb Code    62  stm32f4xx_tim.o(.text)
    TIM_ETRConfig                            0x08001267   Thumb Code    28  stm32f4xx_tim.o(.text)
    TIM_ETRClockMode1Config                  0x08001283   Thumb Code    54  stm32f4xx_tim.o(.text)
    TIM_ETRClockMode2Config                  0x080012b9   Thumb Code    32  stm32f4xx_tim.o(.text)
    TIM_SelectOutputTrigger                  0x080012d9   Thumb Code    18  stm32f4xx_tim.o(.text)
    TIM_SelectSlaveMode                      0x080012eb   Thumb Code    18  stm32f4xx_tim.o(.text)
    TIM_SelectMasterSlaveMode                0x080012fd   Thumb Code    18  stm32f4xx_tim.o(.text)
    TIM_EncoderInterfaceConfig               0x0800130f   Thumb Code    66  stm32f4xx_tim.o(.text)
    TIM_SelectHallSensor                     0x08001351   Thumb Code    24  stm32f4xx_tim.o(.text)
    TIM_RemapConfig                          0x08001369   Thumb Code     6  stm32f4xx_tim.o(.text)
    RCC_DeInit                               0x08001371   Thumb Code    60  stm32f4xx_rcc.o(.text)
    RCC_HSEConfig                            0x080013ad   Thumb Code    14  stm32f4xx_rcc.o(.text)
    RCC_GetFlagStatus                        0x080013bb   Thumb Code    60  stm32f4xx_rcc.o(.text)
    RCC_WaitForHSEStartUp                    0x080013f7   Thumb Code    56  stm32f4xx_rcc.o(.text)
    RCC_AdjustHSICalibrationValue            0x0800142f   Thumb Code    20  stm32f4xx_rcc.o(.text)
    RCC_HSICmd                               0x08001443   Thumb Code     6  stm32f4xx_rcc.o(.text)
    RCC_LSEConfig                            0x08001449   Thumb Code    46  stm32f4xx_rcc.o(.text)
    RCC_LSICmd                               0x08001477   Thumb Code     6  stm32f4xx_rcc.o(.text)
    RCC_PLLConfig                            0x0800147d   Thumb Code    32  stm32f4xx_rcc.o(.text)
    RCC_PLLCmd                               0x0800149d   Thumb Code     6  stm32f4xx_rcc.o(.text)
    RCC_PLLI2SConfig                         0x080014a3   Thumb Code    14  stm32f4xx_rcc.o(.text)
    RCC_PLLI2SCmd                            0x080014b1   Thumb Code     6  stm32f4xx_rcc.o(.text)
    RCC_ClockSecuritySystemCmd               0x080014b7   Thumb Code     6  stm32f4xx_rcc.o(.text)
    RCC_MCO1Config                           0x080014bd   Thumb Code    28  stm32f4xx_rcc.o(.text)
    RCC_MCO2Config                           0x080014d9   Thumb Code    28  stm32f4xx_rcc.o(.text)
    RCC_SYSCLKConfig                         0x080014f5   Thumb Code    20  stm32f4xx_rcc.o(.text)
    RCC_GetSYSCLKSource                      0x08001509   Thumb Code    12  stm32f4xx_rcc.o(.text)
    RCC_HCLKConfig                           0x08001515   Thumb Code    20  stm32f4xx_rcc.o(.text)
    RCC_PCLK1Config                          0x08001529   Thumb Code    20  stm32f4xx_rcc.o(.text)
    RCC_PCLK2Config                          0x0800153d   Thumb Code    22  stm32f4xx_rcc.o(.text)
    RCC_GetClocksFreq                        0x08001553   Thumb Code   222  stm32f4xx_rcc.o(.text)
    RCC_RTCCLKConfig                         0x08001631   Thumb Code    54  stm32f4xx_rcc.o(.text)
    RCC_RTCCLKCmd                            0x08001667   Thumb Code     8  stm32f4xx_rcc.o(.text)
    RCC_BackupResetCmd                       0x0800166f   Thumb Code     8  stm32f4xx_rcc.o(.text)
    RCC_I2SCLKConfig                         0x08001677   Thumb Code     6  stm32f4xx_rcc.o(.text)
    RCC_AHB1PeriphClockCmd                   0x0800167d   Thumb Code    34  stm32f4xx_rcc.o(.text)
    RCC_AHB2PeriphClockCmd                   0x0800169f   Thumb Code    34  stm32f4xx_rcc.o(.text)
    RCC_AHB3PeriphClockCmd                   0x080016c1   Thumb Code    34  stm32f4xx_rcc.o(.text)
    RCC_APB1PeriphClockCmd                   0x080016e3   Thumb Code    34  stm32f4xx_rcc.o(.text)
    RCC_APB2PeriphClockCmd                   0x08001705   Thumb Code    34  stm32f4xx_rcc.o(.text)
    RCC_AHB1PeriphResetCmd                   0x08001727   Thumb Code    34  stm32f4xx_rcc.o(.text)
    RCC_AHB2PeriphResetCmd                   0x08001749   Thumb Code    72  stm32f4xx_rcc.o(.text)
    RCC_AHB3PeriphResetCmd                   0x08001791   Thumb Code    34  stm32f4xx_rcc.o(.text)
    RCC_APB1PeriphResetCmd                   0x080017b3   Thumb Code    34  stm32f4xx_rcc.o(.text)
    RCC_APB2PeriphResetCmd                   0x080017d5   Thumb Code    34  stm32f4xx_rcc.o(.text)
    RCC_AHB1PeriphClockLPModeCmd             0x080017f7   Thumb Code    34  stm32f4xx_rcc.o(.text)
    RCC_AHB2PeriphClockLPModeCmd             0x08001819   Thumb Code    34  stm32f4xx_rcc.o(.text)
    RCC_AHB3PeriphClockLPModeCmd             0x0800183b   Thumb Code    34  stm32f4xx_rcc.o(.text)
    RCC_APB1PeriphClockLPModeCmd             0x0800185d   Thumb Code    34  stm32f4xx_rcc.o(.text)
    RCC_APB2PeriphClockLPModeCmd             0x0800187f   Thumb Code    34  stm32f4xx_rcc.o(.text)
    RCC_ITConfig                             0x080018a1   Thumb Code    34  stm32f4xx_rcc.o(.text)
    RCC_ClearFlag                            0x080018c3   Thumb Code    18  stm32f4xx_rcc.o(.text)
    RCC_GetITStatus                          0x080018d5   Thumb Code    22  stm32f4xx_rcc.o(.text)
    RCC_ClearITPendingBit                    0x080018eb   Thumb Code     8  stm32f4xx_rcc.o(.text)
    CAN_DeInit                               0x080018f9   Thumb Code    50  stm32f4xx_can.o(.text)
    CAN_Init                                 0x0800192b   Thumb Code   276  stm32f4xx_can.o(.text)
    CAN_FilterInit                           0x08001a3f   Thumb Code   258  stm32f4xx_can.o(.text)
    CAN_StructInit                           0x08001b41   Thumb Code    32  stm32f4xx_can.o(.text)
    CAN_SlaveStartBank                       0x08001b61   Thumb Code    48  stm32f4xx_can.o(.text)
    CAN_DBGFreeze                            0x08001b91   Thumb Code    22  stm32f4xx_can.o(.text)
    CAN_TTComModeCmd                         0x08001ba7   Thumb Code   118  stm32f4xx_can.o(.text)
    CAN_Transmit                             0x08001c1d   Thumb Code   304  stm32f4xx_can.o(.text)
    CAN_TransmitStatus                       0x08001d4d   Thumb Code   136  stm32f4xx_can.o(.text)
    CAN_CancelTransmit                       0x08001dd5   Thumb Code    48  stm32f4xx_can.o(.text)
    CAN_Receive                              0x08001e05   Thumb Code   240  stm32f4xx_can.o(.text)
    CAN_FIFORelease                          0x08001ef5   Thumb Code    22  stm32f4xx_can.o(.text)
    CAN_MessagePending                       0x08001f0b   Thumb Code    30  stm32f4xx_can.o(.text)
    CAN_OperatingModeRequest                 0x08001f29   Thumb Code   162  stm32f4xx_can.o(.text)
    CAN_Sleep                                0x08001fcb   Thumb Code    30  stm32f4xx_can.o(.text)
    CAN_WakeUp                               0x08001fe9   Thumb Code    48  stm32f4xx_can.o(.text)
    CAN_GetLastErrorCode                     0x08002019   Thumb Code    12  stm32f4xx_can.o(.text)
    CAN_GetReceiveErrorCounter               0x08002025   Thumb Code    10  stm32f4xx_can.o(.text)
    CAN_GetLSBTransmitErrorCounter           0x0800202f   Thumb Code    12  stm32f4xx_can.o(.text)
    CAN_ITConfig                             0x0800203b   Thumb Code    18  stm32f4xx_can.o(.text)
    CAN_GetFlagStatus                        0x0800204d   Thumb Code   120  stm32f4xx_can.o(.text)
    CAN_ClearFlag                            0x080020c5   Thumb Code    52  stm32f4xx_can.o(.text)
    CAN_GetITStatus                          0x08002109   Thumb Code   306  stm32f4xx_can.o(.text)
    CAN_ClearITPendingBit                    0x0800223b   Thumb Code   162  stm32f4xx_can.o(.text)
    EXTI_DeInit                              0x080022e1   Thumb Code    28  stm32f4xx_exti.o(.text)
    EXTI_Init                                0x080022fd   Thumb Code   142  stm32f4xx_exti.o(.text)
    EXTI_StructInit                          0x0800238b   Thumb Code    16  stm32f4xx_exti.o(.text)
    EXTI_GenerateSWInterrupt                 0x0800239b   Thumb Code    16  stm32f4xx_exti.o(.text)
    EXTI_GetFlagStatus                       0x080023ab   Thumb Code    22  stm32f4xx_exti.o(.text)
    EXTI_ClearFlag                           0x080023c1   Thumb Code     8  stm32f4xx_exti.o(.text)
    EXTI_GetITStatus                         0x080023c9   Thumb Code    34  stm32f4xx_exti.o(.text)
    EXTI_ClearITPendingBit                   0x080023eb   Thumb Code     8  stm32f4xx_exti.o(.text)
    GPIO_DeInit                              0x080023fd   Thumb Code   220  stm32f4xx_gpio.o(.text)
    GPIO_Init                                0x080024d9   Thumb Code   144  stm32f4xx_gpio.o(.text)
    GPIO_StructInit                          0x08002569   Thumb Code    18  stm32f4xx_gpio.o(.text)
    GPIO_PinLockConfig                       0x0800257b   Thumb Code    34  stm32f4xx_gpio.o(.text)
    GPIO_ReadInputDataBit                    0x0800259d   Thumb Code    18  stm32f4xx_gpio.o(.text)
    GPIO_ReadInputData                       0x080025af   Thumb Code     8  stm32f4xx_gpio.o(.text)
    GPIO_ReadOutputDataBit                   0x080025b7   Thumb Code    18  stm32f4xx_gpio.o(.text)
    GPIO_ReadOutputData                      0x080025c9   Thumb Code     8  stm32f4xx_gpio.o(.text)
    GPIO_SetBits                             0x080025d1   Thumb Code     4  stm32f4xx_gpio.o(.text)
    GPIO_ResetBits                           0x080025d5   Thumb Code     4  stm32f4xx_gpio.o(.text)
    GPIO_WriteBit                            0x080025d9   Thumb Code    10  stm32f4xx_gpio.o(.text)
    GPIO_Write                               0x080025e3   Thumb Code     4  stm32f4xx_gpio.o(.text)
    GPIO_ToggleBits                          0x080025e7   Thumb Code     8  stm32f4xx_gpio.o(.text)
    GPIO_PinAFConfig                         0x080025ef   Thumb Code    70  stm32f4xx_gpio.o(.text)
    DMA_DeInit                               0x08002659   Thumb Code   324  stm32f4xx_dma.o(.text)
    DMA_Init                                 0x0800279d   Thumb Code    82  stm32f4xx_dma.o(.text)
    DMA_StructInit                           0x080027ef   Thumb Code    34  stm32f4xx_dma.o(.text)
    DMA_Cmd                                  0x08002811   Thumb Code    22  stm32f4xx_dma.o(.text)
    DMA_PeriphIncOffsetSizeConfig            0x08002827   Thumb Code    22  stm32f4xx_dma.o(.text)
    DMA_FlowControllerConfig                 0x0800283d   Thumb Code    22  stm32f4xx_dma.o(.text)
    DMA_SetCurrDataCounter                   0x08002853   Thumb Code     4  stm32f4xx_dma.o(.text)
    DMA_GetCurrDataCounter                   0x08002857   Thumb Code     8  stm32f4xx_dma.o(.text)
    DMA_DoubleBufferModeConfig               0x0800285f   Thumb Code    24  stm32f4xx_dma.o(.text)
    DMA_DoubleBufferModeCmd                  0x08002877   Thumb Code    22  stm32f4xx_dma.o(.text)
    DMA_MemoryTargetConfig                   0x0800288d   Thumb Code    10  stm32f4xx_dma.o(.text)
    DMA_GetCurrentMemoryTarget               0x08002897   Thumb Code    20  stm32f4xx_dma.o(.text)
    DMA_GetCmdStatus                         0x080028ab   Thumb Code    20  stm32f4xx_dma.o(.text)
    DMA_GetFIFOStatus                        0x080028bf   Thumb Code    12  stm32f4xx_dma.o(.text)
    DMA_GetFlagStatus                        0x080028cb   Thumb Code    54  stm32f4xx_dma.o(.text)
    DMA_ClearFlag                            0x08002901   Thumb Code    40  stm32f4xx_dma.o(.text)
    DMA_ITConfig                             0x08002929   Thumb Code    58  stm32f4xx_dma.o(.text)
    DMA_GetITStatus                          0x08002963   Thumb Code    82  stm32f4xx_dma.o(.text)
    DMA_ClearITPendingBit                    0x080029b5   Thumb Code    40  stm32f4xx_dma.o(.text)
    USART_DeInit                             0x080029fd   Thumb Code   156  stm32f4xx_usart.o(.text)
    USART_Init                               0x08002a99   Thumb Code   204  stm32f4xx_usart.o(.text)
    USART_StructInit                         0x08002b65   Thumb Code    24  stm32f4xx_usart.o(.text)
    USART_ClockInit                          0x08002b7d   Thumb Code    32  stm32f4xx_usart.o(.text)
    USART_ClockStructInit                    0x08002b9d   Thumb Code    12  stm32f4xx_usart.o(.text)
    USART_Cmd                                0x08002ba9   Thumb Code    24  stm32f4xx_usart.o(.text)
    USART_SetPrescaler                       0x08002bc1   Thumb Code    16  stm32f4xx_usart.o(.text)
    USART_OverSampling8Cmd                   0x08002bd1   Thumb Code    22  stm32f4xx_usart.o(.text)
    USART_OneBitMethodCmd                    0x08002be7   Thumb Code    24  stm32f4xx_usart.o(.text)
    USART_SendData                           0x08002bff   Thumb Code     8  stm32f4xx_usart.o(.text)
    USART_ReceiveData                        0x08002c07   Thumb Code    10  stm32f4xx_usart.o(.text)
    USART_SetAddress                         0x08002c11   Thumb Code    18  stm32f4xx_usart.o(.text)
    USART_ReceiverWakeUpCmd                  0x08002c23   Thumb Code    24  stm32f4xx_usart.o(.text)
    USART_WakeUpConfig                       0x08002c3b   Thumb Code    18  stm32f4xx_usart.o(.text)
    USART_LINBreakDetectLengthConfig         0x08002c4d   Thumb Code    18  stm32f4xx_usart.o(.text)
    USART_LINCmd                             0x08002c5f   Thumb Code    24  stm32f4xx_usart.o(.text)
    USART_SendBreak                          0x08002c77   Thumb Code    10  stm32f4xx_usart.o(.text)
    USART_HalfDuplexCmd                      0x08002c81   Thumb Code    24  stm32f4xx_usart.o(.text)
    USART_SetGuardTime                       0x08002c99   Thumb Code    16  stm32f4xx_usart.o(.text)
    USART_SmartCardCmd                       0x08002ca9   Thumb Code    24  stm32f4xx_usart.o(.text)
    USART_SmartCardNACKCmd                   0x08002cc1   Thumb Code    24  stm32f4xx_usart.o(.text)
    USART_IrDAConfig                         0x08002cd9   Thumb Code    18  stm32f4xx_usart.o(.text)
    USART_IrDACmd                            0x08002ceb   Thumb Code    24  stm32f4xx_usart.o(.text)
    USART_DMACmd                             0x08002d03   Thumb Code    18  stm32f4xx_usart.o(.text)
    USART_ITConfig                           0x08002d15   Thumb Code    74  stm32f4xx_usart.o(.text)
    USART_GetFlagStatus                      0x08002d5f   Thumb Code    26  stm32f4xx_usart.o(.text)
    USART_ClearFlag                          0x08002d79   Thumb Code    18  stm32f4xx_usart.o(.text)
    USART_GetITStatus                        0x08002d8b   Thumb Code   110  stm32f4xx_usart.o(.text)
    USART_ClearITPendingBit                  0x08002df9   Thumb Code    30  stm32f4xx_usart.o(.text)
    SYSCFG_DeInit                            0x08002e19   Thumb Code    22  stm32f4xx_syscfg.o(.text)
    SYSCFG_MemoryRemapConfig                 0x08002e2f   Thumb Code     6  stm32f4xx_syscfg.o(.text)
    SYSCFG_EXTILineConfig                    0x08002e35   Thumb Code    66  stm32f4xx_syscfg.o(.text)
    SYSCFG_ETH_MediaInterfaceConfig          0x08002e77   Thumb Code     6  stm32f4xx_syscfg.o(.text)
    SYSCFG_CompensationCellCmd               0x08002e7d   Thumb Code     6  stm32f4xx_syscfg.o(.text)
    SYSCFG_GetCompensationCellStatus         0x08002e83   Thumb Code    22  stm32f4xx_syscfg.o(.text)
    SystemInit                               0x08002f7f   Thumb Code    88  system_stm32f4xx.o(.text)
    SystemCoreClockUpdate                    0x08002fd7   Thumb Code   174  system_stm32f4xx.o(.text)
    Reset_Handler                            0x080030b1   Thumb Code     8  startup_stm32f4xx.o(.text)
    ADC_IRQHandler                           0x080030cb   Thumb Code     0  startup_stm32f4xx.o(.text)
    CAN1_RX0_IRQHandler                      0x080030cb   Thumb Code     0  startup_stm32f4xx.o(.text)
    CAN1_RX1_IRQHandler                      0x080030cb   Thumb Code     0  startup_stm32f4xx.o(.text)
    CAN1_SCE_IRQHandler                      0x080030cb   Thumb Code     0  startup_stm32f4xx.o(.text)
    CAN1_TX_IRQHandler                       0x080030cb   Thumb Code     0  startup_stm32f4xx.o(.text)
    CAN2_RX1_IRQHandler                      0x080030cb   Thumb Code     0  startup_stm32f4xx.o(.text)
    CAN2_SCE_IRQHandler                      0x080030cb   Thumb Code     0  startup_stm32f4xx.o(.text)
    CAN2_TX_IRQHandler                       0x080030cb   Thumb Code     0  startup_stm32f4xx.o(.text)
    CRYP_IRQHandler                          0x080030cb   Thumb Code     0  startup_stm32f4xx.o(.text)
    DCMI_IRQHandler                          0x080030cb   Thumb Code     0  startup_stm32f4xx.o(.text)
    DMA1_Stream0_IRQHandler                  0x080030cb   Thumb Code     0  startup_stm32f4xx.o(.text)
    DMA1_Stream2_IRQHandler                  0x080030cb   Thumb Code     0  startup_stm32f4xx.o(.text)
    DMA1_Stream3_IRQHandler                  0x080030cb   Thumb Code     0  startup_stm32f4xx.o(.text)
    DMA1_Stream4_IRQHandler                  0x080030cb   Thumb Code     0  startup_stm32f4xx.o(.text)
    DMA1_Stream5_IRQHandler                  0x080030cb   Thumb Code     0  startup_stm32f4xx.o(.text)
    DMA1_Stream6_IRQHandler                  0x080030cb   Thumb Code     0  startup_stm32f4xx.o(.text)
    DMA1_Stream7_IRQHandler                  0x080030cb   Thumb Code     0  startup_stm32f4xx.o(.text)
    DMA2_Stream0_IRQHandler                  0x080030cb   Thumb Code     0  startup_stm32f4xx.o(.text)
    DMA2_Stream1_IRQHandler                  0x080030cb   Thumb Code     0  startup_stm32f4xx.o(.text)
    DMA2_Stream2_IRQHandler                  0x080030cb   Thumb Code     0  startup_stm32f4xx.o(.text)
    DMA2_Stream3_IRQHandler                  0x080030cb   Thumb Code     0  startup_stm32f4xx.o(.text)
    DMA2_Stream4_IRQHandler                  0x080030cb   Thumb Code     0  startup_stm32f4xx.o(.text)
    DMA2_Stream6_IRQHandler                  0x080030cb   Thumb Code     0  startup_stm32f4xx.o(.text)
    DMA2_Stream7_IRQHandler                  0x080030cb   Thumb Code     0  startup_stm32f4xx.o(.text)
    ETH_IRQHandler                           0x080030cb   Thumb Code     0  startup_stm32f4xx.o(.text)
    ETH_WKUP_IRQHandler                      0x080030cb   Thumb Code     0  startup_stm32f4xx.o(.text)
    EXTI0_IRQHandler                         0x080030cb   Thumb Code     0  startup_stm32f4xx.o(.text)
    EXTI15_10_IRQHandler                     0x080030cb   Thumb Code     0  startup_stm32f4xx.o(.text)
    EXTI1_IRQHandler                         0x080030cb   Thumb Code     0  startup_stm32f4xx.o(.text)
    EXTI2_IRQHandler                         0x080030cb   Thumb Code     0  startup_stm32f4xx.o(.text)
    EXTI3_IRQHandler                         0x080030cb   Thumb Code     0  startup_stm32f4xx.o(.text)
    EXTI9_5_IRQHandler                       0x080030cb   Thumb Code     0  startup_stm32f4xx.o(.text)
    FLASH_IRQHandler                         0x080030cb   Thumb Code     0  startup_stm32f4xx.o(.text)
    FPU_IRQHandler                           0x080030cb   Thumb Code     0  startup_stm32f4xx.o(.text)
    FSMC_IRQHandler                          0x080030cb   Thumb Code     0  startup_stm32f4xx.o(.text)
    HASH_RNG_IRQHandler                      0x080030cb   Thumb Code     0  startup_stm32f4xx.o(.text)
    I2C1_ER_IRQHandler                       0x080030cb   Thumb Code     0  startup_stm32f4xx.o(.text)
    I2C1_EV_IRQHandler                       0x080030cb   Thumb Code     0  startup_stm32f4xx.o(.text)
    I2C2_ER_IRQHandler                       0x080030cb   Thumb Code     0  startup_stm32f4xx.o(.text)
    I2C2_EV_IRQHandler                       0x080030cb   Thumb Code     0  startup_stm32f4xx.o(.text)
    I2C3_ER_IRQHandler                       0x080030cb   Thumb Code     0  startup_stm32f4xx.o(.text)
    I2C3_EV_IRQHandler                       0x080030cb   Thumb Code     0  startup_stm32f4xx.o(.text)
    OTG_FS_IRQHandler                        0x080030cb   Thumb Code     0  startup_stm32f4xx.o(.text)
    OTG_FS_WKUP_IRQHandler                   0x080030cb   Thumb Code     0  startup_stm32f4xx.o(.text)
    OTG_HS_EP1_IN_IRQHandler                 0x080030cb   Thumb Code     0  startup_stm32f4xx.o(.text)
    OTG_HS_EP1_OUT_IRQHandler                0x080030cb   Thumb Code     0  startup_stm32f4xx.o(.text)
    OTG_HS_IRQHandler                        0x080030cb   Thumb Code     0  startup_stm32f4xx.o(.text)
    OTG_HS_WKUP_IRQHandler                   0x080030cb   Thumb Code     0  startup_stm32f4xx.o(.text)
    PVD_IRQHandler                           0x080030cb   Thumb Code     0  startup_stm32f4xx.o(.text)
    RCC_IRQHandler                           0x080030cb   Thumb Code     0  startup_stm32f4xx.o(.text)
    RTC_Alarm_IRQHandler                     0x080030cb   Thumb Code     0  startup_stm32f4xx.o(.text)
    RTC_WKUP_IRQHandler                      0x080030cb   Thumb Code     0  startup_stm32f4xx.o(.text)
    SDIO_IRQHandler                          0x080030cb   Thumb Code     0  startup_stm32f4xx.o(.text)
    SPI1_IRQHandler                          0x080030cb   Thumb Code     0  startup_stm32f4xx.o(.text)
    SPI2_IRQHandler                          0x080030cb   Thumb Code     0  startup_stm32f4xx.o(.text)
    SPI3_IRQHandler                          0x080030cb   Thumb Code     0  startup_stm32f4xx.o(.text)
    TAMP_STAMP_IRQHandler                    0x080030cb   Thumb Code     0  startup_stm32f4xx.o(.text)
    TIM1_BRK_TIM9_IRQHandler                 0x080030cb   Thumb Code     0  startup_stm32f4xx.o(.text)
    TIM1_CC_IRQHandler                       0x080030cb   Thumb Code     0  startup_stm32f4xx.o(.text)
    TIM1_TRG_COM_TIM11_IRQHandler            0x080030cb   Thumb Code     0  startup_stm32f4xx.o(.text)
    TIM1_UP_TIM10_IRQHandler                 0x080030cb   Thumb Code     0  startup_stm32f4xx.o(.text)
    TIM2_IRQHandler                          0x080030cb   Thumb Code     0  startup_stm32f4xx.o(.text)
    TIM3_IRQHandler                          0x080030cb   Thumb Code     0  startup_stm32f4xx.o(.text)
    TIM5_IRQHandler                          0x080030cb   Thumb Code     0  startup_stm32f4xx.o(.text)
    TIM6_DAC_IRQHandler                      0x080030cb   Thumb Code     0  startup_stm32f4xx.o(.text)
    TIM7_IRQHandler                          0x080030cb   Thumb Code     0  startup_stm32f4xx.o(.text)
    TIM8_BRK_TIM12_IRQHandler                0x080030cb   Thumb Code     0  startup_stm32f4xx.o(.text)
    TIM8_CC_IRQHandler                       0x080030cb   Thumb Code     0  startup_stm32f4xx.o(.text)
    TIM8_TRG_COM_TIM14_IRQHandler            0x080030cb   Thumb Code     0  startup_stm32f4xx.o(.text)
    TIM8_UP_TIM13_IRQHandler                 0x080030cb   Thumb Code     0  startup_stm32f4xx.o(.text)
    UART4_IRQHandler                         0x080030cb   Thumb Code     0  startup_stm32f4xx.o(.text)
    UART5_IRQHandler                         0x080030cb   Thumb Code     0  startup_stm32f4xx.o(.text)
    USART1_IRQHandler                        0x080030cb   Thumb Code     0  startup_stm32f4xx.o(.text)
    USART2_IRQHandler                        0x080030cb   Thumb Code     0  startup_stm32f4xx.o(.text)
    USART3_IRQHandler                        0x080030cb   Thumb Code     0  startup_stm32f4xx.o(.text)
    USART6_IRQHandler                        0x080030cb   Thumb Code     0  startup_stm32f4xx.o(.text)
    WWDG_IRQHandler                          0x080030cb   Thumb Code     0  startup_stm32f4xx.o(.text)
    LED_Init                                 0x080030d5   Thumb Code    94  led.o(.text)
    Laser_Configuration                      0x08003133   Thumb Code    54  led.o(.text)
    USART3_Configuration                     0x08003171   Thumb Code   276  usart3.o(.text)
    USART3_Sends                             0x08003285   Thumb Code    42  usart3.o(.text)
    USART3_Sendb                             0x080032af   Thumb Code    28  usart3.o(.text)
    DMA1_Stream1_IRQHandler                  0x080032cb   Thumb Code   622  usart3.o(.text)
    send_odm_msg                             0x08003539   Thumb Code   254  usart3.o(.text)
    delay_init                               0x08003641   Thumb Code    50  delay.o(.text)
    delay_us                                 0x08003673   Thumb Code    70  delay.o(.text)
    delay_xms                                0x080036b9   Thumb Code    70  delay.o(.text)
    delay_ms                                 0x080036ff   Thumb Code    56  delay.o(.text)
    TIM4_Int_Init                            0x08003741   Thumb Code    98  clock.o(.text)
    Get_Time_Micros                          0x080037a3   Thumb Code     8  clock.o(.text)
    TIM4_IRQHandler                          0x080037ab   Thumb Code   380  clock.o(.text)
    TIM2_Configuration                       0x08003927   Thumb Code    60  clock.o(.text)
    invSqrt                                  0x080039a5   Thumb Code    56  imu.o(.text)
    Init_Quaternion                          0x080039dd   Thumb Code   664  imu.o(.text)
    IMU_getValues                            0x08003c75   Thumb Code   196  imu.o(.text)
    IMU_AHRSupdate                           0x08003d39   Thumb Code  1978  imu.o(.text)
    IMU_getQ                                 0x080044f3   Thumb Code    56  imu.o(.text)
    IMU_getYawPitchRoll                      0x0800452b   Thumb Code   756  imu.o(.text)
    GetPitchYawGxGyGz                        0x0800481f   Thumb Code   212  imu.o(.text)
    MPU6050_ReadData                         0x08004929   Thumb Code    36  mpu6050_driver.o(.text)
    HMC5883_Init                             0x0800494d   Thumb Code   104  mpu6050_driver.o(.text)
    MPU6050_Init                             0x080049b5   Thumb Code   178  mpu6050_driver.o(.text)
    MPU6050_EnableInt                        0x08004a67   Thumb Code    44  mpu6050_driver.o(.text)
    MPU6050_Initialize                       0x08004a93   Thumb Code    20  mpu6050_driver.o(.text)
    MPU6050_DataSave                         0x08004aa7   Thumb Code   494  mpu6050_driver.o(.text)
    HMC58X3_ReadData                         0x08004c95   Thumb Code    18  mpu6050_driver.o(.text)
    MPU6050_getMotion6                       0x08004ca7   Thumb Code   354  mpu6050_driver.o(.text)
    MPU6050_getlastMotion6                   0x08004e09   Thumb Code    76  mpu6050_driver.o(.text)
    HMC58X3_newValues                        0x08004e55   Thumb Code   186  mpu6050_driver.o(.text)
    HMC58X3_getRaw                           0x08004f0f   Thumb Code    90  mpu6050_driver.o(.text)
    HMC58X3_getlastValues                    0x08004f69   Thumb Code    22  mpu6050_driver.o(.text)
    HMC58X3_mgetValues                       0x08004f7f   Thumb Code   256  mpu6050_driver.o(.text)
    IIC_Delay                                0x080050c1   Thumb Code    26  mpu6050_i2c.o(.text)
    HEAT_Configuration                       0x080050db   Thumb Code    50  mpu6050_i2c.o(.text)
    IIC_GPIO_Init                            0x0800510d   Thumb Code    42  mpu6050_i2c.o(.text)
    IIC_SDA_Out                              0x08005137   Thumb Code    34  mpu6050_i2c.o(.text)
    IIC_SDA_In                               0x08005159   Thumb Code    38  mpu6050_i2c.o(.text)
    IIC_Start                                0x0800517f   Thumb Code    60  mpu6050_i2c.o(.text)
    IIC_Stop                                 0x080051bb   Thumb Code    60  mpu6050_i2c.o(.text)
    IIC_Ack                                  0x080051f7   Thumb Code    66  mpu6050_i2c.o(.text)
    IIC_WaitAck                              0x08005239   Thumb Code    88  mpu6050_i2c.o(.text)
    IIC_WriteBit                             0x08005291   Thumb Code    96  mpu6050_i2c.o(.text)
    IIC_ReadBit                              0x080052f1   Thumb Code    86  mpu6050_i2c.o(.text)
    IIC_WriteData                            0x08005347   Thumb Code    68  mpu6050_i2c.o(.text)
    IIC_ReadData                             0x0800538b   Thumb Code   122  mpu6050_i2c.o(.text)
    MPU6050_IntConfiguration                 0x08005409   Thumb Code   122  mpu6050_interrupt.o(.text)
    EXTI4_IRQHandler                         0x08005483   Thumb Code    34  mpu6050_interrupt.o(.text)
    AmplitudeCheck                           0x080054ad   Thumb Code    38  chassis_control.o(.text)
    yaw_back                                 0x080054d3   Thumb Code   156  chassis_control.o(.text)
    Usart_Chassis_Control                    0x0800556f   Thumb Code   668  chassis_control.o(.text)
    Remote_Chassis_Control                   0x0800580b   Thumb Code   534  chassis_control.o(.text)
    Wheel_out                                0x08005a2d   Thumb Code   196  wheel_speed.o(.text)
    Wheel_Speed_control                      0x08005af1   Thumb Code   270  wheel_speed.o(.text)
    __aeabi_dadd                             0x08005c25   Thumb Code   322  dadd.o(.text)
    __aeabi_dsub                             0x08005d67   Thumb Code     6  dadd.o(.text)
    __aeabi_drsub                            0x08005d6d   Thumb Code     6  dadd.o(.text)
    __aeabi_dmul                             0x08005d73   Thumb Code   228  dmul.o(.text)
    __aeabi_ddiv                             0x08005e57   Thumb Code   222  ddiv.o(.text)
    __aeabi_i2d                              0x08005f35   Thumb Code    34  dflti.o(.text)
    __aeabi_d2iz                             0x08005f57   Thumb Code    62  dfixi.o(.text)
    __aeabi_f2d                              0x08005f95   Thumb Code    38  f2d.o(.text)
    __aeabi_cdcmpeq                          0x08005fbd   Thumb Code     0  cdcmple.o(.text)
    __aeabi_cdcmple                          0x08005fbd   Thumb Code    38  cdcmple.o(.text)
    __aeabi_cdrcmple                         0x08005fe5   Thumb Code    38  cdrcmple.o(.text)
    __aeabi_d2f                              0x0800600d   Thumb Code    56  d2f.o(.text)
    __aeabi_llsl                             0x08006045   Thumb Code    30  llshl.o(.text)
    _ll_shift_l                              0x08006045   Thumb Code     0  llshl.o(.text)
    __aeabi_llsr                             0x08006063   Thumb Code    32  llushr.o(.text)
    _ll_ushift_r                             0x08006063   Thumb Code     0  llushr.o(.text)
    __aeabi_lasr                             0x08006083   Thumb Code    36  llsshr.o(.text)
    _ll_sshift_r                             0x08006083   Thumb Code     0  llsshr.o(.text)
    __I$use$fp                               0x080060a7   Thumb Code     0  iusefp.o(.text)
    _float_round                             0x080060a7   Thumb Code    18  fepilogue.o(.text)
    _float_epilogue                          0x080060b9   Thumb Code    90  fepilogue.o(.text)
    _double_round                            0x08006113   Thumb Code    26  depilogue.o(.text)
    _double_epilogue                         0x0800612d   Thumb Code   164  depilogue.o(.text)
    _dsqrt                                   0x080061d1   Thumb Code   162  dsqrt.o(.text)
    __scatterload                            0x08006275   Thumb Code    28  init.o(.text)
    __scatterload_rt2                        0x08006275   Thumb Code     0  init.o(.text)
    __decompress                             0x08006299   Thumb Code     0  __dczerorl2.o(.text)
    __decompress1                            0x08006299   Thumb Code    92  __dczerorl2.o(.text)
    __ARM_fpclassify                         0x080062f5   Thumb Code    48  fpclassify.o(i.__ARM_fpclassify)
    __hardfp_asin                            0x08006329   Thumb Code   774  asin.o(i.__hardfp_asin)
    __hardfp_atan                            0x08006699   Thumb Code   636  atan.o(i.__hardfp_atan)
    __hardfp_atan2                           0x08006981   Thumb Code   416  atan2.o(i.__hardfp_atan2)
    __hardfp_fabs                            0x08006b61   Thumb Code    20  fabs.o(i.__hardfp_fabs)
    __hardfp_sqrt                            0x08006b75   Thumb Code   122  sqrt.o(i.__hardfp_sqrt)
    __kernel_poly                            0x08006bef   Thumb Code   248  poly.o(i.__kernel_poly)
    __mathlib_dbl_underflow                  0x08006ce9   Thumb Code    24  dunder.o(i.__mathlib_dbl_underflow)
    __scatterload_copy                       0x08006d09   Thumb Code    14  handlers.o(i.__scatterload_copy)
    __scatterload_null                       0x08006d17   Thumb Code     2  handlers.o(i.__scatterload_null)
    __scatterload_zeroinit                   0x08006d19   Thumb Code    14  handlers.o(i.__scatterload_zeroinit)
    __set_errno                              0x08006d29   Thumb Code     6  errno.o(i.__set_errno)
    atan                                     0x08006d35   Thumb Code    16  atan.o(i.atan)
    fabs                                     0x08006d45   Thumb Code    32  fabs.o(i.fabs)
    sqrt                                     0x08006d65   Thumb Code   110  sqrt.o(i.sqrt)
    __mathlib_zero                           0x08006ec0   Data           8  qnan.o(.constdata)
    Region$$Table$$Base                      0x08006ec8   Number         0  anon$$obj.o(Region$$Table)
    Region$$Table$$Limit                     0x08006ee8   Number         0  anon$$obj.o(Region$$Table)
    system_micrsecond                        0x20000000   Data           4  main.o(.data)
    Remote_flag                              0x20000004   Data           4  remote.o(.data)
    odm                                      0x20000008   Data           8  can2.o(.data)
    SystemCoreClock                          0x20000020   Data           4  system_stm32f4xx.o(.data)
    AHBPrescTable                            0x20000024   Data          16  system_stm32f4xx.o(.data)
    head_flag                                0x20000034   Data           4  usart3.o(.data)
    end_flag                                 0x20000038   Data           4  usart3.o(.data)
    n                                        0x2000003c   Data           4  usart3.o(.data)
    k                                        0x20000040   Data           4  usart3.o(.data)
    rev_flag                                 0x20000044   Data           1  usart3.o(.data)
    Send_PID1                                0x20000045   Data           1  usart3.o(.data)
    Send_PID3                                0x20000046   Data           1  usart3.o(.data)
    count                                    0x20000048   Data           4  usart3.o(.data)
    com_data                                 0x2000004c   Data           1  usart3.o(.data)
    put_flag                                 0x20000050   Data           4  usart3.o(.data)
    para_get                                 0x20000054   Data           8  usart3.o(.data)
    para_rev_tem                             0x2000005c   Data           8  usart3.o(.data)
    _temp                                    0x20000064   Data           4  usart3.o(.data)
    clock_cnt                                0x2000006c   Data           4  clock.o(.data)
    get_yaw_flag                             0x20000070   Data           4  clock.o(.data)
    ms_count                                 0x20000074   Data           4  clock.o(.data)
    enable_getyaw                            0x20000084   Data           4  clock.o(.data)
    q0                                       0x20000088   Data           4  imu.o(.data)
    q1                                       0x2000008c   Data           4  imu.o(.data)
    q2                                       0x20000090   Data           4  imu.o(.data)
    q3                                       0x20000094   Data           4  imu.o(.data)
    exInt                                    0x2000009c   Data           4  imu.o(.data)
    eyInt                                    0x200000a0   Data           4  imu.o(.data)
    ezInt                                    0x200000a4   Data           4  imu.o(.data)
    lastUpdate                               0x200000cc   Data           4  imu.o(.data)
    now                                      0x200000d0   Data           4  imu.o(.data)
    yaw_temp                                 0x200000d4   Data           4  imu.o(.data)
    pitch_temp                               0x200000d8   Data           4  imu.o(.data)
    roll_temp                                0x200000dc   Data           4  imu.o(.data)
    last_yaw_temp                            0x200000e0   Data           4  imu.o(.data)
    last_pitch_temp                          0x200000e4   Data           4  imu.o(.data)
    last_roll_temp                           0x200000e8   Data           4  imu.o(.data)
    yaw_angle                                0x200000ec   Data           4  imu.o(.data)
    pitch_angle                              0x200000f0   Data           4  imu.o(.data)
    roll_angle                               0x200000f4   Data           4  imu.o(.data)
    cc                                       0x200000f8   Data           4  imu.o(.data)
    mangle                                   0x200000fc   Data           4  mpu6050_driver.o(.data)
    GyroSavedCaliData                        0x20000100   Data           7  mpu6050_driver.o(.data)
    HMC5883_lastx                            0x20000108   Data           4  mpu6050_driver.o(.data)
    HMC5883_lasty                            0x2000010c   Data           4  mpu6050_driver.o(.data)
    HMC5883_lastz                            0x20000110   Data           4  mpu6050_driver.o(.data)
    MPU6050_Lastax                           0x20000114   Data           2  mpu6050_driver.o(.data)
    MPU6050_Lastay                           0x20000116   Data           2  mpu6050_driver.o(.data)
    MPU6050_Lastaz                           0x20000118   Data           2  mpu6050_driver.o(.data)
    MPU6050_Lastgx                           0x2000011a   Data           2  mpu6050_driver.o(.data)
    MPU6050_Lastgy                           0x2000011c   Data           2  mpu6050_driver.o(.data)
    MPU6050_Lastgz                           0x2000011e   Data           2  mpu6050_driver.o(.data)
    isMPU6050_is_DRY                         0x20000120   Data           1  mpu6050_interrupt.o(.data)
    yaw_int                                  0x20000128   Data           4  chassis_control.o(.data)
    Chassis_para                             0x2000012c   Data          24  wheel_speed.o(.data)
    sbus_rx_buffer                           0x2000014c   Data          18  remote.o(.bss)
    RC_Ctl                                   0x2000015e   Data          20  remote.o(.bss)
    twist                                    0x20000174   Data          16  usart3.o(.bss)
    data_to_send                             0x20000184   Data         255  usart3.o(.bss)
    RxBuffer                                 0x20000283   Data         255  usart3.o(.bss)
    liner                                    0x20000384   Data          20  usart3.o(.bss)
    angular                                  0x20000398   Data          20  usart3.o(.bss)
    Pid_temp                                 0x200003ac   Data          24  usart3.o(.bss)
    rx_buffer                                0x200003c4   Data          18  usart3.o(.bss)
    angle                                    0x200003d8   Data          12  imu.o(.bss)
    mygetqval                                0x200003e4   Data          36  imu.o(.bss)
    mpu_buf                                  0x20000418   Data          20  mpu6050_driver.o(.bss)
    MPU6050_FIFO                             0x2000042c   Data         132  mpu6050_driver.o(.bss)
    HMC5883_FIFO                             0x200004b0   Data          66  mpu6050_driver.o(.bss)
    MPU6050_Raw_Data                         0x200004f2   Data          20  mpu6050_driver.o(.bss)
    MPU6050_Real_Data                        0x20000508   Data          40  mpu6050_driver.o(.bss)
    AccSavedCaliData                         0x20000530   Data          19  mpu6050_driver.o(.bss)
    MagSavedCaliData                         0x20000543   Data          19  mpu6050_driver.o(.bss)
    ahrs                                     0x20000558   Data          12  mpu6050_driver.o(.bss)
    MagMaxMinData                            0x20000564   Data          12  mpu6050_driver.o(.bss)
    Chassis_Control_Info                     0x20000570   Data          12  chassis_control.o(.bss)
    Chasis_Angular                           0x2000057c   Data          28  chassis_control.o(.bss)
    delta                                    0x20000598   Data          16  wheel_speed.o(.bss)
    TxMessage                                0x200005a8   Data          20  wheel_speed.o(.bss)
    Four_Wheel_Info                          0x200005bc   Data         252  wheel_speed.o(.bss)
    Wheel_Speed                              0x200006b8   Data          28  wheel_speed.o(.bss)
    __initial_sp                             0x20000ad8   Data           0  startup_stm32f4xx.o(STACK)



==============================================================================

Memory Map of the image

  Image Entry point : 0x08000189

  Load Region LR_IROM1 (Base: 0x08000000, Size: 0x00007034, Max: 0x00100000, ABSOLUTE, COMPRESSED[0x00006f14])

    Execution Region ER_IROM1 (Base: 0x08000000, Size: 0x00006ee8, Max: 0x00100000, ABSOLUTE)

    Base Addr    Size         Type   Attr      Idx    E Section Name        Object

    0x08000000   0x00000188   Data   RO          583    RESET               startup_stm32f4xx.o
    0x08000188   0x00000000   Code   RO         1060  * .ARM.Collect$$$$00000000  mc_w.l(entry.o)
    0x08000188   0x00000004   Code   RO         1104    .ARM.Collect$$$$00000001  mc_w.l(entry2.o)
    0x0800018c   0x00000004   Code   RO         1107    .ARM.Collect$$$$00000004  mc_w.l(entry5.o)
    0x08000190   0x00000000   Code   RO         1109    .ARM.Collect$$$$00000008  mc_w.l(entry7b.o)
    0x08000190   0x00000000   Code   RO         1111    .ARM.Collect$$$$0000000A  mc_w.l(entry8b.o)
    0x08000190   0x00000008   Code   RO         1112    .ARM.Collect$$$$0000000B  mc_w.l(entry9a.o)
    0x08000198   0x00000000   Code   RO         1114    .ARM.Collect$$$$0000000D  mc_w.l(entry10a.o)
    0x08000198   0x00000000   Code   RO         1116    .ARM.Collect$$$$0000000F  mc_w.l(entry11a.o)
    0x08000198   0x00000004   Code   RO         1105    .ARM.Collect$$$$00002712  mc_w.l(entry2.o)
    0x0800019c   0x00000054   Code   RO            3    .text               main.o
    0x080001f0   0x0000001a   Code   RO          173    .text               stm32f4xx_it.o
    0x0800020a   0x00000002   PAD
    0x0800020c   0x00000224   Code   RO          196    .text               remote.o
    0x08000430   0x000001b8   Code   RO          271    .text               can2.o
    0x080005e8   0x000000e4   Code   RO          299    .text               misc.o
    0x080006cc   0x00000ca2   Code   RO          319    .text               stm32f4xx_tim.o
    0x0800136e   0x00000002   PAD
    0x08001370   0x00000588   Code   RO          359    .text               stm32f4xx_rcc.o
    0x080018f8   0x000009e8   Code   RO          437    .text               stm32f4xx_can.o
    0x080022e0   0x0000011c   Code   RO          457    .text               stm32f4xx_exti.o
    0x080023fc   0x0000025c   Code   RO          477    .text               stm32f4xx_gpio.o
    0x08002658   0x000003a4   Code   RO          497    .text               stm32f4xx_dma.o
    0x080029fc   0x0000041a   Code   RO          517    .text               stm32f4xx_usart.o
    0x08002e16   0x00000002   PAD
    0x08002e18   0x0000008c   Code   RO          537    .text               stm32f4xx_syscfg.o
    0x08002ea4   0x0000020c   Code   RO          557    .text               system_stm32f4xx.o
    0x080030b0   0x00000024   Code   RO          584    .text               startup_stm32f4xx.o
    0x080030d4   0x0000009c   Code   RO          590    .text               led.o
    0x08003170   0x000004d0   Code   RO          610    .text               usart3.o
    0x08003640   0x00000100   Code   RO          744    .text               delay.o
    0x08003740   0x00000264   Code   RO          772    .text               clock.o
    0x080039a4   0x00000f84   Code   RO          829    .text               imu.o
    0x08004928   0x00000798   Code   RO          861    .text               mpu6050_driver.o
    0x080050c0   0x00000348   Code   RO          897    .text               mpu6050_i2c.o
    0x08005408   0x000000a4   Code   RO          923    .text               mpu6050_interrupt.o
    0x080054ac   0x00000580   Code   RO          953    .text               chassis_control.o
    0x08005a2c   0x000001f8   Code   RO          989    .text               wheel_speed.o
    0x08005c24   0x0000014e   Code   RO         1063    .text               mf_w.l(dadd.o)
    0x08005d72   0x000000e4   Code   RO         1065    .text               mf_w.l(dmul.o)
    0x08005e56   0x000000de   Code   RO         1067    .text               mf_w.l(ddiv.o)
    0x08005f34   0x00000022   Code   RO         1071    .text               mf_w.l(dflti.o)
    0x08005f56   0x0000003e   Code   RO         1073    .text               mf_w.l(dfixi.o)
    0x08005f94   0x00000026   Code   RO         1075    .text               mf_w.l(f2d.o)
    0x08005fba   0x00000002   PAD
    0x08005fbc   0x00000028   Code   RO         1077    .text               mf_w.l(cdcmple.o)
    0x08005fe4   0x00000028   Code   RO         1079    .text               mf_w.l(cdrcmple.o)
    0x0800600c   0x00000038   Code   RO         1081    .text               mf_w.l(d2f.o)
    0x08006044   0x0000001e   Code   RO         1118    .text               mc_w.l(llshl.o)
    0x08006062   0x00000020   Code   RO         1120    .text               mc_w.l(llushr.o)
    0x08006082   0x00000024   Code   RO         1122    .text               mc_w.l(llsshr.o)
    0x080060a6   0x00000000   Code   RO         1131    .text               mc_w.l(iusefp.o)
    0x080060a6   0x0000006c   Code   RO         1132    .text               mf_w.l(fepilogue.o)
    0x08006112   0x000000be   Code   RO         1134    .text               mf_w.l(depilogue.o)
    0x080061d0   0x000000a2   Code   RO         1136    .text               mf_w.l(dsqrt.o)
    0x08006272   0x00000002   PAD
    0x08006274   0x00000024   Code   RO         1138    .text               mc_w.l(init.o)
    0x08006298   0x0000005c   Code   RO         1148    .text               mc_w.l(__dczerorl2.o)
    0x080062f4   0x00000030   Code   RO         1099    i.__ARM_fpclassify  m_wm.l(fpclassify.o)
    0x08006324   0x00000004   PAD
    0x08006328   0x00000370   Code   RO         1016    i.__hardfp_asin     m_wm.l(asin.o)
    0x08006698   0x000002e8   Code   RO         1083    i.__hardfp_atan     m_wm.l(atan.o)
    0x08006980   0x000001e0   Code   RO         1030    i.__hardfp_atan2    m_wm.l(atan2.o)
    0x08006b60   0x00000014   Code   RO         1042    i.__hardfp_fabs     m_wm.l(fabs.o)
    0x08006b74   0x0000007a   Code   RO         1048    i.__hardfp_sqrt     m_wm.l(sqrt.o)
    0x08006bee   0x000000f8   Code   RO         1101    i.__kernel_poly     m_wm.l(poly.o)
    0x08006ce6   0x00000002   PAD
    0x08006ce8   0x00000020   Code   RO         1097    i.__mathlib_dbl_underflow  m_wm.l(dunder.o)
    0x08006d08   0x0000000e   Code   RO         1142    i.__scatterload_copy  mc_w.l(handlers.o)
    0x08006d16   0x00000002   Code   RO         1143    i.__scatterload_null  mc_w.l(handlers.o)
    0x08006d18   0x0000000e   Code   RO         1144    i.__scatterload_zeroinit  mc_w.l(handlers.o)
    0x08006d26   0x00000002   PAD
    0x08006d28   0x0000000c   Code   RO         1126    i.__set_errno       mc_w.l(errno.o)
    0x08006d34   0x00000010   Code   RO         1085    i.atan              m_wm.l(atan.o)
    0x08006d44   0x00000020   Code   RO         1044    i.fabs              m_wm.l(fabs.o)
    0x08006d64   0x0000006e   Code   RO         1050    i.sqrt              m_wm.l(sqrt.o)
    0x08006dd2   0x00000006   PAD
    0x08006dd8   0x00000050   Data   RO         1019    .constdata          m_wm.l(asin.o)
    0x08006e28   0x00000098   Data   RO         1086    .constdata          m_wm.l(atan.o)
    0x08006ec0   0x00000008   Data   RO         1103    .constdata          m_wm.l(qnan.o)
    0x08006ec8   0x00000020   Data   RO         1140    Region$$Table       anon$$obj.o


    Execution Region RW_IRAM1 (Base: 0x20000000, Size: 0x00000ad8, Max: 0x00020000, ABSOLUTE, COMPRESSED[0x0000002c])

    Base Addr    Size         Type   Attr      Idx    E Section Name        Object

    0x20000000   0x00000004   Data   RW            4    .data               main.o
    0x20000004   0x00000004   Data   RW          198    .data               remote.o
    0x20000008   0x00000008   Data   RW          273    .data               can2.o
    0x20000010   0x00000010   Data   RW          360    .data               stm32f4xx_rcc.o
    0x20000020   0x00000014   Data   RW          558    .data               system_stm32f4xx.o
    0x20000034   0x00000034   Data   RW          612    .data               usart3.o
    0x20000068   0x00000004   Data   RW          745    .data               delay.o
    0x2000006c   0x0000001c   Data   RW          773    .data               clock.o
    0x20000088   0x00000074   Data   RW          831    .data               imu.o
    0x200000fc   0x00000024   Data   RW          863    .data               mpu6050_driver.o
    0x20000120   0x00000001   Data   RW          924    .data               mpu6050_interrupt.o
    0x20000121   0x00000003   PAD
    0x20000124   0x00000008   Data   RW          955    .data               chassis_control.o
    0x2000012c   0x00000019   Data   RW          991    .data               wheel_speed.o
    0x20000145   0x00000003   PAD
    0x20000148   0x00000004   Data   RW         1127    .data               mc_w.l(errno.o)
    0x2000014c   0x00000026   Zero   RW          197    .bss                remote.o
    0x20000172   0x00000002   PAD
    0x20000174   0x00000262   Zero   RW          611    .bss                usart3.o
    0x200003d6   0x00000002   PAD
    0x200003d8   0x00000040   Zero   RW          830    .bss                imu.o
    0x20000418   0x00000158   Zero   RW          862    .bss                mpu6050_driver.o
    0x20000570   0x00000028   Zero   RW          954    .bss                chassis_control.o
    0x20000598   0x0000013c   Zero   RW          990    .bss                wheel_speed.o
    0x200006d4   0x00000004   PAD
    0x200006d8   0x00000400   Zero   RW          581    STACK               startup_stm32f4xx.o


==============================================================================

Image component sizes


      Code (inc. data)   RO Data    RW Data    ZI Data      Debug   Object Name

       440         18          0          8          0       1553   can2.o
      1408         88          0          8         40       3892   chassis_control.o
       612         66          0         28          0       1707   clock.o
       256         10          0          4          0       1345   delay.o
      3972        332          0        116         64       4492   imu.o
       156          8          0          0          0        699   led.o
        84          4          0          4          0     249427   main.o
       228         22          0          0          0       1769   misc.o
      1944         66          0         36        344      10356   mpu6050_driver.o
       840          4          0          0          0       3767   mpu6050_i2c.o
       164          8          0          1          0       1019   mpu6050_interrupt.o
       548         42          0          4         38     255300   remote.o
        36          8        392          0       1024        788   startup_stm32f4xx.o
      2536         36          0          0          0       7896   stm32f4xx_can.o
       932         32          0          0          0       6225   stm32f4xx_dma.o
       284         10          0          0          0       2227   stm32f4xx_exti.o
       604         36          0          0          0       4021   stm32f4xx_gpio.o
        26          0          0          0          0       1222   stm32f4xx_it.o
      1416         48          0         16          0     256747   stm32f4xx_rcc.o
       140         12          0          0          0       1647   stm32f4xx_syscfg.o
      3234         60          0          0          0      22252   stm32f4xx_tim.o
      1050         26          0          0          0       7740   stm32f4xx_usart.o
       524         44          0         20          0       1747   system_stm32f4xx.o
      1232        102          0         52        610     258535   usart3.o
       504         38          0         25        316       3000   wheel_speed.o

    ----------------------------------------------------------------------
     23176       1120        424        328       2444    1109373   Object Totals
         0          0         32          0          0          0   (incl. Generated)
         6          0          0          6          8          0   (incl. Padding)

    ----------------------------------------------------------------------

      Code (inc. data)   RO Data    RW Data    ZI Data      Debug   Library Member Name

       880        106         80          0          0        200   asin.o
       760        108        152          0          0        344   atan.o
       480         64          0          0          0        156   atan2.o
        32          8          0          0          0        124   dunder.o
        52          0          0          0          0        248   fabs.o
        48          0          0          0          0        124   fpclassify.o
       248          0          0          0          0        152   poly.o
         0          0          8          0          0          0   qnan.o
       232          0          0          0          0        296   sqrt.o
        92          0          0          0          0          0   __dczerorl2.o
         0          0          0          0          0          0   entry.o
         0          0          0          0          0          0   entry10a.o
         0          0          0          0          0          0   entry11a.o
         8          4          0          0          0          0   entry2.o
         4          0          0          0          0          0   entry5.o
         0          0          0          0          0          0   entry7b.o
         0          0          0          0          0          0   entry8b.o
         8          4          0          0          0          0   entry9a.o
        12          6          0          4          0         68   errno.o
        30          0          0          0          0          0   handlers.o
        36          8          0          0          0         68   init.o
         0          0          0          0          0          0   iusefp.o
        30          0          0          0          0         68   llshl.o
        36          0          0          0          0         68   llsshr.o
        32          0          0          0          0         68   llushr.o
        40          2          0          0          0         68   cdcmple.o
        40          2          0          0          0         68   cdrcmple.o
        56          0          0          0          0         88   d2f.o
       334          0          0          0          0        148   dadd.o
       222          0          0          0          0        100   ddiv.o
       190          0          0          0          0        176   depilogue.o
        62          0          0          0          0         80   dfixi.o
        34          0          0          0          0         76   dflti.o
       228          0          0          0          0         96   dmul.o
       162          0          0          0          0        100   dsqrt.o
        38          0          0          0          0         68   f2d.o
       108          0          0          0          0        168   fepilogue.o

    ----------------------------------------------------------------------
      4552        312        240          4          0       3220   Library Totals
        18          0          0          0          0          0   (incl. Padding)

    ----------------------------------------------------------------------

      Code (inc. data)   RO Data    RW Data    ZI Data      Debug   Library Name

      2732        286        240          0          0       1644   m_wm.l
       288         22          0          4          0        340   mc_w.l
      1514          4          0          0          0       1236   mf_w.l

    ----------------------------------------------------------------------
      4552        312        240          4          0       3220   Library Totals

    ----------------------------------------------------------------------

==============================================================================


      Code (inc. data)   RO Data    RW Data    ZI Data      Debug   

     27728       1432        664        332       2444    1106265   Grand Totals
     27728       1432        664         44       2444    1106265   ELF Image Totals (compressed)
     27728       1432        664         44          0          0   ROM Totals

==============================================================================

    Total RO  Size (Code + RO Data)                28392 (  27.73kB)
    Total RW  Size (RW Data + ZI Data)              2776 (   2.71kB)
    Total ROM Size (Code + RO Data + RW Data)      28436 (  27.77kB)

==============================================================================

