ARM Linker, 5.03 [Build 76] [MDK-ARM Lite]

==============================================================================

Section Cross References

    main.o(.text) refers to system_stm32f4xx.o(.text) for SystemInit
    main.o(.text) refers to delay.o(.text) for delay_init
    main.o(.text) refers to led.o(.text) for LED_Init
    main.o(.text) refers to remote.o(.text) for Remote_Config
    main.o(.text) refers to can2.o(.text) for CAN2_Configuration
    main.o(.text) refers to usart3.o(.text) for USART3_Configuration
    main.o(.text) refers to wheel_speed.o(.text) for Wheel_Speed_control
    main.o(.text) refers to clock.o(.text) for TIM4_Int_Init
    main.o(.text) refers to mpu6050_driver.o(.text) for MPU6050_Initialize
    main.o(.text) refers to mpu6050_interrupt.o(.text) for MPU6050_IntConfiguration
    main.o(.text) refers to main.o(.data) for system_micrsecond
    remote.o(.text) refers to stm32f4xx_rcc.o(.text) for RCC_AHB1PeriphClockCmd
    remote.o(.text) refers to stm32f4xx_gpio.o(.text) for GPIO_PinAFConfig
    remote.o(.text) refers to stm32f4xx_usart.o(.text) for USART_DeInit
    remote.o(.text) refers to misc.o(.text) for NVIC_PriorityGroupConfig
    remote.o(.text) refers to stm32f4xx_dma.o(.text) for DMA_DeInit
    remote.o(.text) refers to remote.o(.bss) for sbus_rx_buffer
    remote.o(.text) refers to remote.o(.data) for Remote_flag
    can2.o(.text) refers to stm32f4xx_rcc.o(.text) for RCC_AHB1PeriphClockCmd
    can2.o(.text) refers to stm32f4xx_gpio.o(.text) for GPIO_PinAFConfig
    can2.o(.text) refers to misc.o(.text) for NVIC_Init
    can2.o(.text) refers to stm32f4xx_can.o(.text) for CAN_DeInit
    can2.o(.text) refers to wheel_speed.o(.bss) for Four_Wheel_Info
    can2.o(.text) refers to can2.o(.data) for odm
    stm32f4xx_tim.o(.text) refers to stm32f4xx_rcc.o(.text) for RCC_APB2PeriphResetCmd
    stm32f4xx_adc.o(.text) refers to stm32f4xx_rcc.o(.text) for RCC_APB2PeriphResetCmd
    stm32f4xx_rcc.o(.text) refers to stm32f4xx_rcc.o(.data) for APBAHBPrescTable
    stm32f4xx_can.o(.text) refers to stm32f4xx_rcc.o(.text) for RCC_APB1PeriphResetCmd
    stm32f4xx_gpio.o(.text) refers to stm32f4xx_rcc.o(.text) for RCC_AHB1PeriphResetCmd
    stm32f4xx_usart.o(.text) refers to stm32f4xx_rcc.o(.text) for RCC_APB2PeriphResetCmd
    stm32f4xx_syscfg.o(.text) refers to stm32f4xx_rcc.o(.text) for RCC_APB2PeriphResetCmd
    system_stm32f4xx.o(.text) refers to system_stm32f4xx.o(.data) for SystemCoreClock
    startup_stm32f4xx.o(RESET) refers to startup_stm32f4xx.o(STACK) for __initial_sp
    startup_stm32f4xx.o(RESET) refers to startup_stm32f4xx.o(.text) for Reset_Handler
    startup_stm32f4xx.o(RESET) refers to stm32f4xx_it.o(.text) for NMI_Handler
    startup_stm32f4xx.o(RESET) refers to mpu6050_interrupt.o(.text) for EXTI4_IRQHandler
    startup_stm32f4xx.o(RESET) refers to clock.o(.text) for TIM4_IRQHandler
    startup_stm32f4xx.o(RESET) refers to usart3.o(.text) for USART1_IRQHandler
    startup_stm32f4xx.o(RESET) refers to can2.o(.text) for CAN2_RX0_IRQHandler
    startup_stm32f4xx.o(RESET) refers to remote.o(.text) for DMA2_Stream5_IRQHandler
    startup_stm32f4xx.o(.text) refers to system_stm32f4xx.o(.text) for SystemInit
    startup_stm32f4xx.o(.text) refers to entry.o(.ARM.Collect$$$$00000000) for __main
    led.o(.text) refers to stm32f4xx_rcc.o(.text) for RCC_AHB1PeriphClockCmd
    led.o(.text) refers to stm32f4xx_gpio.o(.text) for GPIO_Init
    usart3.o(.text) refers to stm32f4xx_rcc.o(.text) for RCC_AHB1PeriphClockCmd
    usart3.o(.text) refers to stm32f4xx_gpio.o(.text) for GPIO_PinAFConfig
    usart3.o(.text) refers to stm32f4xx_usart.o(.text) for USART_Init
    usart3.o(.text) refers to misc.o(.text) for NVIC_Init
    usart3.o(.text) refers to usart3.o(.bss) for data_to_send
    usart3.o(.text) refers to imu.o(.data) for yaw_angle
    usart3.o(.text) refers to imu.o(.bss) for mygetqval
    usart3.o(.text) refers to usart3.o(.data) for Send_PID1
    delay.o(.text) refers to misc.o(.text) for SysTick_CLKSourceConfig
    delay.o(.text) refers to delay.o(.data) for fac_us
    clock.o(.text) refers to stm32f4xx_rcc.o(.text) for RCC_APB1PeriphClockCmd
    clock.o(.text) refers to stm32f4xx_tim.o(.text) for TIM_TimeBaseInit
    clock.o(.text) refers to misc.o(.text) for NVIC_PriorityGroupConfig
    clock.o(.text) refers to f2d.o(.text) for __aeabi_f2d
    clock.o(.text) refers to dmul.o(.text) for __aeabi_dmul
    clock.o(.text) refers to d2f.o(.text) for __aeabi_d2f
    clock.o(.text) refers to chassis_control.o(.text) for Usart_Chassis_Control
    clock.o(.text) refers to wheel_speed.o(.text) for Wheel_Speed_control
    clock.o(.text) refers to clock.o(.data) for clock_cnt
    clock.o(.text) refers to remote.o(.data) for Remote_flag
    clock.o(.text) refers to remote.o(.bss) for RC_Ctl
    clock.o(.text) refers to usart3.o(.bss) for angular
    imu.o(.text) refers to mpu6050_driver.o(.text) for HMC58X3_getlastValues
    imu.o(.text) refers to dflti.o(.text) for __aeabi_i2d
[...]
    entry5.o(.ARM.Collect$$$$00000004) refers to init.o(.text) for __scatterload
    entry9a.o(.ARM.Collect$$$$0000000B) refers to main.o(.text) for main
    entry9b.o(.ARM.Collect$$$$0000000C) refers to main.o(.text) for main
    errno.o(i.__aeabi_errno_addr) refers to errno.o(.data) for .data
    errno.o(i.__read_errno) refers to errno.o(.data) for .data
    errno.o(i.__set_errno) refers to errno.o(.data) for .data
    depilogue.o(.text) refers to llshl.o(.text) for __aeabi_llsl
    depilogue.o(.text) refers to llushr.o(.text) for __aeabi_llsr
    dsqrt.o(.text) refers to llushr.o(.text) for __aeabi_llsr
    dsqrt.o(.text) refers to depilogue.o(.text) for _double_round
    init.o(.text) refers to entry5.o(.ARM.Collect$$$$00000004) for __main_after_scatterload


==============================================================================

Removing Unused input sections from the image.

    Removing main.o(.rev16_text), (4 bytes).
    Removing main.o(.revsh_text), (4 bytes).
    Removing stm32f4xx_it.o(.rev16_text), (4 bytes).
    Removing stm32f4xx_it.o(.revsh_text), (4 bytes).
    Removing remote.o(.rev16_text), (4 bytes).
    Removing remote.o(.revsh_text), (4 bytes).
    Removing can2.o(.rev16_text), (4 bytes).
    Removing can2.o(.revsh_text), (4 bytes).
    Removing can2.o(.bss), (40 bytes).
    Removing misc.o(.rev16_text), (4 bytes).
    Removing misc.o(.revsh_text), (4 bytes).
    Removing stm32f4xx_tim.o(.rev16_text), (4 bytes).
    Removing stm32f4xx_tim.o(.revsh_text), (4 bytes).
    Removing stm32f4xx_adc.o(.rev16_text), (4 bytes).
    Removing stm32f4xx_adc.o(.revsh_text), (4 bytes).
    Removing stm32f4xx_adc.o(.text), (1136 bytes).
    Removing stm32f4xx_rcc.o(.rev16_text), (4 bytes).
    Removing stm32f4xx_rcc.o(.revsh_text), (4 bytes).
    Removing stm32f4xx_can.o(.rev16_text), (4 bytes).
    Removing stm32f4xx_can.o(.revsh_text), (4 bytes).
    Removing stm32f4xx_exti.o(.rev16_text), (4 bytes).
    Removing stm32f4xx_exti.o(.revsh_text), (4 bytes).
    Removing stm32f4xx_gpio.o(.rev16_text), (4 bytes).
    Removing stm32f4xx_gpio.o(.revsh_text), (4 bytes).
    Removing stm32f4xx_dma.o(.rev16_text), (4 bytes).
    Removing stm32f4xx_dma.o(.revsh_text), (4 bytes).
    Removing stm32f4xx_usart.o(.rev16_text), (4 bytes).
    Removing stm32f4xx_usart.o(.revsh_text), (4 bytes).
    Removing stm32f4xx_syscfg.o(.rev16_text), (4 bytes).
    Removing stm32f4xx_syscfg.o(.revsh_text), (4 bytes).
    Removing system_stm32f4xx.o(.rev16_text), (4 bytes).
    Removing system_stm32f4xx.o(.revsh_text), (4 bytes).
    Removing startup_stm32f4xx.o(HEAP), (512 bytes).
    Removing led.o(.rev16_text), (4 bytes).
    Removing led.o(.revsh_text), (4 bytes).
    Removing usart3.o(.rev16_text), (4 bytes).
    Removing usart3.o(.revsh_text), (4 bytes).
    Removing sys.o(.rev16_text), (4 bytes).
    Removing sys.o(.revsh_text), (4 bytes).
    Removing sys.o(.emb_text), (16 bytes).
    Removing delay.o(.rev16_text), (4 bytes).
    Removing delay.o(.revsh_text), (4 bytes).
    Removing clock.o(.rev16_text), (4 bytes).
    Removing clock.o(.revsh_text), (4 bytes).
    Removing imu.o(.rev16_text), (4 bytes).
    Removing imu.o(.revsh_text), (4 bytes).
    Removing mpu6050_driver.o(.rev16_text), (4 bytes).
    Removing mpu6050_driver.o(.revsh_text), (4 bytes).
    Removing mpu6050_i2c.o(.rev16_text), (4 bytes).
    Removing mpu6050_i2c.o(.revsh_text), (4 bytes).
    Removing mpu6050_interrupt.o(.rev16_text), (4 bytes).
    Removing mpu6050_interrupt.o(.revsh_text), (4 bytes).
    Removing chassis_control.o(.rev16_text), (4 bytes).
    Removing chassis_control.o(.revsh_text), (4 bytes).
    Removing wheel_speed.o(.rev16_text), (4 bytes).
    Removing wheel_speed.o(.revsh_text), (4 bytes).
    Removing dneg.o(.text), (6 bytes).

57 unused section(s) (total 1918 bytes) removed from the image.

==============================================================================

Image Symbol Table

    Local Symbols

    Symbol Name                              Value     Ov Type        Size  Object(Section)

    ../clib/microlib/errno.c                 0x00000000   Number         0  errno.o ABSOLUTE
    ../clib/microlib/init/entry.s            0x00000000   Number         0  entry2.o ABSOLUTE
    ../clib/microlib/init/entry.s            0x00000000   Number         0  entry9a.o ABSOLUTE
    ../clib/microlib/init/entry.s            0x00000000   Number         0  entry8b.o ABSOLUTE
    ../clib/microlib/init/entry.s            0x00000000   Number         0  entry.o ABSOLUTE
    ../clib/microlib/init/entry.s            0x00000000   Number         0  entry8a.o ABSOLUTE
    ../clib/microlib/init/entry.s            0x00000000   Number         0  entry7b.o ABSOLUTE
    ../clib/microlib/init/entry.s            0x00000000   Number         0  entry7a.o ABSOLUTE
    ../clib/microlib/init/entry.s            0x00000000   Number         0  entry11b.o ABSOLUTE
    ../clib/microlib/init/entry.s            0x00000000   Number         0  entry11a.o ABSOLUTE
    ../clib/microlib/init/entry.s            0x00000000   Number         0  entry10b.o ABSOLUTE
    ../clib/microlib/init/entry.s            0x00000000   Number         0  entry5.o ABSOLUTE
    ../clib/microlib/init/entry.s            0x00000000   Number         0  entry10a.o ABSOLUTE
    ../clib/microlib/init/entry.s            0x00000000   Number         0  entry9b.o ABSOLUTE
    ../clib/microlib/longlong.c              0x00000000   Number         0  llsshr.o ABSOLUTE
    ../clib/microlib/longlong.c              0x00000000   Number         0  llshl.o ABSOLUTE
    ../clib/microlib/longlong.c              0x00000000   Number         0  llushr.o ABSOLUTE
    ../clib/microlib/stubs.s                 0x00000000   Number         0  iusefp.o ABSOLUTE
    ../fplib/microlib/d2f.c                  0x00000000   Number         0  d2f.o ABSOLUTE
    ../fplib/microlib/f2d.c                  0x00000000   Number         0  f2d.o ABSOLUTE
    ../fplib/microlib/fpadd.c                0x00000000   Number         0  dadd.o ABSOLUTE
    ../fplib/microlib/fpdiv.c                0x00000000   Number         0  ddiv.o ABSOLUTE
    ../fplib/microlib/fpepilogue.c           0x00000000   Number         0  fepilogue.o ABSOLUTE
    ../fplib/microlib/fpepilogue.c           0x00000000   Number         0  depilogue.o ABSOLUTE
    ../fplib/microlib/fpfix.c                0x00000000   Number         0  dfixui.o ABSOLUTE
    ../fplib/microlib/fpfix.c                0x00000000   Number         0  dfixi.o ABSOLUTE
    ../fplib/microlib/fpflt.c                0x00000000   Number         0  dflti.o ABSOLUTE
    ../fplib/microlib/fpmul.c                0x00000000   Number         0  dmul.o ABSOLUTE
    ../fplib/microlib/fpneg.c                0x00000000   Number         0  dneg.o ABSOLUTE
    ../fplib/microlib/fpsqrt.c               0x00000000   Number         0  dsqrt.o ABSOLUTE
    ../mathlib/asin.c                        0x00000000   Number         0  asin_x.o ABSOLUTE
    ../mathlib/asin.c                        0x00000000   Number         0  asin.o ABSOLUTE
    ../mathlib/atan.c                        0x00000000   Number         0  atan_x.o ABSOLUTE
    ../mathlib/atan.c                        0x00000000   Number         0  atan.o ABSOLUTE
    ../mathlib/atan2.c                       0x00000000   Number         0  atan2_x.o ABSOLUTE
    ../mathlib/atan2.c                       0x00000000   Number         0  atan2.o ABSOLUTE
    ../mathlib/dunder.c                      0x00000000   Number         0  dunder.o ABSOLUTE
    ../mathlib/fabs.c                        0x00000000   Number         0  fabs.o ABSOLUTE
    ../mathlib/fpclassify.c                  0x00000000   Number         0  fpclassify.o ABSOLUTE
    ../mathlib/poly.c                        0x00000000   Number         0  poly.o ABSOLUTE
    ../mathlib/qnan.c                        0x00000000   Number         0  qnan.o ABSOLUTE
    ../mathlib/sqrt.c                        0x00000000   Number         0  sqrt.o ABSOLUTE
    ../mathlib/sqrt.c                        0x00000000   Number         0  sqrt_x.o ABSOLUTE
    ..\Libraries\misc.c                      0x00000000   Number         0  misc.o ABSOLUTE
    ..\Libraries\startup_stm32f4xx.s         0x00000000   Number         0  startup_stm32f4xx.o ABSOLUTE
    ..\Libraries\stm32f4xx_adc.c             0x00000000   Number         0  stm32f4xx_adc.o ABSOLUTE
    ..\Libraries\stm32f4xx_can.c             0x00000000   Number         0  stm32f4xx_can.o ABSOLUTE
    ..\Libraries\stm32f4xx_dma.c             0x00000000   Number         0  stm32f4xx_dma.o ABSOLUTE
    ..\Libraries\stm32f4xx_exti.c            0x00000000   Number         0  stm32f4xx_exti.o ABSOLUTE
    ..\Libraries\stm32f4xx_gpio.c            0x00000000   Number         0  stm32f4xx_gpio.o ABSOLUTE
    ..\Libraries\stm32f4xx_rcc.c             0x00000000   Number         0  stm32f4xx_rcc.o ABSOLUTE
    ..\Libraries\stm32f4xx_syscfg.c          0x00000000   Number         0  stm32f4xx_syscfg.o ABSOLUTE
    ..\Libraries\stm32f4xx_tim.c             0x00000000   Number         0  stm32f4xx_tim.o ABSOLUTE
    ..\Libraries\stm32f4xx_usart.c           0x00000000   Number         0  stm32f4xx_usart.o ABSOLUTE
    ..\Libraries\system_stm32f4xx.c          0x00000000   Number         0  system_stm32f4xx.o ABSOLUTE
    ..\User\CAN2.c                           0x00000000   Number         0  can2.o ABSOLUTE
    ..\User\Chassis_Control.c                0x00000000   Number         0  chassis_control.o ABSOLUTE
    ..\User\Remote.c                         0x00000000   Number         0  remote.o ABSOLUTE
    ..\User\USART3.c                         0x00000000   Number         0  usart3.o ABSOLUTE
    ..\User\Wheel_Speed.c                    0x00000000   Number         0  wheel_speed.o ABSOLUTE
    ..\User\clock.c                          0x00000000   Number         0  clock.o ABSOLUTE
    ..\User\delay.c                          0x00000000   Number         0  delay.o ABSOLUTE
    ..\User\imu.c                            0x00000000   Number         0  imu.o ABSOLUTE
    ..\User\led.c                            0x00000000   Number         0  led.o ABSOLUTE
    ..\User\main.c                           0x00000000   Number         0  main.o ABSOLUTE
    ..\User\mpu6050_driver.c                 0x00000000   Number         0  mpu6050_driver.o ABSOLUTE
    ..\User\mpu6050_i2c.c                    0x00000000   Number         0  mpu6050_i2c.o ABSOLUTE
    ..\User\mpu6050_interrupt.c              0x00000000   Number         0  mpu6050_interrupt.o ABSOLUTE
    ..\User\stm32f4xx_it.c                   0x00000000   Number         0  stm32f4xx_it.o ABSOLUTE
    ..\User\sys.c                            0x00000000   Number         0  sys.o ABSOLUTE
    ..\\Libraries\\misc.c                    0x00000000   Number         0  misc.o ABSOLUTE
    ..\\Libraries\\stm32f4xx_adc.c           0x00000000   Number         0  stm32f4xx_adc.o ABSOLUTE
    ..\\Libraries\\stm32f4xx_can.c           0x00000000   Number         0  stm32f4xx_can.o ABSOLUTE
    ..\\Libraries\\stm32f4xx_dma.c           0x00000000   Number         0  stm32f4xx_dma.o ABSOLUTE
    ..\\Libraries\\stm32f4xx_exti.c          0x00000000   Number         0  stm32f4xx_exti.o ABSOLUTE
    ..\\Libraries\\stm32f4xx_gpio.c          0x00000000   Number         0  stm32f4xx_gpio.o ABSOLUTE
    ..\\Libraries\\stm32f4xx_rcc.c           0x00000000   Number         0  stm32f4xx_rcc.o ABSOLUTE
    ..\\Libraries\\stm32f4xx_syscfg.c        0x00000000   Number         0  stm32f4xx_syscfg.o ABSOLUTE
    ..\\Libraries\\stm32f4xx_tim.c           0x00000000   Number         0  stm32f4xx_tim.o ABSOLUTE
    ..\\Libraries\\stm32f4xx_usart.c         0x00000000   Number         0  stm32f4xx_usart.o ABSOLUTE
    ..\\Libraries\\system_stm32f4xx.c        0x00000000   Number         0  system_stm32f4xx.o ABSOLUTE
    ..\\User\\CAN2.c                         0x00000000   Number         0  can2.o ABSOLUTE
    ..\\User\\Chassis_Control.c              0x00000000   Number         0  chassis_control.o ABSOLUTE
    ..\\User\\Remote.c                       0x00000000   Number         0  remote.o ABSOLUTE
    ..\\User\\USART3.c                       0x00000000   Number         0  usart3.o ABSOLUTE
    ..\\User\\Wheel_Speed.c                  0x00000000   Number         0  wheel_speed.o ABSOLUTE
    ..\\User\\clock.c                        0x00000000   Number         0  clock.o ABSOLUTE
    ..\\User\\delay.c                        0x00000000   Number         0  delay.o ABSOLUTE
    ..\\User\\imu.c                          0x00000000   Number         0  imu.o ABSOLUTE
    ..\\User\\led.c                          0x00000000   Number         0  led.o ABSOLUTE
    ..\\User\\main.c                         0x00000000   Number         0  main.o ABSOLUTE
    ..\\User\\mpu6050_driver.c               0x00000000   Number         0  mpu6050_driver.o ABSOLUTE
    ..\\User\\mpu6050_i2c.c                  0x00000000   Number         0  mpu6050_i2c.o ABSOLUTE
    ..\\User\\mpu6050_interrupt.c            0x00000000   Number         0  mpu6050_interrupt.o ABSOLUTE
    ..\\User\\stm32f4xx_it.c                 0x00000000   Number         0  stm32f4xx_it.o ABSOLUTE
    ..\\User\\sys.c                          0x00000000   Number         0  sys.o ABSOLUTE
    cdcmple.s                                0x00000000   Number         0  cdcmple.o ABSOLUTE
    cdrcmple.s                               0x00000000   Number         0  cdrcmple.o ABSOLUTE
    dc.s                                     0x00000000   Number         0  dc.o ABSOLUTE
    handlers.s                               0x00000000   Number         0  handlers.o ABSOLUTE
    init.s                                   0x00000000   Number         0  init.o ABSOLUTE
    RESET                                    0x08000000   Section      392  startup_stm32f4xx.o(RESET)
    .ARM.Collect$$$$00000000                 0x08000188   Section        0  entry.o(.ARM.Collect$$$$00000000)
    .ARM.Collect$$$$00000001                 0x08000188   Section        4  entry2.o(.ARM.Collect$$$$00000001)
    .ARM.Collect$$$$00000004                 0x0800018c   Section        4  entry5.o(.ARM.Collect$$$$00000004)
    .ARM.Collect$$$$00000008                 0x08000190   Section        0  entry7b.o(.ARM.Collect$$$$00000008)
    .ARM.Collect$$$$0000000A                 0x08000190   Section        0  entry8b.o(.ARM.Collect$$$$0000000A)
    .ARM.Collect$$$$0000000B                 0x08000190   Section        8  entry9a.o(.ARM.Collect$$$$0000000B)
    .ARM.Collect$$$$0000000D                 0x08000198   Section        0  entry10a.o(.ARM.Collect$$$$0000000D)
    .ARM.Collect$$$$0000000F                 0x08000198   Section        0  entry11a.o(.ARM.Collect$$$$0000000F)
    .ARM.Collect$$$$00002712                 0x08000198   Section        4  entry2.o(.ARM.Collect$$$$00002712)
    __lit__00000000                          0x08000198   Data           4  entry2.o(.ARM.Collect$$$$00002712)
    .text                                    0x0800019c   Section        0  main.o(.text)
    .text                                    0x080001ec   Section        0  stm32f4xx_it.o(.text)
    .text                                    0x08000208   Section        0  remote.o(.text)
    .text                                    0x0800042c   Section        0  can2.o(.text)
    .text                                    0x080005e4   Section        0  misc.o(.text)
    .text                                    0x080006c8   Section        0  stm32f4xx_tim.o(.text)
    TI4_Config                               0x08000e67   Thumb Code    80  stm32f4xx_tim.o(.text)
    TI3_Config                               0x08000ec9   Thumb Code    72  stm32f4xx_tim.o(.text)
    TI2_Config                               0x08000f2b   Thumb Code    90  stm32f4xx_tim.o(.text)
    TI1_Config                               0x08000f97   Thumb Code    58  stm32f4xx_tim.o(.text)
    .text                                    0x0800136c   Section        0  stm32f4xx_rcc.o(.text)
    .text                                    0x080018f4   Section        0  stm32f4xx_can.o(.text)
    CheckITStatus                            0x080020f5   Thumb Code    16  stm32f4xx_can.o(.text)
    .text                                    0x080022dc   Section        0  stm32f4xx_exti.o(.text)
    .text                                    0x080023f8   Section        0  stm32f4xx_gpio.o(.text)
    .text                                    0x08002654   Section        0  stm32f4xx_dma.o(.text)
    .text                                    0x080029f8   Section        0  stm32f4xx_usart.o(.text)
    .text                                    0x08002e14   Section        0  stm32f4xx_syscfg.o(.text)
    .text                                    0x08002ea0   Section        0  system_stm32f4xx.o(.text)
    SetSysClock                              0x08002ea1   Thumb Code   218  system_stm32f4xx.o(.text)
    .text                                    0x080030ac   Section       36  startup_stm32f4xx.o(.text)
    $v0                                      0x080030ac   Number         0  startup_stm32f4xx.o(.text)
    .text                                    0x080030d0   Section        0  led.o(.text)
    .text                                    0x08003138   Section        0  usart3.o(.text)
    .text                                    0x080038e8   Section        0  delay.o(.text)
    .text                                    0x080039e8   Section        0  clock.o(.text)
    .text                                    0x08003bc0   Section        0  imu.o(.text)
    .text                                    0x08004b40   Section        0  mpu6050_driver.o(.text)
    .text                                    0x080053a0   Section        0  mpu6050_i2c.o(.text)
    .text                                    0x080056e8   Section        0  mpu6050_interrupt.o(.text)
    .text                                    0x0800578c   Section        0  chassis_control.o(.text)
    .text                                    0x08005b10   Section        0  wheel_speed.o(.text)
    .text                                    0x08005ce0   Section        0  dadd.o(.text)
    .text                                    0x08005e2e   Section        0  dmul.o(.text)
    .text                                    0x08005f12   Section        0  ddiv.o(.text)
    .text                                    0x08005ff0   Section        0  dflti.o(.text)
    .text                                    0x08006012   Section        0  dfixi.o(.text)
    .text                                    0x08006050   Section        0  dfixui.o(.text)
    .text                                    0x08006082   Section        0  f2d.o(.text)
    .text                                    0x080060a8   Section       40  cdcmple.o(.text)
    .text                                    0x080060d0   Section       40  cdrcmple.o(.text)
    .text                                    0x080060f8   Section        0  d2f.o(.text)
    .text                                    0x08006130   Section        0  llshl.o(.text)
    .text                                    0x0800614e   Section        0  llushr.o(.text)
    .text                                    0x0800616e   Section        0  llsshr.o(.text)
    .text                                    0x08006192   Section        0  iusefp.o(.text)
    .text                                    0x08006192   Section        0  fepilogue.o(.text)
    .text                                    0x080061fe   Section        0  depilogue.o(.text)
    .text                                    0x080062bc   Section        0  dsqrt.o(.text)
    .text                                    0x08006360   Section       36  init.o(.text)
    i.__ARM_fpclassify                       0x08006384   Section        0  fpclassify.o(i.__ARM_fpclassify)
    i.__hardfp_asin                          0x080063b8   Section        0  asin.o(i.__hardfp_asin)
    i.__hardfp_atan                          0x08006728   Section        0  atan.o(i.__hardfp_atan)
    i.__hardfp_atan2                         0x08006a10   Section        0  atan2.o(i.__hardfp_atan2)
    i.__hardfp_fabs                          0x08006bf0   Section        0  fabs.o(i.__hardfp_fabs)
    i.__hardfp_sqrt                          0x08006c04   Section        0  sqrt.o(i.__hardfp_sqrt)
    i.__kernel_poly                          0x08006c7e   Section        0  poly.o(i.__kernel_poly)
    i.__mathlib_dbl_underflow                0x08006d78   Section        0  dunder.o(i.__mathlib_dbl_underflow)
    i.__scatterload_copy                     0x08006d98   Section       14  handlers.o(i.__scatterload_copy)
    i.__scatterload_null                     0x08006da6   Section        2  handlers.o(i.__scatterload_null)
    i.__scatterload_zeroinit                 0x08006da8   Section       14  handlers.o(i.__scatterload_zeroinit)
    i.__set_errno                            0x08006db8   Section        0  errno.o(i.__set_errno)
    i.atan                                   0x08006dc4   Section        0  atan.o(i.atan)
    i.fabs                                   0x08006dd4   Section        0  fabs.o(i.fabs)
    i.sqrt                                   0x08006df4   Section        0  sqrt.o(i.sqrt)
    .constdata                               0x08006e68   Section       80  asin.o(.constdata)
    pS                                       0x08006e68   Data          48  asin.o(.constdata)
    qS                                       0x08006e98   Data          32  asin.o(.constdata)
    .constdata                               0x08006eb8   Section      152  atan.o(.constdata)
    atanhi                                   0x08006eb8   Data          32  atan.o(.constdata)
    atanlo                                   0x08006ed8   Data          32  atan.o(.constdata)
    aTodd                                    0x08006ef8   Data          40  atan.o(.constdata)
    aTeven                                   0x08006f20   Data          48  atan.o(.constdata)
    .constdata                               0x08006f50   Section        8  qnan.o(.constdata)
    .data                                    0x20000000   Section        4  main.o(.data)
    .data                                    0x20000004   Section        4  remote.o(.data)
    .data                                    0x20000008   Section        8  can2.o(.data)
    .data                                    0x20000010   Section       16  stm32f4xx_rcc.o(.data)
    APBAHBPrescTable                         0x20000010   Data          16  stm32f4xx_rcc.o(.data)
    .data                                    0x20000020   Section       20  system_stm32f4xx.o(.data)
    .data                                    0x20000034   Section       32  usart3.o(.data)
    count                                    0x20000044   Data           4  usart3.o(.data)
    _data_len                                0x2000004a   Data           1  usart3.o(.data)
    _data_cnt                                0x2000004b   Data           1  usart3.o(.data)
    .data                                    0x20000054   Section        4  delay.o(.data)
    fac_us                                   0x20000054   Data           1  delay.o(.data)
    fac_ms                                   0x20000056   Data           2  delay.o(.data)
    .data                                    0x20000058   Section       16  clock.o(.data)
    .data                                    0x20000068   Section      112  imu.o(.data)
    yaw_count                                0x20000078   Data           4  imu.o(.data)
    gx                                       0x20000088   Data           4  imu.o(.data)
    gy                                       0x2000008c   Data           4  imu.o(.data)
    gz                                       0x20000090   Data           4  imu.o(.data)
    ax                                       0x20000094   Data           4  imu.o(.data)
    ay                                       0x20000098   Data           4  imu.o(.data)
    az                                       0x2000009c   Data           4  imu.o(.data)
    mx                                       0x200000a0   Data           4  imu.o(.data)
    my                                       0x200000a4   Data           4  imu.o(.data)
    mz                                       0x200000a8   Data           4  imu.o(.data)
    .data                                    0x200000d8   Section       36  mpu6050_driver.o(.data)
    .data                                    0x200000fc   Section        1  mpu6050_interrupt.o(.data)
    .data                                    0x20000100   Section        4  chassis_control.o(.data)
    count                                    0x20000100   Data           4  chassis_control.o(.data)
    .data                                    0x20000104   Section       25  wheel_speed.o(.data)
    num                                      0x2000011c   Data           1  wheel_speed.o(.data)
    .data                                    0x20000120   Section        4  errno.o(.data)
    _errno                                   0x20000120   Data           4  errno.o(.data)
    .bss                                     0x20000124   Section       38  remote.o(.bss)
    .bss                                     0x2000014c   Section      624  usart3.o(.bss)
    .bss                                     0x200003bc   Section       64  imu.o(.bss)
    q                                        0x200003ec   Data          16  imu.o(.bss)
    .bss                                     0x200003fc   Section      344  mpu6050_driver.o(.bss)
    .bss                                     0x20000554   Section       40  chassis_control.o(.bss)
    .bss                                     0x2000057c   Section      288  wheel_speed.o(.bss)
    STACK                                    0x200006a0   Section     1024  startup_stm32f4xx.o(STACK)

    Global Symbols

    Symbol Name                              Value     Ov Type        Size  Object(Section)

    BuildAttributes$$THM_ISAv4$E$P$D$K$B$S$7EM$VFPi3$EXTD16$VFPS$VFMA$PE$A:L22UL41UL21$X:L11$S22US41US21$IEEE1$IW$USESV6$~STKCKD$USESV7$~SHL$OTIME$ROPI$IEEEX$EBA8$MICROLIB$REQ8$PRES8$EABIv2 0x00000000   Number         0  anon$$obj.o ABSOLUTE
    __ARM_use_no_argv                        0x00000000   Number         0  main.o ABSOLUTE
    __cpp_initialize__aeabi_                  - Undefined Weak Reference
    __cxa_finalize                            - Undefined Weak Reference
    __decompress                              - Undefined Weak Reference
    _clock_init                               - Undefined Weak Reference
    _microlib_exit                            - Undefined Weak Reference
    __Vectors_Size                           0x00000188   Number         0  startup_stm32f4xx.o ABSOLUTE
    __Vectors                                0x08000000   Data           4  startup_stm32f4xx.o(RESET)
    __Vectors_End                            0x08000188   Data           0  startup_stm32f4xx.o(RESET)
    __main                                   0x08000189   Thumb Code     0  entry.o(.ARM.Collect$$$$00000000)
    _main_stk                                0x08000189   Thumb Code     0  entry2.o(.ARM.Collect$$$$00000001)
    _main_scatterload                        0x0800018d   Thumb Code     0  entry5.o(.ARM.Collect$$$$00000004)
    __main_after_scatterload                 0x08000191   Thumb Code     0  entry5.o(.ARM.Collect$$$$00000004)
    _main_clock                              0x08000191   Thumb Code     0  entry7b.o(.ARM.Collect$$$$00000008)
    _main_cpp_init                           0x08000191   Thumb Code     0  entry8b.o(.ARM.Collect$$$$0000000A)
    _main_init                               0x08000191   Thumb Code     0  entry9a.o(.ARM.Collect$$$$0000000B)
    __rt_final_cpp                           0x08000199   Thumb Code     0  entry10a.o(.ARM.Collect$$$$0000000D)
    __rt_final_exit                          0x08000199   Thumb Code     0  entry11a.o(.ARM.Collect$$$$0000000F)
    main                                     0x0800019d   Thumb Code    76  main.o(.text)
    NMI_Handler                              0x080001ed   Thumb Code     2  stm32f4xx_it.o(.text)
    HardFault_Handler                        0x080001ef   Thumb Code     4  stm32f4xx_it.o(.text)
    MemManage_Handler                        0x080001f3   Thumb Code     4  stm32f4xx_it.o(.text)
    BusFault_Handler                         0x080001f7   Thumb Code     4  stm32f4xx_it.o(.text)
    UsageFault_Handler                       0x080001fb   Thumb Code     4  stm32f4xx_it.o(.text)
    SVC_Handler                              0x080001ff   Thumb Code     2  stm32f4xx_it.o(.text)
    DebugMon_Handler                         0x08000201   Thumb Code     2  stm32f4xx_it.o(.text)
    PendSV_Handler                           0x08000203   Thumb Code     2  stm32f4xx_it.o(.text)
    SysTick_Handler                          0x08000205   Thumb Code     2  stm32f4xx_it.o(.text)
    Remote_Config                            0x08000209   Thumb Code   268  remote.o(.text)
    DMA2_Stream5_IRQHandler                  0x08000315   Thumb Code   238  remote.o(.text)
    CAN2_Configuration                       0x0800042d   Thumb Code   236  can2.o(.text)
    CAN2_RX0_IRQHandler                      0x08000519   Thumb Code   186  can2.o(.text)
    NVIC_PriorityGroupConfig                 0x080005e5   Thumb Code    10  misc.o(.text)
    NVIC_Init                                0x080005ef   Thumb Code   108  misc.o(.text)
    NVIC_SetVectorTable                      0x0800065b   Thumb Code    14  misc.o(.text)
    NVIC_SystemLPConfig                      0x08000669   Thumb Code    34  misc.o(.text)
    SysTick_CLKSourceConfig                  0x0800068b   Thumb Code    40  misc.o(.text)
    TIM_DeInit                               0x080006c9   Thumb Code   346  stm32f4xx_tim.o(.text)
    TIM_TimeBaseInit                         0x08000823   Thumb Code   104  stm32f4xx_tim.o(.text)
    TIM_TimeBaseStructInit                   0x0800088b   Thumb Code    18  stm32f4xx_tim.o(.text)
    TIM_PrescalerConfig                      0x0800089d   Thumb Code     6  stm32f4xx_tim.o(.text)
    TIM_CounterModeConfig                    0x080008a3   Thumb Code    18  stm32f4xx_tim.o(.text)
    TIM_SetCounter                           0x080008b5   Thumb Code     4  stm32f4xx_tim.o(.text)
    TIM_SetAutoreload                        0x080008b9   Thumb Code     4  stm32f4xx_tim.o(.text)
    TIM_GetCounter                           0x080008bd   Thumb Code     6  stm32f4xx_tim.o(.text)
    TIM_GetPrescaler                         0x080008c3   Thumb Code     6  stm32f4xx_tim.o(.text)
    TIM_UpdateDisableConfig                  0x080008c9   Thumb Code    24  stm32f4xx_tim.o(.text)
    TIM_UpdateRequestConfig                  0x080008e1   Thumb Code    24  stm32f4xx_tim.o(.text)
    TIM_ARRPreloadConfig                     0x080008f9   Thumb Code    24  stm32f4xx_tim.o(.text)
    TIM_SelectOnePulseMode                   0x08000911   Thumb Code    18  stm32f4xx_tim.o(.text)
    TIM_SetClockDivision                     0x08000923   Thumb Code    18  stm32f4xx_tim.o(.text)
    TIM_Cmd                                  0x08000935   Thumb Code    24  stm32f4xx_tim.o(.text)
    TIM_OC1Init                              0x0800094d   Thumb Code   114  stm32f4xx_tim.o(.text)
    TIM_OC2Init                              0x080009bf   Thumb Code   154  stm32f4xx_tim.o(.text)
    TIM_OC3Init                              0x08000a59   Thumb Code   204  stm32f4xx_tim.o(.text)
    TIM_OC4Init                              0x08000b25   Thumb Code   112  stm32f4xx_tim.o(.text)
    TIM_OCStructInit                         0x08000b95   Thumb Code    20  stm32f4xx_tim.o(.text)
    TIM_SelectOCxM                           0x08000ba9   Thumb Code    86  stm32f4xx_tim.o(.text)
    TIM_SetCompare1                          0x08000bff   Thumb Code     4  stm32f4xx_tim.o(.text)
    TIM_SetCompare2                          0x08000c03   Thumb Code     4  stm32f4xx_tim.o(.text)
    TIM_SetCompare3                          0x08000c07   Thumb Code     4  stm32f4xx_tim.o(.text)
    TIM_SetCompare4                          0x08000c0b   Thumb Code     4  stm32f4xx_tim.o(.text)
    TIM_ForcedOC1Config                      0x08000c0f   Thumb Code    18  stm32f4xx_tim.o(.text)
    TIM_ForcedOC2Config                      0x08000c21   Thumb Code    26  stm32f4xx_tim.o(.text)
    TIM_ForcedOC3Config                      0x08000c3b   Thumb Code    18  stm32f4xx_tim.o(.text)
    TIM_ForcedOC4Config                      0x08000c4d   Thumb Code    26  stm32f4xx_tim.o(.text)
    TIM_OC1PreloadConfig                     0x08000c67   Thumb Code    18  stm32f4xx_tim.o(.text)
    TIM_OC2PreloadConfig                     0x08000c79   Thumb Code    26  stm32f4xx_tim.o(.text)
    TIM_OC3PreloadConfig                     0x08000c93   Thumb Code    18  stm32f4xx_tim.o(.text)
    TIM_OC4PreloadConfig                     0x08000ca5   Thumb Code    26  stm32f4xx_tim.o(.text)
    TIM_OC1FastConfig                        0x08000cbf   Thumb Code    18  stm32f4xx_tim.o(.text)
    TIM_OC2FastConfig                        0x08000cd1   Thumb Code    26  stm32f4xx_tim.o(.text)
    TIM_OC3FastConfig                        0x08000ceb   Thumb Code    18  stm32f4xx_tim.o(.text)
    TIM_OC4FastConfig                        0x08000cfd   Thumb Code    26  stm32f4xx_tim.o(.text)
    TIM_ClearOC1Ref                          0x08000d17   Thumb Code    18  stm32f4xx_tim.o(.text)
    TIM_ClearOC2Ref                          0x08000d29   Thumb Code    24  stm32f4xx_tim.o(.text)
    TIM_ClearOC3Ref                          0x08000d41   Thumb Code    18  stm32f4xx_tim.o(.text)
    TIM_ClearOC4Ref                          0x08000d53   Thumb Code    24  stm32f4xx_tim.o(.text)
    TIM_OC1PolarityConfig                    0x08000d6b   Thumb Code    18  stm32f4xx_tim.o(.text)
    TIM_OC1NPolarityConfig                   0x08000d7d   Thumb Code    18  stm32f4xx_tim.o(.text)
    TIM_OC2PolarityConfig                    0x08000d8f   Thumb Code    26  stm32f4xx_tim.o(.text)
    TIM_OC2NPolarityConfig                   0x08000da9   Thumb Code    26  stm32f4xx_tim.o(.text)
    TIM_OC3PolarityConfig                    0x08000dc3   Thumb Code    26  stm32f4xx_tim.o(.text)
    TIM_OC3NPolarityConfig                   0x08000ddd   Thumb Code    26  stm32f4xx_tim.o(.text)
    TIM_OC4PolarityConfig                    0x08000df7   Thumb Code    26  stm32f4xx_tim.o(.text)
    TIM_CCxCmd                               0x08000e11   Thumb Code    30  stm32f4xx_tim.o(.text)
    TIM_CCxNCmd                              0x08000e2f   Thumb Code    30  stm32f4xx_tim.o(.text)
    TIM_SetIC4Prescaler                      0x08000e4d   Thumb Code    26  stm32f4xx_tim.o(.text)
    TIM_SetIC3Prescaler                      0x08000eb7   Thumb Code    18  stm32f4xx_tim.o(.text)
    TIM_SetIC2Prescaler                      0x08000f11   Thumb Code    26  stm32f4xx_tim.o(.text)
    TIM_SetIC1Prescaler                      0x08000f85   Thumb Code    18  stm32f4xx_tim.o(.text)
    TIM_ICInit                               0x08000fd1   Thumb Code   110  stm32f4xx_tim.o(.text)
    TIM_ICStructInit                         0x0800103f   Thumb Code    18  stm32f4xx_tim.o(.text)
    TIM_PWMIConfig                           0x08001051   Thumb Code   124  stm32f4xx_tim.o(.text)
    TIM_GetCapture1                          0x080010cd   Thumb Code     6  stm32f4xx_tim.o(.text)
    TIM_GetCapture2                          0x080010d3   Thumb Code     6  stm32f4xx_tim.o(.text)
    TIM_GetCapture3                          0x080010d9   Thumb Code     6  stm32f4xx_tim.o(.text)
    TIM_GetCapture4                          0x080010df   Thumb Code     6  stm32f4xx_tim.o(.text)
    TIM_BDTRConfig                           0x080010e5   Thumb Code    32  stm32f4xx_tim.o(.text)
    TIM_BDTRStructInit                       0x08001105   Thumb Code    18  stm32f4xx_tim.o(.text)
    TIM_CtrlPWMOutputs                       0x08001117   Thumb Code    30  stm32f4xx_tim.o(.text)
    TIM_SelectCOM                            0x08001135   Thumb Code    24  stm32f4xx_tim.o(.text)
    TIM_CCPreloadControl                     0x0800114d   Thumb Code    24  stm32f4xx_tim.o(.text)
    TIM_ITConfig                             0x08001165   Thumb Code    18  stm32f4xx_tim.o(.text)
    TIM_GenerateEvent                        0x08001177   Thumb Code     4  stm32f4xx_tim.o(.text)
    TIM_GetFlagStatus                        0x0800117b   Thumb Code    18  stm32f4xx_tim.o(.text)
    TIM_ClearFlag                            0x0800118d   Thumb Code     6  stm32f4xx_tim.o(.text)
    TIM_GetITStatus                          0x08001193   Thumb Code    34  stm32f4xx_tim.o(.text)
    TIM_ClearITPendingBit                    0x080011b5   Thumb Code     6  stm32f4xx_tim.o(.text)
    TIM_DMAConfig                            0x080011bb   Thumb Code    10  stm32f4xx_tim.o(.text)
    TIM_DMACmd                               0x080011c5   Thumb Code    18  stm32f4xx_tim.o(.text)
    TIM_SelectCCDMA                          0x080011d7   Thumb Code    24  stm32f4xx_tim.o(.text)
    TIM_InternalClockConfig                  0x080011ef   Thumb Code    12  stm32f4xx_tim.o(.text)
    TIM_SelectInputTrigger                   0x080011fb   Thumb Code    18  stm32f4xx_tim.o(.text)
    TIM_ITRxExternalClockConfig              0x0800120d   Thumb Code    24  stm32f4xx_tim.o(.text)
    TIM_TIxExternalClockConfig               0x08001225   Thumb Code    62  stm32f4xx_tim.o(.text)
    TIM_ETRConfig                            0x08001263   Thumb Code    28  stm32f4xx_tim.o(.text)
    TIM_ETRClockMode1Config                  0x0800127f   Thumb Code    54  stm32f4xx_tim.o(.text)
    TIM_ETRClockMode2Config                  0x080012b5   Thumb Code    32  stm32f4xx_tim.o(.text)
    TIM_SelectOutputTrigger                  0x080012d5   Thumb Code    18  stm32f4xx_tim.o(.text)
    TIM_SelectSlaveMode                      0x080012e7   Thumb Code    18  stm32f4xx_tim.o(.text)
    TIM_SelectMasterSlaveMode                0x080012f9   Thumb Code    18  stm32f4xx_tim.o(.text)
    TIM_EncoderInterfaceConfig               0x0800130b   Thumb Code    66  stm32f4xx_tim.o(.text)
    TIM_SelectHallSensor                     0x0800134d   Thumb Code    24  stm32f4xx_tim.o(.text)
    TIM_RemapConfig                          0x08001365   Thumb Code     6  stm32f4xx_tim.o(.text)
    RCC_DeInit                               0x0800136d   Thumb Code    60  stm32f4xx_rcc.o(.text)
    RCC_HSEConfig                            0x080013a9   Thumb Code    14  stm32f4xx_rcc.o(.text)
    RCC_GetFlagStatus                        0x080013b7   Thumb Code    60  stm32f4xx_rcc.o(.text)
    RCC_WaitForHSEStartUp                    0x080013f3   Thumb Code    56  stm32f4xx_rcc.o(.text)
    RCC_AdjustHSICalibrationValue            0x0800142b   Thumb Code    20  stm32f4xx_rcc.o(.text)
    RCC_HSICmd                               0x0800143f   Thumb Code     6  stm32f4xx_rcc.o(.text)
    RCC_LSEConfig                            0x08001445   Thumb Code    46  stm32f4xx_rcc.o(.text)
    RCC_LSICmd                               0x08001473   Thumb Code     6  stm32f4xx_rcc.o(.text)
    RCC_PLLConfig                            0x08001479   Thumb Code    32  stm32f4xx_rcc.o(.text)
    RCC_PLLCmd                               0x08001499   Thumb Code     6  stm32f4xx_rcc.o(.text)
    RCC_PLLI2SConfig                         0x0800149f   Thumb Code    14  stm32f4xx_rcc.o(.text)
    RCC_PLLI2SCmd                            0x080014ad   Thumb Code     6  stm32f4xx_rcc.o(.text)
    RCC_ClockSecuritySystemCmd               0x080014b3   Thumb Code     6  stm32f4xx_rcc.o(.text)
    RCC_MCO1Config                           0x080014b9   Thumb Code    28  stm32f4xx_rcc.o(.text)
    RCC_MCO2Config                           0x080014d5   Thumb Code    28  stm32f4xx_rcc.o(.text)
    RCC_SYSCLKConfig                         0x080014f1   Thumb Code    20  stm32f4xx_rcc.o(.text)
    RCC_GetSYSCLKSource                      0x08001505   Thumb Code    12  stm32f4xx_rcc.o(.text)
    RCC_HCLKConfig                           0x08001511   Thumb Code    20  stm32f4xx_rcc.o(.text)
    RCC_PCLK1Config                          0x08001525   Thumb Code    20  stm32f4xx_rcc.o(.text)
    RCC_PCLK2Config                          0x08001539   Thumb Code    22  stm32f4xx_rcc.o(.text)
    RCC_GetClocksFreq                        0x0800154f   Thumb Code   222  stm32f4xx_rcc.o(.text)
    RCC_RTCCLKConfig                         0x0800162d   Thumb Code    54  stm32f4xx_rcc.o(.text)
    RCC_RTCCLKCmd                            0x08001663   Thumb Code     8  stm32f4xx_rcc.o(.text)
    RCC_BackupResetCmd                       0x0800166b   Thumb Code     8  stm32f4xx_rcc.o(.text)
    RCC_I2SCLKConfig                         0x08001673   Thumb Code     6  stm32f4xx_rcc.o(.text)
    RCC_AHB1PeriphClockCmd                   0x08001679   Thumb Code    34  stm32f4xx_rcc.o(.text)
    RCC_AHB2PeriphClockCmd                   0x0800169b   Thumb Code    34  stm32f4xx_rcc.o(.text)
    RCC_AHB3PeriphClockCmd                   0x080016bd   Thumb Code    34  stm32f4xx_rcc.o(.text)
    RCC_APB1PeriphClockCmd                   0x080016df   Thumb Code    34  stm32f4xx_rcc.o(.text)
    RCC_APB2PeriphClockCmd                   0x08001701   Thumb Code    34  stm32f4xx_rcc.o(.text)
    RCC_AHB1PeriphResetCmd                   0x08001723   Thumb Code    34  stm32f4xx_rcc.o(.text)
    RCC_AHB2PeriphResetCmd                   0x08001745   Thumb Code    72  stm32f4xx_rcc.o(.text)
    RCC_AHB3PeriphResetCmd                   0x0800178d   Thumb Code    34  stm32f4xx_rcc.o(.text)
    RCC_APB1PeriphResetCmd                   0x080017af   Thumb Code    34  stm32f4xx_rcc.o(.text)
    RCC_APB2PeriphResetCmd                   0x080017d1   Thumb Code    34  stm32f4xx_rcc.o(.text)
    RCC_AHB1PeriphClockLPModeCmd             0x080017f3   Thumb Code    34  stm32f4xx_rcc.o(.text)
    RCC_AHB2PeriphClockLPModeCmd             0x08001815   Thumb Code    34  stm32f4xx_rcc.o(.text)
    RCC_AHB3PeriphClockLPModeCmd             0x08001837   Thumb Code    34  stm32f4xx_rcc.o(.text)
    RCC_APB1PeriphClockLPModeCmd             0x08001859   Thumb Code    34  stm32f4xx_rcc.o(.text)
    RCC_APB2PeriphClockLPModeCmd             0x0800187b   Thumb Code    34  stm32f4xx_rcc.o(.text)
    RCC_ITConfig                             0x0800189d   Thumb Code    34  stm32f4xx_rcc.o(.text)
    RCC_ClearFlag                            0x080018bf   Thumb Code    18  stm32f4xx_rcc.o(.text)
    RCC_GetITStatus                          0x080018d1   Thumb Code    22  stm32f4xx_rcc.o(.text)
    RCC_ClearITPendingBit                    0x080018e7   Thumb Code     8  stm32f4xx_rcc.o(.text)
    CAN_DeInit                               0x080018f5   Thumb Code    50  stm32f4xx_can.o(.text)
    CAN_Init                                 0x08001927   Thumb Code   276  stm32f4xx_can.o(.text)
    CAN_FilterInit                           0x08001a3b   Thumb Code   258  stm32f4xx_can.o(.text)
    CAN_StructInit                           0x08001b3d   Thumb Code    32  stm32f4xx_can.o(.text)
    CAN_SlaveStartBank                       0x08001b5d   Thumb Code    48  stm32f4xx_can.o(.text)
    CAN_DBGFreeze                            0x08001b8d   Thumb Code    22  stm32f4xx_can.o(.text)
    CAN_TTComModeCmd                         0x08001ba3   Thumb Code   118  stm32f4xx_can.o(.text)
    CAN_Transmit                             0x08001c19   Thumb Code   304  stm32f4xx_can.o(.text)
    CAN_TransmitStatus                       0x08001d49   Thumb Code   136  stm32f4xx_can.o(.text)
    CAN_CancelTransmit                       0x08001dd1   Thumb Code    48  stm32f4xx_can.o(.text)
    CAN_Receive                              0x08001e01   Thumb Code   240  stm32f4xx_can.o(.text)
    CAN_FIFORelease                          0x08001ef1   Thumb Code    22  stm32f4xx_can.o(.text)
    CAN_MessagePending                       0x08001f07   Thumb Code    30  stm32f4xx_can.o(.text)
    CAN_OperatingModeRequest                 0x08001f25   Thumb Code   162  stm32f4xx_can.o(.text)
    CAN_Sleep                                0x08001fc7   Thumb Code    30  stm32f4xx_can.o(.text)
    CAN_WakeUp                               0x08001fe5   Thumb Code    48  stm32f4xx_can.o(.text)
    CAN_GetLastErrorCode                     0x08002015   Thumb Code    12  stm32f4xx_can.o(.text)
    CAN_GetReceiveErrorCounter               0x08002021   Thumb Code    10  stm32f4xx_can.o(.text)
    CAN_GetLSBTransmitErrorCounter           0x0800202b   Thumb Code    12  stm32f4xx_can.o(.text)
    CAN_ITConfig                             0x08002037   Thumb Code    18  stm32f4xx_can.o(.text)
    CAN_GetFlagStatus                        0x08002049   Thumb Code   120  stm32f4xx_can.o(.text)
    CAN_ClearFlag                            0x080020c1   Thumb Code    52  stm32f4xx_can.o(.text)
    CAN_GetITStatus                          0x08002105   Thumb Code   306  stm32f4xx_can.o(.text)
    CAN_ClearITPendingBit                    0x08002237   Thumb Code   162  stm32f4xx_can.o(.text)
    EXTI_DeInit                              0x080022dd   Thumb Code    28  stm32f4xx_exti.o(.text)
    EXTI_Init                                0x080022f9   Thumb Code   142  stm32f4xx_exti.o(.text)
    EXTI_StructInit                          0x08002387   Thumb Code    16  stm32f4xx_exti.o(.text)
    EXTI_GenerateSWInterrupt                 0x08002397   Thumb Code    16  stm32f4xx_exti.o(.text)
    EXTI_GetFlagStatus                       0x080023a7   Thumb Code    22  stm32f4xx_exti.o(.text)
    EXTI_ClearFlag                           0x080023bd   Thumb Code     8  stm32f4xx_exti.o(.text)
    EXTI_GetITStatus                         0x080023c5   Thumb Code    34  stm32f4xx_exti.o(.text)
    EXTI_ClearITPendingBit                   0x080023e7   Thumb Code     8  stm32f4xx_exti.o(.text)
    GPIO_DeInit                              0x080023f9   Thumb Code   220  stm32f4xx_gpio.o(.text)
    GPIO_Init                                0x080024d5   Thumb Code   144  stm32f4xx_gpio.o(.text)
    GPIO_StructInit                          0x08002565   Thumb Code    18  stm32f4xx_gpio.o(.text)
    GPIO_PinLockConfig                       0x08002577   Thumb Code    34  stm32f4xx_gpio.o(.text)
    GPIO_ReadInputDataBit                    0x08002599   Thumb Code    18  stm32f4xx_gpio.o(.text)
    GPIO_ReadInputData                       0x080025ab   Thumb Code     8  stm32f4xx_gpio.o(.text)
    GPIO_ReadOutputDataBit                   0x080025b3   Thumb Code    18  stm32f4xx_gpio.o(.text)
    GPIO_ReadOutputData                      0x080025c5   Thumb Code     8  stm32f4xx_gpio.o(.text)
    GPIO_SetBits                             0x080025cd   Thumb Code     4  stm32f4xx_gpio.o(.text)
    GPIO_ResetBits                           0x080025d1   Thumb Code     4  stm32f4xx_gpio.o(.text)
    GPIO_WriteBit                            0x080025d5   Thumb Code    10  stm32f4xx_gpio.o(.text)
    GPIO_Write                               0x080025df   Thumb Code     4  stm32f4xx_gpio.o(.text)
    GPIO_ToggleBits                          0x080025e3   Thumb Code     8  stm32f4xx_gpio.o(.text)
    GPIO_PinAFConfig                         0x080025eb   Thumb Code    70  stm32f4xx_gpio.o(.text)
    DMA_DeInit                               0x08002655   Thumb Code   324  stm32f4xx_dma.o(.text)
    DMA_Init                                 0x08002799   Thumb Code    82  stm32f4xx_dma.o(.text)
    DMA_StructInit                           0x080027eb   Thumb Code    34  stm32f4xx_dma.o(.text)
    DMA_Cmd                                  0x0800280d   Thumb Code    22  stm32f4xx_dma.o(.text)
    DMA_PeriphIncOffsetSizeConfig            0x08002823   Thumb Code    22  stm32f4xx_dma.o(.text)
    DMA_FlowControllerConfig                 0x08002839   Thumb Code    22  stm32f4xx_dma.o(.text)
    DMA_SetCurrDataCounter                   0x0800284f   Thumb Code     4  stm32f4xx_dma.o(.text)
    DMA_GetCurrDataCounter                   0x08002853   Thumb Code     8  stm32f4xx_dma.o(.text)
    DMA_DoubleBufferModeConfig               0x0800285b   Thumb Code    24  stm32f4xx_dma.o(.text)
    DMA_DoubleBufferModeCmd                  0x08002873   Thumb Code    22  stm32f4xx_dma.o(.text)
    DMA_MemoryTargetConfig                   0x08002889   Thumb Code    10  stm32f4xx_dma.o(.text)
    DMA_GetCurrentMemoryTarget               0x08002893   Thumb Code    20  stm32f4xx_dma.o(.text)
    DMA_GetCmdStatus                         0x080028a7   Thumb Code    20  stm32f4xx_dma.o(.text)
    DMA_GetFIFOStatus                        0x080028bb   Thumb Code    12  stm32f4xx_dma.o(.text)
    DMA_GetFlagStatus                        0x080028c7   Thumb Code    54  stm32f4xx_dma.o(.text)
    DMA_ClearFlag                            0x080028fd   Thumb Code    40  stm32f4xx_dma.o(.text)
    DMA_ITConfig                             0x08002925   Thumb Code    58  stm32f4xx_dma.o(.text)
    DMA_GetITStatus                          0x0800295f   Thumb Code    82  stm32f4xx_dma.o(.text)
    DMA_ClearITPendingBit                    0x080029b1   Thumb Code    40  stm32f4xx_dma.o(.text)
    USART_DeInit                             0x080029f9   Thumb Code   156  stm32f4xx_usart.o(.text)
    USART_Init                               0x08002a95   Thumb Code   204  stm32f4xx_usart.o(.text)
    USART_StructInit                         0x08002b61   Thumb Code    24  stm32f4xx_usart.o(.text)
    USART_ClockInit                          0x08002b79   Thumb Code    32  stm32f4xx_usart.o(.text)
    USART_ClockStructInit                    0x08002b99   Thumb Code    12  stm32f4xx_usart.o(.text)
    USART_Cmd                                0x08002ba5   Thumb Code    24  stm32f4xx_usart.o(.text)
    USART_SetPrescaler                       0x08002bbd   Thumb Code    16  stm32f4xx_usart.o(.text)
    USART_OverSampling8Cmd                   0x08002bcd   Thumb Code    22  stm32f4xx_usart.o(.text)
    USART_OneBitMethodCmd                    0x08002be3   Thumb Code    24  stm32f4xx_usart.o(.text)
    USART_SendData                           0x08002bfb   Thumb Code     8  stm32f4xx_usart.o(.text)
    USART_ReceiveData                        0x08002c03   Thumb Code    10  stm32f4xx_usart.o(.text)
    USART_SetAddress                         0x08002c0d   Thumb Code    18  stm32f4xx_usart.o(.text)
    USART_ReceiverWakeUpCmd                  0x08002c1f   Thumb Code    24  stm32f4xx_usart.o(.text)
    USART_WakeUpConfig                       0x08002c37   Thumb Code    18  stm32f4xx_usart.o(.text)
    USART_LINBreakDetectLengthConfig         0x08002c49   Thumb Code    18  stm32f4xx_usart.o(.text)
    USART_LINCmd                             0x08002c5b   Thumb Code    24  stm32f4xx_usart.o(.text)
    USART_SendBreak                          0x08002c73   Thumb Code    10  stm32f4xx_usart.o(.text)
    USART_HalfDuplexCmd                      0x08002c7d   Thumb Code    24  stm32f4xx_usart.o(.text)
    USART_SetGuardTime                       0x08002c95   Thumb Code    16  stm32f4xx_usart.o(.text)
    USART_SmartCardCmd                       0x08002ca5   Thumb Code    24  stm32f4xx_usart.o(.text)
    USART_SmartCardNACKCmd                   0x08002cbd   Thumb Code    24  stm32f4xx_usart.o(.text)
    USART_IrDAConfig                         0x08002cd5   Thumb Code    18  stm32f4xx_usart.o(.text)
    USART_IrDACmd                            0x08002ce7   Thumb Code    24  stm32f4xx_usart.o(.text)
    USART_DMACmd                             0x08002cff   Thumb Code    18  stm32f4xx_usart.o(.text)
    USART_ITConfig                           0x08002d11   Thumb Code    74  stm32f4xx_usart.o(.text)
    USART_GetFlagStatus                      0x08002d5b   Thumb Code    26  stm32f4xx_usart.o(.text)
    USART_ClearFlag                          0x08002d75   Thumb Code    18  stm32f4xx_usart.o(.text)
    USART_GetITStatus                        0x08002d87   Thumb Code   110  stm32f4xx_usart.o(.text)
    USART_ClearITPendingBit                  0x08002df5   Thumb Code    30  stm32f4xx_usart.o(.text)
    SYSCFG_DeInit                            0x08002e15   Thumb Code    22  stm32f4xx_syscfg.o(.text)
    SYSCFG_MemoryRemapConfig                 0x08002e2b   Thumb Code     6  stm32f4xx_syscfg.o(.text)
    SYSCFG_EXTILineConfig                    0x08002e31   Thumb Code    66  stm32f4xx_syscfg.o(.text)
    SYSCFG_ETH_MediaInterfaceConfig          0x08002e73   Thumb Code     6  stm32f4xx_syscfg.o(.text)
    SYSCFG_CompensationCellCmd               0x08002e79   Thumb Code     6  stm32f4xx_syscfg.o(.text)
    SYSCFG_GetCompensationCellStatus         0x08002e7f   Thumb Code    22  stm32f4xx_syscfg.o(.text)
    SystemInit                               0x08002f7b   Thumb Code    88  system_stm32f4xx.o(.text)
    SystemCoreClockUpdate                    0x08002fd3   Thumb Code   174  system_stm32f4xx.o(.text)
    Reset_Handler                            0x080030ad   Thumb Code     8  startup_stm32f4xx.o(.text)
    ADC_IRQHandler                           0x080030c7   Thumb Code     0  startup_stm32f4xx.o(.text)
    CAN1_RX0_IRQHandler                      0x080030c7   Thumb Code     0  startup_stm32f4xx.o(.text)
    CAN1_RX1_IRQHandler                      0x080030c7   Thumb Code     0  startup_stm32f4xx.o(.text)
    CAN1_SCE_IRQHandler                      0x080030c7   Thumb Code     0  startup_stm32f4xx.o(.text)
    CAN1_TX_IRQHandler                       0x080030c7   Thumb Code     0  startup_stm32f4xx.o(.text)
    CAN2_RX1_IRQHandler                      0x080030c7   Thumb Code     0  startup_stm32f4xx.o(.text)
    CAN2_SCE_IRQHandler                      0x080030c7   Thumb Code     0  startup_stm32f4xx.o(.text)
    CAN2_TX_IRQHandler                       0x080030c7   Thumb Code     0  startup_stm32f4xx.o(.text)
    CRYP_IRQHandler                          0x080030c7   Thumb Code     0  startup_stm32f4xx.o(.text)
    DCMI_IRQHandler                          0x080030c7   Thumb Code     0  startup_stm32f4xx.o(.text)
    DMA1_Stream0_IRQHandler                  0x080030c7   Thumb Code     0  startup_stm32f4xx.o(.text)
    DMA1_Stream1_IRQHandler                  0x080030c7   Thumb Code     0  startup_stm32f4xx.o(.text)
    DMA1_Stream2_IRQHandler                  0x080030c7   Thumb Code     0  startup_stm32f4xx.o(.text)
    DMA1_Stream3_IRQHandler                  0x080030c7   Thumb Code     0  startup_stm32f4xx.o(.text)
    DMA1_Stream4_IRQHandler                  0x080030c7   Thumb Code     0  startup_stm32f4xx.o(.text)
    DMA1_Stream5_IRQHandler                  0x080030c7   Thumb Code     0  startup_stm32f4xx.o(.text)
    DMA1_Stream6_IRQHandler                  0x080030c7   Thumb Code     0  startup_stm32f4xx.o(.text)
    DMA1_Stream7_IRQHandler                  0x080030c7   Thumb Code     0  startup_stm32f4xx.o(.text)
    DMA2_Stream0_IRQHandler                  0x080030c7   Thumb Code     0  startup_stm32f4xx.o(.text)
    DMA2_Stream1_IRQHandler                  0x080030c7   Thumb Code     0  startup_stm32f4xx.o(.text)
    DMA2_Stream2_IRQHandler                  0x080030c7   Thumb Code     0  startup_stm32f4xx.o(.text)
    DMA2_Stream3_IRQHandler                  0x080030c7   Thumb Code     0  startup_stm32f4xx.o(.text)
    DMA2_Stream4_IRQHandler                  0x080030c7   Thumb Code     0  startup_stm32f4xx.o(.text)
    DMA2_Stream6_IRQHandler                  0x080030c7   Thumb Code     0  startup_stm32f4xx.o(.text)
    DMA2_Stream7_IRQHandler                  0x080030c7   Thumb Code     0  startup_stm32f4xx.o(.text)
    ETH_IRQHandler                           0x080030c7   Thumb Code     0  startup_stm32f4xx.o(.text)
    ETH_WKUP_IRQHandler                      0x080030c7   Thumb Code     0  startup_stm32f4xx.o(.text)
    EXTI0_IRQHandler                         0x080030c7   Thumb Code     0  startup_stm32f4xx.o(.text)
    EXTI15_10_IRQHandler                     0x080030c7   Thumb Code     0  startup_stm32f4xx.o(.text)
    EXTI1_IRQHandler                         0x080030c7   Thumb Code     0  startup_stm32f4xx.o(.text)
    EXTI2_IRQHandler                         0x080030c7   Thumb Code     0  startup_stm32f4xx.o(.text)
    EXTI3_IRQHandler                         0x080030c7   Thumb Code     0  startup_stm32f4xx.o(.text)
    EXTI9_5_IRQHandler                       0x080030c7   Thumb Code     0  startup_stm32f4xx.o(.text)
    FLASH_IRQHandler                         0x080030c7   Thumb Code     0  startup_stm32f4xx.o(.text)
    FPU_IRQHandler                           0x080030c7   Thumb Code     0  startup_stm32f4xx.o(.text)
    FSMC_IRQHandler                          0x080030c7   Thumb Code     0  startup_stm32f4xx.o(.text)
    HASH_RNG_IRQHandler                      0x080030c7   Thumb Code     0  startup_stm32f4xx.o(.text)
    I2C1_ER_IRQHandler                       0x080030c7   Thumb Code     0  startup_stm32f4xx.o(.text)
    I2C1_EV_IRQHandler                       0x080030c7   Thumb Code     0  startup_stm32f4xx.o(.text)
    I2C2_ER_IRQHandler                       0x080030c7   Thumb Code     0  startup_stm32f4xx.o(.text)
    I2C2_EV_IRQHandler                       0x080030c7   Thumb Code     0  startup_stm32f4xx.o(.text)
    I2C3_ER_IRQHandler                       0x080030c7   Thumb Code     0  startup_stm32f4xx.o(.text)
    I2C3_EV_IRQHandler                       0x080030c7   Thumb Code     0  startup_stm32f4xx.o(.text)
    OTG_FS_IRQHandler                        0x080030c7   Thumb Code     0  startup_stm32f4xx.o(.text)
    OTG_FS_WKUP_IRQHandler                   0x080030c7   Thumb Code     0  startup_stm32f4xx.o(.text)
    OTG_HS_EP1_IN_IRQHandler                 0x080030c7   Thumb Code     0  startup_stm32f4xx.o(.text)
    OTG_HS_EP1_OUT_IRQHandler                0x080030c7   Thumb Code     0  startup_stm32f4xx.o(.text)
    OTG_HS_IRQHandler                        0x080030c7   Thumb Code     0  startup_stm32f4xx.o(.text)
    OTG_HS_WKUP_IRQHandler                   0x080030c7   Thumb Code     0  startup_stm32f4xx.o(.text)
    PVD_IRQHandler                           0x080030c7   Thumb Code     0  startup_stm32f4xx.o(.text)
    RCC_IRQHandler                           0x080030c7   Thumb Code     0  startup_stm32f4xx.o(.text)
    RTC_Alarm_IRQHandler                     0x080030c7   Thumb Code     0  startup_stm32f4xx.o(.text)
    RTC_WKUP_IRQHandler                      0x080030c7   Thumb Code     0  startup_stm32f4xx.o(.text)
    SDIO_IRQHandler                          0x080030c7   Thumb Code     0  startup_stm32f4xx.o(.text)
    SPI1_IRQHandler                          0x080030c7   Thumb Code     0  startup_stm32f4xx.o(.text)
    SPI2_IRQHandler                          0x080030c7   Thumb Code     0  startup_stm32f4xx.o(.text)
    SPI3_IRQHandler                          0x080030c7   Thumb Code     0  startup_stm32f4xx.o(.text)
    TAMP_STAMP_IRQHandler                    0x080030c7   Thumb Code     0  startup_stm32f4xx.o(.text)
    TIM1_BRK_TIM9_IRQHandler                 0x080030c7   Thumb Code     0  startup_stm32f4xx.o(.text)
    TIM1_CC_IRQHandler                       0x080030c7   Thumb Code     0  startup_stm32f4xx.o(.text)
    TIM1_TRG_COM_TIM11_IRQHandler            0x080030c7   Thumb Code     0  startup_stm32f4xx.o(.text)
    TIM1_UP_TIM10_IRQHandler                 0x080030c7   Thumb Code     0  startup_stm32f4xx.o(.text)
    TIM2_IRQHandler                          0x080030c7   Thumb Code     0  startup_stm32f4xx.o(.text)
    TIM3_IRQHandler                          0x080030c7   Thumb Code     0  startup_stm32f4xx.o(.text)
    TIM5_IRQHandler                          0x080030c7   Thumb Code     0  startup_stm32f4xx.o(.text)
    TIM6_DAC_IRQHandler                      0x080030c7   Thumb Code     0  startup_stm32f4xx.o(.text)
    TIM7_IRQHandler                          0x080030c7   Thumb Code     0  startup_stm32f4xx.o(.text)
    TIM8_BRK_TIM12_IRQHandler                0x080030c7   Thumb Code     0  startup_stm32f4xx.o(.text)
    TIM8_CC_IRQHandler                       0x080030c7   Thumb Code     0  startup_stm32f4xx.o(.text)
    TIM8_TRG_COM_TIM14_IRQHandler            0x080030c7   Thumb Code     0  startup_stm32f4xx.o(.text)
    TIM8_UP_TIM13_IRQHandler                 0x080030c7   Thumb Code     0  startup_stm32f4xx.o(.text)
    UART4_IRQHandler                         0x080030c7   Thumb Code     0  startup_stm32f4xx.o(.text)
    UART5_IRQHandler                         0x080030c7   Thumb Code     0  startup_stm32f4xx.o(.text)
    USART2_IRQHandler                        0x080030c7   Thumb Code     0  startup_stm32f4xx.o(.text)
    USART3_IRQHandler                        0x080030c7   Thumb Code     0  startup_stm32f4xx.o(.text)
    USART6_IRQHandler                        0x080030c7   Thumb Code     0  startup_stm32f4xx.o(.text)
    WWDG_IRQHandler                          0x080030c7   Thumb Code     0  startup_stm32f4xx.o(.text)
    LED_Init                                 0x080030d1   Thumb Code    94  led.o(.text)
    USART3_Configuration                     0x08003139   Thumb Code   170  usart3.o(.text)
    USART3_Sends                             0x080031e3   Thumb Code    42  usart3.o(.text)
    USART3_Sendb                             0x0800320d   Thumb Code    28  usart3.o(.text)
    Uart3_Put_Buf                            0x08003229   Thumb Code    42  usart3.o(.text)
    Data_Send_Status                         0x08003253   Thumb Code   290  usart3.o(.text)
    Data_Send_Sensor                         0x08003375   Thumb Code   332  usart3.o(.text)
    Data_Send_PID1                           0x080034c1   Thumb Code   488  usart3.o(.text)
    Data_Send_Check                          0x080036a9   Thumb Code    66  usart3.o(.text)
    Data_Receive_Anl                         0x080036eb   Thumb Code   236  usart3.o(.text)
    USART1_IRQHandler                        0x080037d7   Thumb Code   218  usart3.o(.text)
    Data_Exchange                            0x080038b1   Thumb Code    28  usart3.o(.text)
    delay_init                               0x080038e9   Thumb Code    50  delay.o(.text)
    delay_us                                 0x0800391b   Thumb Code    70  delay.o(.text)
    delay_xms                                0x08003961   Thumb Code    70  delay.o(.text)
    delay_ms                                 0x080039a7   Thumb Code    56  delay.o(.text)
    TIM4_Int_Init                            0x080039e9   Thumb Code    98  clock.o(.text)
    Get_Time_Micros                          0x08003a4b   Thumb Code     8  clock.o(.text)
    TIM4_IRQHandler                          0x08003a53   Thumb Code   258  clock.o(.text)
    TIM2_Configuration                       0x08003b55   Thumb Code    60  clock.o(.text)
    invSqrt                                  0x08003bc1   Thumb Code    56  imu.o(.text)
    Init_Quaternion                          0x08003bf9   Thumb Code   664  imu.o(.text)
    IMU_getValues                            0x08003e91   Thumb Code   196  imu.o(.text)
    IMU_AHRSupdate                           0x08003f55   Thumb Code  1978  imu.o(.text)
    IMU_getQ                                 0x0800470f   Thumb Code    56  imu.o(.text)
    IMU_getYawPitchRoll                      0x08004747   Thumb Code   756  imu.o(.text)
    GetPitchYawGxGyGz                        0x08004a3b   Thumb Code   212  imu.o(.text)
    MPU6050_ReadData                         0x08004b41   Thumb Code    36  mpu6050_driver.o(.text)
    HMC5883_Init                             0x08004b65   Thumb Code   104  mpu6050_driver.o(.text)
    MPU6050_Init                             0x08004bcd   Thumb Code   178  mpu6050_driver.o(.text)
    MPU6050_EnableInt                        0x08004c7f   Thumb Code    44  mpu6050_driver.o(.text)
    MPU6050_Initialize                       0x08004cab   Thumb Code    20  mpu6050_driver.o(.text)
    MPU6050_DataSave                         0x08004cbf   Thumb Code   494  mpu6050_driver.o(.text)
    HMC58X3_ReadData                         0x08004ead   Thumb Code    18  mpu6050_driver.o(.text)
    MPU6050_getMotion6                       0x08004ebf   Thumb Code   354  mpu6050_driver.o(.text)
    MPU6050_getlastMotion6                   0x08005021   Thumb Code    76  mpu6050_driver.o(.text)
    HMC58X3_newValues                        0x0800506d   Thumb Code   412  mpu6050_driver.o(.text)
    HMC58X3_getRaw                           0x08005209   Thumb Code    90  mpu6050_driver.o(.text)
    HMC58X3_getlastValues                    0x08005263   Thumb Code    22  mpu6050_driver.o(.text)
    HMC58X3_mgetValues                       0x08005279   Thumb Code   276  mpu6050_driver.o(.text)
    IIC_Delay                                0x080053a1   Thumb Code    26  mpu6050_i2c.o(.text)
    HEAT_Configuration                       0x080053bb   Thumb Code    50  mpu6050_i2c.o(.text)
    IIC_GPIO_Init                            0x080053ed   Thumb Code    42  mpu6050_i2c.o(.text)
    IIC_SDA_Out                              0x08005417   Thumb Code    34  mpu6050_i2c.o(.text)
    IIC_SDA_In                               0x08005439   Thumb Code    38  mpu6050_i2c.o(.text)
    IIC_Start                                0x0800545f   Thumb Code    60  mpu6050_i2c.o(.text)
    IIC_Stop                                 0x0800549b   Thumb Code    60  mpu6050_i2c.o(.text)
    IIC_Ack                                  0x080054d7   Thumb Code    66  mpu6050_i2c.o(.text)
    IIC_WaitAck                              0x08005519   Thumb Code    88  mpu6050_i2c.o(.text)
    IIC_WriteBit                             0x08005571   Thumb Code    96  mpu6050_i2c.o(.text)
    IIC_ReadBit                              0x080055d1   Thumb Code    86  mpu6050_i2c.o(.text)
    IIC_WriteData                            0x08005627   Thumb Code    68  mpu6050_i2c.o(.text)
    IIC_ReadData                             0x0800566b   Thumb Code   122  mpu6050_i2c.o(.text)
    MPU6050_IntConfiguration                 0x080056e9   Thumb Code   122  mpu6050_interrupt.o(.text)
    EXTI4_IRQHandler                         0x08005763   Thumb Code    34  mpu6050_interrupt.o(.text)
    AmplitudeCheck                           0x0800578d   Thumb Code    38  chassis_control.o(.text)
    yaw_back                                 0x080057b3   Thumb Code   144  chassis_control.o(.text)
    Usart_Chassis_Control                    0x08005843   Thumb Code   162  chassis_control.o(.text)
    Remote_Chassis_Control                   0x080058e5   Thumb Code   490  chassis_control.o(.text)
    Wheel_out                                0x08005b11   Thumb Code   196  wheel_speed.o(.text)
    Wheel_Speed_control                      0x08005bd5   Thumb Code   238  wheel_speed.o(.text)
    __aeabi_dadd                             0x08005ce1   Thumb Code   322  dadd.o(.text)
    __aeabi_dsub                             0x08005e23   Thumb Code     6  dadd.o(.text)
    __aeabi_drsub                            0x08005e29   Thumb Code     6  dadd.o(.text)
    __aeabi_dmul                             0x08005e2f   Thumb Code   228  dmul.o(.text)
    __aeabi_ddiv                             0x08005f13   Thumb Code   222  ddiv.o(.text)
    __aeabi_i2d                              0x08005ff1   Thumb Code    34  dflti.o(.text)
    __aeabi_d2iz                             0x08006013   Thumb Code    62  dfixi.o(.text)
    __aeabi_d2uiz                            0x08006051   Thumb Code    50  dfixui.o(.text)
    __aeabi_f2d                              0x08006083   Thumb Code    38  f2d.o(.text)
    __aeabi_cdcmpeq                          0x080060a9   Thumb Code     0  cdcmple.o(.text)
    __aeabi_cdcmple                          0x080060a9   Thumb Code    38  cdcmple.o(.text)
    __aeabi_cdrcmple                         0x080060d1   Thumb Code    38  cdrcmple.o(.text)
    __aeabi_d2f                              0x080060f9   Thumb Code    56  d2f.o(.text)
    __aeabi_llsl                             0x08006131   Thumb Code    30  llshl.o(.text)
    _ll_shift_l                              0x08006131   Thumb Code     0  llshl.o(.text)
    __aeabi_llsr                             0x0800614f   Thumb Code    32  llushr.o(.text)
    _ll_ushift_r                             0x0800614f   Thumb Code     0  llushr.o(.text)
    __aeabi_lasr                             0x0800616f   Thumb Code    36  llsshr.o(.text)
    _ll_sshift_r                             0x0800616f   Thumb Code     0  llsshr.o(.text)
    __I$use$fp                               0x08006193   Thumb Code     0  iusefp.o(.text)
    _float_round                             0x08006193   Thumb Code    18  fepilogue.o(.text)
    _float_epilogue                          0x080061a5   Thumb Code    90  fepilogue.o(.text)
    _double_round                            0x080061ff   Thumb Code    26  depilogue.o(.text)
    _double_epilogue                         0x08006219   Thumb Code   164  depilogue.o(.text)
    _dsqrt                                   0x080062bd   Thumb Code   162  dsqrt.o(.text)
    __scatterload                            0x08006361   Thumb Code    28  init.o(.text)
    __scatterload_rt2                        0x08006361   Thumb Code     0  init.o(.text)
    __ARM_fpclassify                         0x08006385   Thumb Code    48  fpclassify.o(i.__ARM_fpclassify)
    __hardfp_asin                            0x080063b9   Thumb Code   774  asin.o(i.__hardfp_asin)
    __hardfp_atan                            0x08006729   Thumb Code   636  atan.o(i.__hardfp_atan)
    __hardfp_atan2                           0x08006a11   Thumb Code   416  atan2.o(i.__hardfp_atan2)
    __hardfp_fabs                            0x08006bf1   Thumb Code    20  fabs.o(i.__hardfp_fabs)
    __hardfp_sqrt                            0x08006c05   Thumb Code   122  sqrt.o(i.__hardfp_sqrt)
    __kernel_poly                            0x08006c7f   Thumb Code   248  poly.o(i.__kernel_poly)
    __mathlib_dbl_underflow                  0x08006d79   Thumb Code    24  dunder.o(i.__mathlib_dbl_underflow)
    __scatterload_copy                       0x08006d99   Thumb Code    14  handlers.o(i.__scatterload_copy)
    __scatterload_null                       0x08006da7   Thumb Code     2  handlers.o(i.__scatterload_null)
    __scatterload_zeroinit                   0x08006da9   Thumb Code    14  handlers.o(i.__scatterload_zeroinit)
    __set_errno                              0x08006db9   Thumb Code     6  errno.o(i.__set_errno)
    atan                                     0x08006dc5   Thumb Code    16  atan.o(i.atan)
    fabs                                     0x08006dd5   Thumb Code    32  fabs.o(i.fabs)
    sqrt                                     0x08006df5   Thumb Code   110  sqrt.o(i.sqrt)
    __mathlib_zero                           0x08006f50   Data           8  qnan.o(.constdata)
    Region$$Table$$Base                      0x08006f58   Number         0  anon$$obj.o(Region$$Table)
    Region$$Table$$Limit                     0x08006f78   Number         0  anon$$obj.o(Region$$Table)
    system_micrsecond                        0x20000000   Data           4  main.o(.data)
    Remote_flag                              0x20000004   Data           4  remote.o(.data)
    odm                                      0x20000008   Data           8  can2.o(.data)
    SystemCoreClock                          0x20000020   Data           4  system_stm32f4xx.o(.data)
    AHBPrescTable                            0x20000024   Data          16  system_stm32f4xx.o(.data)
    head_flag                                0x20000034   Data           4  usart3.o(.data)
    end_flag                                 0x20000038   Data           4  usart3.o(.data)
    n                                        0x2000003c   Data           4  usart3.o(.data)
    k                                        0x20000040   Data           4  usart3.o(.data)
    Send_PID1                                0x20000048   Data           1  usart3.o(.data)
    Send_PID3                                0x20000049   Data           1  usart3.o(.data)
    com_data                                 0x2000004c   Data           1  usart3.o(.data)
    put_flag                                 0x20000050   Data           4  usart3.o(.data)
    clock_cnt                                0x20000058   Data           4  clock.o(.data)
    get_yaw_flag                             0x2000005c   Data           4  clock.o(.data)
    ms_count                                 0x20000060   Data           4  clock.o(.data)
    enable_getyaw                            0x20000064   Data           4  clock.o(.data)
    q0                                       0x20000068   Data           4  imu.o(.data)
    q1                                       0x2000006c   Data           4  imu.o(.data)
    q2                                       0x20000070   Data           4  imu.o(.data)
    q3                                       0x20000074   Data           4  imu.o(.data)
    exInt                                    0x2000007c   Data           4  imu.o(.data)
    eyInt                                    0x20000080   Data           4  imu.o(.data)
    ezInt                                    0x20000084   Data           4  imu.o(.data)
    lastUpdate                               0x200000ac   Data           4  imu.o(.data)
    now                                      0x200000b0   Data           4  imu.o(.data)
    yaw_temp                                 0x200000b4   Data           4  imu.o(.data)
    pitch_temp                               0x200000b8   Data           4  imu.o(.data)
    roll_temp                                0x200000bc   Data           4  imu.o(.data)
    last_yaw_temp                            0x200000c0   Data           4  imu.o(.data)
    last_pitch_temp                          0x200000c4   Data           4  imu.o(.data)
    last_roll_temp                           0x200000c8   Data           4  imu.o(.data)
    yaw_angle                                0x200000cc   Data           4  imu.o(.data)
    pitch_angle                              0x200000d0   Data           4  imu.o(.data)
    roll_angle                               0x200000d4   Data           4  imu.o(.data)
    mangle                                   0x200000d8   Data           2  mpu6050_driver.o(.data)
    GyroSavedCaliData                        0x200000da   Data           7  mpu6050_driver.o(.data)
    HMC5883_lastx                            0x200000e4   Data           4  mpu6050_driver.o(.data)
    HMC5883_lasty                            0x200000e8   Data           4  mpu6050_driver.o(.data)
    HMC5883_lastz                            0x200000ec   Data           4  mpu6050_driver.o(.data)
    MPU6050_Lastax                           0x200000f0   Data           2  mpu6050_driver.o(.data)
    MPU6050_Lastay                           0x200000f2   Data           2  mpu6050_driver.o(.data)
    MPU6050_Lastaz                           0x200000f4   Data           2  mpu6050_driver.o(.data)
    MPU6050_Lastgx                           0x200000f6   Data           2  mpu6050_driver.o(.data)
    MPU6050_Lastgy                           0x200000f8   Data           2  mpu6050_driver.o(.data)
    MPU6050_Lastgz                           0x200000fa   Data           2  mpu6050_driver.o(.data)
    isMPU6050_is_DRY                         0x200000fc   Data           1  mpu6050_interrupt.o(.data)
    Chassis_para                             0x20000104   Data          24  wheel_speed.o(.data)
    sbus_rx_buffer                           0x20000124   Data          18  remote.o(.bss)
    RC_Ctl                                   0x20000136   Data          20  remote.o(.bss)
    para_get                                 0x2000014c   Data          32  usart3.o(.bss)
    para_rev_tem                             0x2000016c   Data          32  usart3.o(.bss)
    data_to_send                             0x2000018c   Data         255  usart3.o(.bss)
    RxBuffer                                 0x2000028b   Data         255  usart3.o(.bss)
    liner                                    0x2000038c   Data          12  usart3.o(.bss)
    angular                                  0x20000398   Data          12  usart3.o(.bss)
    Pid_temp                                 0x200003a4   Data          24  usart3.o(.bss)
    angle                                    0x200003bc   Data          12  imu.o(.bss)
    mygetqval                                0x200003c8   Data          36  imu.o(.bss)
    mpu_buf                                  0x200003fc   Data          20  mpu6050_driver.o(.bss)
    MPU6050_FIFO                             0x20000410   Data         132  mpu6050_driver.o(.bss)
    HMC5883_FIFO                             0x20000494   Data          66  mpu6050_driver.o(.bss)
    MPU6050_Raw_Data                         0x200004d6   Data          20  mpu6050_driver.o(.bss)
    MPU6050_Real_Data                        0x200004ec   Data          40  mpu6050_driver.o(.bss)
    AccSavedCaliData                         0x20000514   Data          19  mpu6050_driver.o(.bss)
    MagSavedCaliData                         0x20000527   Data          19  mpu6050_driver.o(.bss)
    ahrs                                     0x2000053c   Data          12  mpu6050_driver.o(.bss)
    MagMaxMinData                            0x20000548   Data          12  mpu6050_driver.o(.bss)
    Chassis_Control_Info                     0x20000554   Data          12  chassis_control.o(.bss)
    Chasis_Angular                           0x20000560   Data          28  chassis_control.o(.bss)
    delta                                    0x2000057c   Data          16  wheel_speed.o(.bss)
    TxMessage                                0x2000058c   Data          20  wheel_speed.o(.bss)
    Four_Wheel_Info                          0x200005a0   Data         252  wheel_speed.o(.bss)
    __initial_sp                             0x20000aa0   Data           0  startup_stm32f4xx.o(STACK)



==============================================================================

Memory Map of the image

  Image Entry point : 0x08000189

  Load Region LR_IROM1 (Base: 0x08000000, Size: 0x0000709c, Max: 0x00100000, ABSOLUTE)

    Execution Region ER_IROM1 (Base: 0x08000000, Size: 0x00006f78, Max: 0x00100000, ABSOLUTE)

    Base Addr    Size         Type   Attr      Idx    E Section Name        Object

    0x08000000   0x00000188   Data   RO          583    RESET               startup_stm32f4xx.o
    0x08000188   0x00000000   Code   RO          960  * .ARM.Collect$$$$00000000  mc_w.l(entry.o)
    0x08000188   0x00000004   Code   RO         1006    .ARM.Collect$$$$00000001  mc_w.l(entry2.o)
    0x0800018c   0x00000004   Code   RO         1009    .ARM.Collect$$$$00000004  mc_w.l(entry5.o)
    0x08000190   0x00000000   Code   RO         1011    .ARM.Collect$$$$00000008  mc_w.l(entry7b.o)
    0x08000190   0x00000000   Code   RO         1013    .ARM.Collect$$$$0000000A  mc_w.l(entry8b.o)
    0x08000190   0x00000008   Code   RO         1014    .ARM.Collect$$$$0000000B  mc_w.l(entry9a.o)
    0x08000198   0x00000000   Code   RO         1016    .ARM.Collect$$$$0000000D  mc_w.l(entry10a.o)
    0x08000198   0x00000000   Code   RO         1018    .ARM.Collect$$$$0000000F  mc_w.l(entry11a.o)
    0x08000198   0x00000004   Code   RO         1007    .ARM.Collect$$$$00002712  mc_w.l(entry2.o)
    0x0800019c   0x00000050   Code   RO            3    .text               main.o
    0x080001ec   0x0000001a   Code   RO          173    .text               stm32f4xx_it.o
    0x08000206   0x00000002   PAD
    0x08000208   0x00000224   Code   RO          240    .text               remote.o
    0x0800042c   0x000001b8   Code   RO          271    .text               can2.o
    0x080005e4   0x000000e4   Code   RO          299    .text               misc.o
    0x080006c8   0x00000ca2   Code   RO          319    .text               stm32f4xx_tim.o
    0x0800136a   0x00000002   PAD
    0x0800136c   0x00000588   Code   RO          359    .text               stm32f4xx_rcc.o
    0x080018f4   0x000009e8   Code   RO          437    .text               stm32f4xx_can.o
    0x080022dc   0x0000011c   Code   RO          457    .text               stm32f4xx_exti.o
    0x080023f8   0x0000025c   Code   RO          477    .text               stm32f4xx_gpio.o
    0x08002654   0x000003a4   Code   RO          497    .text               stm32f4xx_dma.o
    0x080029f8   0x0000041a   Code   RO          517    .text               stm32f4xx_usart.o
    0x08002e12   0x00000002   PAD
    0x08002e14   0x0000008c   Code   RO          537    .text               stm32f4xx_syscfg.o
    0x08002ea0   0x0000020c   Code   RO          557    .text               system_stm32f4xx.o
    0x080030ac   0x00000024   Code   RO          584    .text               startup_stm32f4xx.o
    0x080030d0   0x00000068   Code   RO          590    .text               led.o
    0x08003138   0x000007b0   Code   RO          616    .text               usart3.o
    0x080038e8   0x00000100   Code   RO          675    .text               delay.o
    0x080039e8   0x000001d8   Code   RO          703    .text               clock.o
    0x08003bc0   0x00000f80   Code   RO          730    .text               imu.o
    0x08004b40   0x00000860   Code   RO          762    .text               mpu6050_driver.o
    0x080053a0   0x00000348   Code   RO          798    .text               mpu6050_i2c.o
    0x080056e8   0x000000a4   Code   RO          827    .text               mpu6050_interrupt.o
    0x0800578c   0x00000384   Code   RO          853    .text               chassis_control.o
    0x08005b10   0x000001d0   Code   RO          889    .text               wheel_speed.o
    0x08005ce0   0x0000014e   Code   RO          963    .text               mf_w.l(dadd.o)
    0x08005e2e   0x000000e4   Code   RO          965    .text               mf_w.l(dmul.o)
    0x08005f12   0x000000de   Code   RO          967    .text               mf_w.l(ddiv.o)
    0x08005ff0   0x00000022   Code   RO          971    .text               mf_w.l(dflti.o)
    0x08006012   0x0000003e   Code   RO          973    .text               mf_w.l(dfixi.o)
    0x08006050   0x00000032   Code   RO          975    .text               mf_w.l(dfixui.o)
    0x08006082   0x00000026   Code   RO          977    .text               mf_w.l(f2d.o)
    0x080060a8   0x00000028   Code   RO          979    .text               mf_w.l(cdcmple.o)
    0x080060d0   0x00000028   Code   RO          981    .text               mf_w.l(cdrcmple.o)
    0x080060f8   0x00000038   Code   RO          983    .text               mf_w.l(d2f.o)
    0x08006130   0x0000001e   Code   RO         1020    .text               mc_w.l(llshl.o)
    0x0800614e   0x00000020   Code   RO         1022    .text               mc_w.l(llushr.o)
    0x0800616e   0x00000024   Code   RO         1024    .text               mc_w.l(llsshr.o)
    0x08006192   0x00000000   Code   RO         1033    .text               mc_w.l(iusefp.o)
    0x08006192   0x0000006c   Code   RO         1034    .text               mf_w.l(fepilogue.o)
    0x080061fe   0x000000be   Code   RO         1036    .text               mf_w.l(depilogue.o)
    0x080062bc   0x000000a2   Code   RO         1038    .text               mf_w.l(dsqrt.o)
    0x0800635e   0x00000002   PAD
    0x08006360   0x00000024   Code   RO         1040    .text               mc_w.l(init.o)
    0x08006384   0x00000030   Code   RO         1001    i.__ARM_fpclassify  m_wm.l(fpclassify.o)
    0x080063b4   0x00000004   PAD
    0x080063b8   0x00000370   Code   RO          916    i.__hardfp_asin     m_wm.l(asin.o)
    0x08006728   0x000002e8   Code   RO          985    i.__hardfp_atan     m_wm.l(atan.o)
    0x08006a10   0x000001e0   Code   RO          930    i.__hardfp_atan2    m_wm.l(atan2.o)
    0x08006bf0   0x00000014   Code   RO          942    i.__hardfp_fabs     m_wm.l(fabs.o)
    0x08006c04   0x0000007a   Code   RO          948    i.__hardfp_sqrt     m_wm.l(sqrt.o)
    0x08006c7e   0x000000f8   Code   RO         1003    i.__kernel_poly     m_wm.l(poly.o)
    0x08006d76   0x00000002   PAD
    0x08006d78   0x00000020   Code   RO          999    i.__mathlib_dbl_underflow  m_wm.l(dunder.o)
    0x08006d98   0x0000000e   Code   RO         1044    i.__scatterload_copy  mc_w.l(handlers.o)
    0x08006da6   0x00000002   Code   RO         1045    i.__scatterload_null  mc_w.l(handlers.o)
    0x08006da8   0x0000000e   Code   RO         1046    i.__scatterload_zeroinit  mc_w.l(handlers.o)
    0x08006db6   0x00000002   PAD
    0x08006db8   0x0000000c   Code   RO         1028    i.__set_errno       mc_w.l(errno.o)
    0x08006dc4   0x00000010   Code   RO          987    i.atan              m_wm.l(atan.o)
    0x08006dd4   0x00000020   Code   RO          944    i.fabs              m_wm.l(fabs.o)
    0x08006df4   0x0000006e   Code   RO          950    i.sqrt              m_wm.l(sqrt.o)
    0x08006e62   0x00000006   PAD
    0x08006e68   0x00000050   Data   RO          919    .constdata          m_wm.l(asin.o)
    0x08006eb8   0x00000098   Data   RO          988    .constdata          m_wm.l(atan.o)
    0x08006f50   0x00000008   Data   RO         1005    .constdata          m_wm.l(qnan.o)
    0x08006f58   0x00000020   Data   RO         1042    Region$$Table       anon$$obj.o


    Execution Region RW_IRAM1 (Base: 0x20000000, Size: 0x00000aa0, Max: 0x00020000, ABSOLUTE)

    Base Addr    Size         Type   Attr      Idx    E Section Name        Object

    0x20000000   0x00000004   Data   RW            4    .data               main.o
    0x20000004   0x00000004   Data   RW          242    .data               remote.o
    0x20000008   0x00000008   Data   RW          273    .data               can2.o
    0x20000010   0x00000010   Data   RW          360    .data               stm32f4xx_rcc.o
    0x20000020   0x00000014   Data   RW          558    .data               system_stm32f4xx.o
    0x20000034   0x00000020   Data   RW          618    .data               usart3.o
    0x20000054   0x00000004   Data   RW          676    .data               delay.o
    0x20000058   0x00000010   Data   RW          704    .data               clock.o
    0x20000068   0x00000070   Data   RW          732    .data               imu.o
    0x200000d8   0x00000024   Data   RW          764    .data               mpu6050_driver.o
    0x200000fc   0x00000001   Data   RW          828    .data               mpu6050_interrupt.o
    0x200000fd   0x00000003   PAD
    0x20000100   0x00000004   Data   RW          855    .data               chassis_control.o
    0x20000104   0x00000019   Data   RW          891    .data               wheel_speed.o
    0x2000011d   0x00000003   PAD
    0x20000120   0x00000004   Data   RW         1029    .data               mc_w.l(errno.o)
    0x20000124   0x00000026   Zero   RW          241    .bss                remote.o
    0x2000014a   0x00000002   PAD
    0x2000014c   0x00000270   Zero   RW          617    .bss                usart3.o
    0x200003bc   0x00000040   Zero   RW          731    .bss                imu.o
    0x200003fc   0x00000158   Zero   RW          763    .bss                mpu6050_driver.o
    0x20000554   0x00000028   Zero   RW          854    .bss                chassis_control.o
    0x2000057c   0x00000120   Zero   RW          890    .bss                wheel_speed.o
    0x2000069c   0x00000004   PAD
    0x200006a0   0x00000400   Zero   RW          581    STACK               startup_stm32f4xx.o


==============================================================================

Image component sizes


      Code (inc. data)   RO Data    RW Data    ZI Data      Debug   Object Name

       440         18          0          8          0       1709   can2.o
       900         66          0          4         40       4133   chassis_control.o
       472         48          0         16          0       1683   clock.o
       256         10          0          4          0       1345   delay.o
      3968        328          0        112         64       4633   imu.o
       104         10          0          0          0        499   led.o
        80          4          0          4          0     256751   main.o
       228         22          0          0          0       1769   misc.o
      2144         72          0         36        344      10676   mpu6050_driver.o
       840          4          0          0          0       3751   mpu6050_i2c.o
       164          8          0          1          0       1123   mpu6050_interrupt.o
       548         42          0          4         38       2012   remote.o
        36          8        392          0       1024        788   startup_stm32f4xx.o
      2536         36          0          0          0       7896   stm32f4xx_can.o
       932         32          0          0          0       6225   stm32f4xx_dma.o
       284         10          0          0          0       2227   stm32f4xx_exti.o
       604         36          0          0          0       4021   stm32f4xx_gpio.o
        26          0          0          0          0     267310   stm32f4xx_it.o
      1416         48          0         16          0     263003   stm32f4xx_rcc.o
       140         12          0          0          0       1647   stm32f4xx_syscfg.o
      3234         60          0          0          0      22252   stm32f4xx_tim.o
      1050         26          0          0          0       7724   stm32f4xx_usart.o
       524         44          0         20          0       1747   system_stm32f4xx.o
      1968         68          0         32        624       6917   usart3.o
       464         30          0         25        288       3212   wheel_speed.o

    ----------------------------------------------------------------------
     23364       1042        424        288       2428     885053   Object Totals
         0          0         32          0          0          0   (incl. Generated)
         6          0          0          6          6          0   (incl. Padding)

    ----------------------------------------------------------------------

      Code (inc. data)   RO Data    RW Data    ZI Data      Debug   Library Member Name

       880        106         80          0          0        200   asin.o
       760        108        152          0          0        344   atan.o
       480         64          0          0          0        156   atan2.o
        32          8          0          0          0        124   dunder.o
        52          0          0          0          0        248   fabs.o
        48          0          0          0          0        124   fpclassify.o
       248          0          0          0          0        152   poly.o
         0          0          8          0          0          0   qnan.o
       232          0          0          0          0        296   sqrt.o
         0          0          0          0          0          0   entry.o
         0          0          0          0          0          0   entry10a.o
         0          0          0          0          0          0   entry11a.o
         8          4          0          0          0          0   entry2.o
         4          0          0          0          0          0   entry5.o
         0          0          0          0          0          0   entry7b.o
         0          0          0          0          0          0   entry8b.o
         8          4          0          0          0          0   entry9a.o
        12          6          0          4          0         68   errno.o
        30          0          0          0          0          0   handlers.o
        36          8          0          0          0         68   init.o
         0          0          0          0          0          0   iusefp.o
        30          0          0          0          0         68   llshl.o
        36          0          0          0          0         68   llsshr.o
        32          0          0          0          0         68   llushr.o
        40          2          0          0          0         68   cdcmple.o
        40          2          0          0          0         68   cdrcmple.o
        56          0          0          0          0         88   d2f.o
       334          0          0          0          0        148   dadd.o
       222          0          0          0          0        100   ddiv.o
       190          0          0          0          0        176   depilogue.o
        62          0          0          0          0         80   dfixi.o
        50          0          0          0          0         76   dfixui.o
        34          0          0          0          0         76   dflti.o
       228          0          0          0          0         96   dmul.o
       162          0          0          0          0        100   dsqrt.o
        38          0          0          0          0         68   f2d.o
       108          0          0          0          0        168   fepilogue.o

    ----------------------------------------------------------------------
      4508        312        240          4          0       3296   Library Totals
        16          0          0          0          0          0   (incl. Padding)

    ----------------------------------------------------------------------

      Code (inc. data)   RO Data    RW Data    ZI Data      Debug   Library Name

      2732        286        240          0          0       1644   m_wm.l
       196         22          0          4          0        340   mc_w.l
      1564          4          0          0          0       1312   mf_w.l

    ----------------------------------------------------------------------
      4508        312        240          4          0       3296   Library Totals

    ----------------------------------------------------------------------

==============================================================================


      Code (inc. data)   RO Data    RW Data    ZI Data      Debug   

     27872       1354        664        292       2428     881969   Grand Totals
     27872       1354        664        292       2428     881969   ELF Image Totals
     27872       1354        664        292          0          0   ROM Totals

==============================================================================

    Total RO  Size (Code + RO Data)                28536 (  27.87kB)
    Total RW  Size (RW Data + ZI Data)              2720 (   2.66kB)
    Total ROM Size (Code + RO Data + RW Data)      28828 (  28.15kB)

==============================================================================

